Deleted score: Kristian Fichter 11 Torrey Pines
Deleted score: Matt Sparks 11 Torrey Pines
Deleted score: Leanne Schmunk 11 Torrey Pines
Deleted score: D.E. L. 2 Torrey Pines
Deleted score: Désirée Sterling 1 Soledad Mtn Rd
Changed rank James Frentress San_Diego 245 to 117
Changed rank Gretchen Stumhofer San_Diego 117 to 118
Changed rank Ben Hayes ☼ Moment Bicycles San_Diego 118 to 119
Changed rank Steve Klasna San_Diego 119 to 120
Changed rank Renee Robinson San_Diego 120 to 121
Changed rank Nick Onate San_Diego 121 to 122
Changed rank Oleg ★ Descenders San_Diego 122 to 123
Changed rank James McLaughlin ☼ Moment San_Diego 123 to 124
Changed rank Stephane Beauvais San_Diego 124 to 125
Changed rank Gianpana Ferraro San_Diego 125 to 126
Changed rank David Waters San_Diego 126 to 127
Changed rank Peter Huot San_Diego 127 to 128
Changed rank Greg Sherwin San_Diego 128 to 129
Changed rank trevor gerhardt San_Diego 129 to 130
Changed rank Zeb Brown San_Diego 130 to 131
Changed rank Alex Deregules San_Diego 131 to 132
Changed rank Ajay Sapre San_Diego 132 to 133
Changed rank Loren Seery San_Diego 133 to 134
Changed rank Jeff Dahlen San_Diego 134 to 135
Changed rank Mark Helvie San_Diego 135 to 136
Changed rank Ms Molasses San_Diego 136 to 137
Changed rank Paul Micou San_Diego 137 to 138
Changed rank Kyle  Kirby San_Diego 138 to 139
Changed rank ryan johnson - Celo Pacific San_Diego 139 to 140
Changed rank Greg Parker San_Diego 140 to 141
Changed rank John Meyer San_Diego 141 to 142
Changed rank Hank Morton San_Diego 142 to 143
Changed rank Ken Rodriguez San_Diego 143 to 144
Changed rank Mike Martin San_Diego 144 to 145
Changed rank Steven Hartt San_Diego 145 to 146
Changed rank Judd Feiler  ☼

Moment San_Diego 146 to 147
Changed rank Nathan Samora San_Diego 147 to 148
Changed rank Dmitri Journist San_Diego 148 to 149
Changed rank Chris  Campagnoni San_Diego 149 to 150
Changed rank Robert Willcox San_Diego 150 to 151
Changed rank Daniel Osborne San_Diego 151 to 152
Changed rank Peter Beck San_Diego 152 to 153
Changed rank Neil Wilson San_Diego 153 to 154
Changed rank Robert Poulet San_Diego 154 to 155
Changed rank aaron levin San_Diego 155 to 156
Changed rank James Walsh San_Diego 156 to 157
Changed rank Peter Abbott San_Diego 157 to 158
Changed rank Ben Travis San_Diego 158 to 159
Changed rank Juan Cisneros San_Diego 159 to 160
Changed rank Jeremy Hanson San_Diego 160 to 161
Changed rank Dehnis DelaCruz - SDBC/Emerald Textiles San_Diego 161 to 162
Changed rank Alexis Arthur San_Diego 162 to 163
Changed rank Esther Walker San_Diego 163 to 164
Changed rank jeff schoellerman San_Diego 164 to 165
Changed rank Greg Ronlov San_Diego 165 to 166
Changed rank •SDSU Cycling• CS Battle San_Diego 166 to 167
Changed rank Matthew Siegfried San_Diego 167 to 168
Changed rank VeloAverage Riders San_Diego 168 to 169
Changed rank John Stechschulte San_Diego 169 to 170
Changed rank Steve Tilford San_Diego 170 to 171
Changed rank Chris Haringer San_Diego 171 to 172
Changed rank Hans Lieber [CDM Coaching] San_Diego 172 to 173
Changed rank Trevor Garson San_Diego 173 to 174
Changed rank Chris Burnham San_Diego 174 to 175
Changed rank todd struyk San_Diego 175 to 176
Changed rank Michael  Gravelle San_Diego 176 to 177
Changed rank Bill Presant San_Diego 177 to 178
Changed rank Terry Johnes ☼ Moment Racing San_Diego 178 to 179
Changed rank Grant Rotunda San_Diego 179 to 180
Changed rank Bill Haynsworth San_Diego 180 to 181
Changed rank RPG * San_Diego 181 to 182
Changed rank Stephen Roehrs San_Diego 182 to 183
Changed rank Andres Spagarino San_Diego 183 to 184
Changed rank Gary Johnston San_Diego 184 to 185
Changed rank Billy Esoy San_Diego 185 to 186
Changed rank Richard La China | TEAM NINJA San_Diego 186 to 187
Changed rank jamie henning - Service Course SD / Bahati Foundation Racing San_Diego 187 to 188
Changed rank Steve O San_Diego 188 to 189
Changed rank Amy Cutler San_Diego 189 to 190
Changed rank Kevin Rose San_Diego 190 to 191
Changed rank Isak Reines San_Diego 191 to 192
Changed rank George Roussos San_Diego 192 to 193
Changed rank Rotem Cooper San_Diego 193 to 194
Changed rank David Crabb  San_Diego 194 to 195
Changed rank Taso Iosifidis San_Diego 195 to 196
Changed rank Don Dennis San_Diego 196 to 197
Changed rank Kevin Connors San_Diego 197 to 198
Changed rank Josh D San_Diego 198 to 199
Changed rank Robert Sevilla San_Diego 199 to 200
Changed rank Ed Burnett San_Diego 200 to 201
Changed rank Mark Winn San_Diego 201 to 202
Changed rank Stephane Roch San_Diego 202 to 203
Changed rank Michael Ash  (Velo Hangar) San_Diego 203 to 204
Changed rank Doug Dommermuth San_Diego 204 to 205
Changed rank Jonathan Frost San_Diego 205 to 206
Changed rank Andrew LeBeau "Wolf Pack Cycling" San_Diego 206 to 207
Changed rank Kenneth Bell San_Diego 207 to 208
Changed rank justin marche San_Diego 208 to 209
Changed rank Laura Calderon San_Diego 209 to 210
Changed rank Vassili Kotlov San_Diego 210 to 211
Changed rank Kyle Carscaden San_Diego 211 to 212
Changed rank Tim Lutz San_Diego 212 to 213
Changed rank Aaron Bieker San_Diego 213 to 214
Changed rank Scott Smith San_Diego 214 to 215
Changed rank Vince Pham TRU Cycling/ UCSD San_Diego 215 to 216
Changed rank Kurt Talke San_Diego 216 to 217
Changed rank Steve Folio San_Diego 217 to 218
Changed rank gerald bracht San_Diego 218 to 219
Changed rank athena countouriotis San_Diego 219 to 220
Changed rank Derek Ostertag (SDBC/Emerald Textiles) San_Diego 220 to 221
Changed rank Stephen How San_Diego 221 to 222
Changed rank Kurt Richards San_Diego 222 to 223
Changed rank Jeffrey Alexander San_Diego 223 to 224
Changed rank evyn b San_Diego 224 to 225
Changed rank Jeremy Stromsoe ☼ Moment San_Diego 225 to 226
Changed rank Joe Hewitt San_Diego 226 to 227
Changed rank Marcio Ribenboim San_Diego 227 to 228
Changed rank Darryl Sykes San_Diego 228 to 229
Changed rank David Glazier San_Diego 229 to 230
Changed rank Jim Miller San_Diego 230 to 231
Changed rank quiet storm San_Diego 231 to 232
Changed rank August McKenzie San_Diego 232 to 233
Changed rank Gary Siuzdak San_Diego 233 to 234
Changed rank Rob McPhee San_Diego 234 to 235
Changed rank Steve Gillespie San_Diego 235 to 236
Changed rank allan recupero San_Diego 236 to 237
Changed rank Matt Walsh San_Diego 237 to 238
Changed rank Phillip Halpern San_Diego 238 to 239
Changed rank Aaron Morgulis ☼ Moment San_Diego 239 to 240
Changed rank Brad Eastham San_Diego 240 to 241
Changed rank Andrew Shore San_Diego 241 to 242
Changed rank john makis San_Diego 242 to 243
Changed rank Jack Shannon San_Diego 243 to 244
Changed rank Gergo Hajba San_Diego 244 to 245
Changed rank Rand Wassem San_Diego 278 to 259
Changed rank Tim OLeary San_Diego 259 to 260
Changed rank David Whybrew San_Diego 260 to 261
Changed rank Brian Kneebone San_Diego 261 to 262
Changed rank Christopher  Zigmont San_Diego 262 to 263
Changed rank Geoff Harris San_Diego 263 to 264
Changed rank Kevin Heinly San_Diego 264 to 265
Changed rank Freddy LINDO>> San_Diego 265 to 266
Changed rank Mark 马刻 Mehlitron San_Diego 266 to 267
Changed rank Wiley Hemphill San_Diego 267 to 268
Changed rank Steven Burke San_Diego 268 to 269
Changed rank James Thornbrue San_Diego 269 to 270
Changed rank Jason Rahlwes San_Diego 270 to 271
Changed rank Kat Ellis San_Diego 271 to 272
Changed rank Norm Guay San_Diego 272 to 273
Changed rank Trevor Heithoff San_Diego 273 to 274
Changed rank Logan Bass - SDBC/Emerald Textiles p/b UC Cyclery San_Diego 274 to 275
Changed rank Dave Nicolai San_Diego 275 to 276
Changed rank Serg - Team Moment Racing San_Diego 276 to 277
Changed rank Greg Pollard San_Diego 277 to 278
Changed rank Jim England San_Diego 394 to 280
Changed rank Chad Anthony San_Diego 280 to 281
Changed rank Fred Vehorn San_Diego 281 to 282
Changed rank Mitchell Davis San_Diego 282 to 283
Changed rank Zach Cumming San_Diego 283 to 284
Changed rank Dallas Stapleton San_Diego 284 to 285
Changed rank George Harris San_Diego 285 to 286
Changed rank James MacDonald San_Diego 286 to 287
Changed rank Isaiah Freerksen San_Diego 287 to 288
Changed rank Mike Matz San_Diego 288 to 289
Changed rank Manuel Gil San_Diego 289 to 290
Changed rank Brian Sauer San_Diego 290 to 291
Changed rank Ben Arena - SDBC/Emerald Textiles San_Diego 291 to 292
Changed rank Rick Bienias  - ElliptiGO San_Diego 292 to 293
Changed rank Curt  Shelman San_Diego 293 to 294
Changed rank Tony Lowery San_Diego 294 to 295
Changed rank Andrew Weil San_Diego 295 to 296
Changed rank Ian Storer San_Diego 296 to 297
Changed rank Svend Erik Horg San_Diego 297 to 298
Changed rank DJ Snicklefritz Clement San_Diego 298 to 299
Changed rank Jason Henry San_Diego 299 to 300
Changed rank •SDSU Cycling• David Jantz San_Diego 300 to 301
Changed rank sean rocheleau San_Diego 301 to 302
Changed rank Cliff Green **Enron Cycling** San_Diego 302 to 303
Changed rank Tim Niegocki San_Diego 303 to 304
Changed rank Gregg Sprosty San_Diego 304 to 305
Changed rank Jason Campbell San_Diego 305 to 306
Changed rank Alex Trottier San_Diego 306 to 307
Changed rank Adam Sokolic San_Diego 307 to 308
Changed rank Dav -id San_Diego 308 to 309
Changed rank Rosalind Morehead San_Diego 309 to 310
Changed rank Erin Gunn San_Diego 310 to 311
Changed rank Blair Messner San_Diego 311 to 312
Changed rank Matt Baker San_Diego 312 to 313
Changed rank Kevin Baker San_Diego 313 to 314
Changed rank Isaac Sanchez San_Diego 314 to 315
Changed rank Mike Yip San_Diego 315 to 316
Changed rank Argon Rider San_Diego 316 to 317
Changed rank Drew Rosales San_Diego 317 to 318
Changed rank jonnyknight ✌  San_Diego 318 to 319
Changed rank Coen Rijpma San_Diego 319 to 320
Changed rank Darren Goff San_Diego 320 to 321
Changed rank Xavier C San_Diego 321 to 322
Changed rank Dennis Cottreau San_Diego 322 to 323
Changed rank Timothy Dunnigan San_Diego 323 to 324
Changed rank Mark Caporale San_Diego 324 to 325
Changed rank Kasra Ghaharian San_Diego 325 to 326
Changed rank Brady Gibney - Cadence Cycling San_Diego 326 to 327
Changed rank Jordan Cheyne San_Diego 327 to 328
Changed rank Conway ^ San_Diego 328 to 329
Changed rank David Berg San_Diego 329 to 330
Changed rank Lindsey Furtado San_Diego 330 to 331
Changed rank E Baker San_Diego 331 to 332
Changed rank gianni cinquedita Cal San_Diego 332 to 333
Changed rank Sir Plankton (UCC / JW Floors Racing Team) San_Diego 333 to 334
Changed rank Loren Schaeffer San_Diego 334 to 335
Changed rank David Dawson San_Diego 335 to 336
Changed rank Matt Babb San_Diego 336 to 337
Changed rank Cesar Mora Q.     UCC-JW Floors Racing San_Diego 337 to 338
Changed rank andrew leon San_Diego 338 to 339
Changed rank Larry Tanzo San_Diego 339 to 340
Changed rank Brent Peebles San_Diego 340 to 341
Changed rank Alexandre Vialle San_Diego 341 to 342
Changed rank Jacob Meyer *Team Veloz* San_Diego 342 to 343
Changed rank john lear San_Diego 343 to 344
Changed rank LH SPY/GIANT/RIDE p/b GQ-6 San_Diego 344 to 345
Changed rank Clyde J.  Wright San_Diego 345 to 346
Changed rank Jeremy Preston San_Diego 346 to 347
Changed rank Sean Lee San_Diego 347 to 348
Changed rank Adam Pacal San_Diego 348 to 349
Changed rank Kirk Albers San_Diego 349 to 350
Changed rank John Abate San_Diego 350 to 351
Changed rank Gregory Harper San_Diego 351 to 352
Changed rank Aaron Hauck San_Diego 352 to 353
Changed rank Rob - PAA/Empire Bikes San_Diego 353 to 354
Changed rank Bob  Brana San_Diego 354 to 355
Changed rank Lauri Takacsi-Nagy San_Diego 355 to 356
Changed rank Anthony Vasilas San_Diego 356 to 357
Changed rank Joel Price San_Diego 357 to 358
Changed rank Nick Perhala San_Diego 358 to 359
Changed rank ryan petker San_Diego 359 to 360
Changed rank MC Nick  nbbikes San_Diego 360 to 361
Changed rank Mike Privett San_Diego 361 to 362
Changed rank J J San_Diego 362 to 363
Changed rank Mitchell Hall San_Diego 363 to 364
Changed rank Matt Rivers - SDBC/Emerald Textiles San_Diego 364 to 365
Changed rank Brit Richardson San_Diego 365 to 366
Changed rank Trent Ford_.blackstarraceteam.com/Rock N Road San_Diego 366 to 367
Changed rank Brian Frazier San_Diego 367 to 368
Changed rank Tim (Lutefisk Dinner) Sch... San_Diego 368 to 369
Changed rank David  Stowell San_Diego 369 to 370
Changed rank Joseph Olivier San_Diego 370 to 371
Changed rank James Gunn-Wilkinson San_Diego 371 to 372
Changed rank Ben Raymond ∞ Catalyst Racing San_Diego 372 to 373
Changed rank Josh Benjamin San_Diego 373 to 374
Changed rank Chris Stoner San_Diego 374 to 375
Changed rank SDSU TRI- Josh Woods San_Diego 375 to 376
Changed rank Matthew Luckie San_Diego 376 to 377
Changed rank Dave Gonyer San_Diego 377 to 378
Changed rank Dan Mahlum San_Diego 378 to 379
Changed rank Thurlow Rogers San_Diego 379 to 380
Changed rank Jeff Southerton * Descenders San_Diego 380 to 381
Changed rank Jurgen "Mouse Pack Riding" San_Diego 381 to 382
Changed rank Enrico Marchionni San_Diego 382 to 383
Changed rank Lukas Colberg San_Diego 383 to 384
Changed rank Michael Hines HotWheelsFactory San_Diego 384 to 385
Changed rank Philip Tinstman San_Diego 385 to 386
Changed rank Robert Fisher San_Diego 386 to 387
Changed rank Tom Guieb San_Diego 387 to 388
Changed rank Ryan Brizzolara San_Diego 388 to 389
Changed rank Jarrod Stonham San_Diego 389 to 390
Changed rank Ben Rathkamp San_Diego 390 to 391
Changed rank Joseph Adachi San_Diego 391 to 392
Changed rank S Jurm San_Diego 392 to 393
Changed rank L. S. San_Diego 393 to 394
Changed rank Dave Cynkin San_Diego -1 to 521
Changed rank CHRIS PREVOST San_Diego 521 to 522
Changed rank Ryland Lyons San_Diego 522 to 523
Changed rank Chad DeGange San_Diego 523 to 524
Changed rank Hermann Schäfer  San_Diego 524 to 525
Changed rank Walter Phillips San_Diego 525 to 526
Changed rank Phillip Gray - Celo Pacific San_Diego 526 to 527
Changed rank Heart Attack San_Diego 527 to 528
Changed rank Didier Sagan San_Diego 528 to 529
Changed rank Jeff Fejfar San_Diego 529 to 530
Changed rank steve geyer San_Diego 530 to 531
Changed rank amy schultz San_Diego 531 to 532
Changed rank Neal Harder San_Diego 532 to 533
Changed rank BEANIE ONEILL San_Diego 533 to 534
Changed rank Kenneth Hsiueh San_Diego 534 to 535
Changed rank John Donnelly San_Diego 535 to 536
Changed rank Trevor Jahn San_Diego 536 to 537
Changed rank Ken Winston San_Diego 537 to 538
Changed rank Michael Connolly San_Diego 538 to 539
Changed rank Ian Gill San_Diego 539 to 540
Changed rank R A Y San_Diego 540 to 541
Changed rank Juan Carlos #24amputeeathlete   Hernandez (@Istumpdesigns) San_Diego 541 to 542
Changed rank OnlyMetal IsMetal San_Diego 542 to 543
Changed rank senor jimmy San_Diego 543 to 544
Changed rank Bryce Nesbitt San_Diego 544 to 545
Changed rank Casey Skidmore San_Diego 545 to 546
Changed rank Michael Karres San_Diego 546 to 547
Changed rank Adolfo Gonzalez *Team Veloz* San_Diego 547 to 548
Changed rank Geoff Baynes, Celo Pacific San_Diego 548 to 549
Changed rank Wil Beaty San_Diego 549 to 550
Changed rank Tim Cooper San_Diego 550 to 551
Changed rank Bill Hammond - SDBC/Emerald Textiles San_Diego 551 to 552
Changed rank Bogie B San_Diego 552 to 553
Changed rank Marcus Svensson San_Diego 553 to 554
Changed rank Jason Ryan - Team Zoot  San_Diego 554 to 555
Changed rank Jason Levitt San_Diego 555 to 556
Changed rank john coble San_Diego 556 to 557
Changed rank Mark Dolan San_Diego 557 to 558
Changed rank Brandon Elliott San_Diego 558 to 559
Changed rank Daniel Cipriani *Wolf Pack Cycling* San_Diego 559 to 560
Changed rank Andy Alli San_Diego 560 to 561
Changed rank Ivan Vam San_Diego 561 to 562
Changed rank Marcos G. San_Diego 562 to 563
Changed rank Jeff Seago San_Diego 563 to 564
Changed rank Nick Bernal San_Diego 564 to 565
Changed rank David Dubowitz San_Diego 565 to 566
Changed rank Josh Geib San_Diego 566 to 567
Changed rank Peter Schrock San_Diego 567 to 568
Changed rank Ross Kerr San_Diego 568 to 569
Changed rank Eric Rehberg CAL GIANT San_Diego 569 to 570
Changed rank Drake Hawthorne San_Diego 570 to 571
Changed rank Tanya G San_Diego 571 to 572
Changed rank Seth Graham San_Diego 572 to 573
Changed rank Mark Rainer San_Diego 573 to 574
Changed rank Justin Ellis San_Diego 574 to 575
Changed rank Theo Wegman San_Diego 575 to 576
Changed rank Doink Ahanahue San_Diego 576 to 577
Changed rank Kelly Swanberg San_Diego 577 to 578
Changed rank Joel Franklin San_Diego 578 to 579
Changed rank Daniel Zitter San_Diego 579 to 580
Changed rank Lindsay Hamoudi San_Diego 580 to 581
Changed rank Bob  White San_Diego 581 to 582
Changed rank Ian Schick San_Diego 582 to 583
Changed rank Herb Lowe San_Diego 583 to 584
Changed rank Safa Brian San_Diego 584 to 585
Changed rank Mike McCluney - IMPACT Racing San_Diego 585 to 586
Changed rank Matthew Perry San_Diego 586 to 587
Changed rank James Bishop San_Diego 587 to 588
Changed rank Trent Olsen  San_Diego 588 to 589
Changed rank Jaime Castillo San_Diego 589 to 590
Changed rank Mrglenn Abille  San_Diego 590 to 591
Changed rank Jonathan Davis - SDBC/Emerald Textiles San_Diego 591 to 592
Changed rank Michael Page San_Diego 592 to 593
Changed rank Ken Rideout San_Diego 593 to 594
Changed rank Michael Kassow San_Diego 594 to 595
Changed rank Charles Negus San_Diego 595 to 596
Changed rank Jason Karavidas | HT Bikes Tri Team San_Diego 596 to 597
Changed rank Nick Oliver San_Diego 597 to 598
Changed rank Andy McMillin San_Diego 598 to 599
Changed rank Steve Floyd  San_Diego 599 to 600
Changed rank Nick Faupel San_Diego 600 to 601
Changed rank Rick Bienias * Descenders San_Diego 601 to 602
Changed rank Eric Marenburg San_Diego 602 to 603
Changed rank Alex Pregler San_Diego 603 to 604
Changed rank Canadian Chris San_Diego 604 to 605
Changed rank Max F San_Diego 605 to 606
Changed rank R Schultz San_Diego 606 to 607
Changed rank greg reed San_Diego 607 to 608
Changed rank Kristian Fichter San_Diego 608 to 624
Changed rank Dave Horwitz San_Diego 624 to 625
Changed rank Paul Brockland San_Diego 625 to 626
Changed rank Jordan Lara San_Diego 626 to 627
Changed rank Aaron Walker San_Diego 627 to 628
Changed rank daniel yeager San_Diego 628 to 629
Changed rank Paul Rios-Mellow Johnny's San_Diego 629 to 630
Changed rank Sean K San_Diego 630 to 631
Changed rank •SDSU Cycling• R&S! Vargas San_Diego 631 to 632
Changed rank Steven M San_Diego 632 to 633
Changed rank Jack Hines San_Diego 633 to 634
Changed rank Ian Blake San_Diego 634 to 635
Changed rank Alex Reich San_Diego 635 to 636
Changed rank nick iannetta San_Diego 636 to 637
Changed rank $$$ Mohammad Brick Squad Charara / UCLA Triathlon / BIKE IMPROVE $$$ San_Diego 637 to 638
Changed rank Greg Kubitz - UCLA Triathlon - Bike Improve San_Diego 638 to 639
Changed rank The Triple B San_Diego 639 to 640
Changed rank William Burley San_Diego 640 to 641
Changed rank b2b .  San_Diego 641 to 642
Changed rank Mark Tripp San_Diego 642 to 643
Changed rank ■ Dos Llantas ■ Nick Brock San_Diego 643 to 644
Changed rank DEKE MCLEOD San_Diego 644 to 645
Changed rank Curtis Allen San_Diego 645 to 646
Changed rank Janis I San_Diego 646 to 647
Changed rank Jason Stofleth San_Diego 647 to 648
Changed rank David Cuban San_Diego 648 to 649
Changed rank Trevor Dowd San_Diego 649 to 650
Changed rank chris down | HotWheelsFactory San_Diego 650 to 651
Changed rank ciaran doheny San_Diego 651 to 652
Changed rank Lee Frankel San_Diego 652 to 653
Changed rank xXx Dylan - UCLA Triathlon - Quixotic Racing - Bike Improve - Bridges-Oliva - xXx San_Diego 653 to 654
Changed rank Keith Moore San_Diego 654 to 655
Changed rank Don Parsons San_Diego 655 to 656
Changed rank Sean Finley San_Diego 656 to 657
Changed rank Bryan Ramos San_Diego 657 to 658
Changed rank Marc Prevot San_Diego 658 to 659
Changed rank •SDSU Cycling• Colin M. San_Diego 659 to 660
Changed rank Ray Snoke/Team Ninja San_Diego 660 to 661
Changed rank Dennis Dalangin San_Diego 661 to 662
Changed rank Alwin Szeto San_Diego 662 to 663
Changed rank Gina Mesa San_Diego 663 to 664
Changed rank Rick Barry San_Diego 664 to 665
Changed rank jussi oksanen San_Diego 665 to 666
Changed rank bill jones San_Diego 666 to 667
Changed rank Peter Leitel San_Diego 667 to 668
Changed rank Robert Gonzalez San_Diego 668 to 669
Changed rank Robert Gutzwiller San_Diego 669 to 670
Changed rank Tyler Hanel San_Diego 670 to 671
Changed rank Chintan Turakhia San_Diego 671 to 672
Changed rank Marty Sedluk San_Diego 672 to 673
Changed rank Pascal B San_Diego 673 to 674
Changed rank michael salvacion San_Diego 674 to 675
Changed rank G M San_Diego 675 to 676
Changed rank Steve Martin San_Diego 676 to 677
Changed rank Brent Chicoine San_Diego 677 to 678
Changed rank sara liebert San_Diego 678 to 679
Changed rank jeff miller San_Diego 679 to 680
Changed rank michael levere San_Diego 680 to 681
Changed rank jamison m San_Diego 681 to 682
Changed rank matt spohn San_Diego 682 to 683
Changed rank Cynthia Carson San_Diego 683 to 684
Changed rank Adam Harita San_Diego 684 to 685
Changed rank Jon Hornbeck San_Diego 685 to 686
Changed rank Tina Willmore Logan San_Diego 686 to 687
Changed rank william tinmouth San_Diego 687 to 688
Changed rank Richard Sweet San_Diego 688 to 689
Changed rank Hunter Sweet San_Diego 689 to 690
Changed rank Slo Ride San_Diego 690 to 691
Changed rank Ric P San_Diego 691 to 692
Changed rank Matt Britten San_Diego 692 to 693
Changed rank Shawn Morelli San_Diego 693 to 694
Changed rank William Turek San_Diego 694 to 695
Changed rank Brad Comeau San_Diego 695 to 696
Changed rank Daryl Oya San_Diego 696 to 697
Changed rank Curtis Van Kummer San_Diego 697 to 698
Changed rank Tim Kilgallon San_Diego 698 to 699
Changed rank Paul Butler ✳️ San_Diego 699 to 700
Changed rank Michael Le Rossignol San_Diego 700 to 701
Changed rank douglas krutil_SDBC/Emerald Textiles San_Diego 701 to 702
Changed rank Chris Hupfeld San_Diego 702 to 703
Changed rank Steve Peppard San_Diego 703 to 704
Changed rank Chris Snow San_Diego 704 to 705
Changed rank Dave Cairncross San_Diego 705 to 706
Changed rank Alex Zook San_Diego 706 to 707
Changed rank Captain Petard San_Diego 707 to 708
Changed rank Sam Schmidt San_Diego 708 to 709
Changed rank jose ronualdo bacani San_Diego 709 to 710
Changed rank Gio Nuevocosa San_Diego 710 to 711
Changed rank Ryan Drew San_Diego 711 to 712
Changed rank Pat Murray San_Diego 712 to 713
Changed rank keith stebbins San_Diego 713 to 714
Changed rank Brian Quan San_Diego 714 to 715
Changed rank Dale Watkins San_Diego 715 to 716
Changed rank Brett Meinzinger San_Diego 716 to 717
Changed rank Billy C. III San_Diego 717 to 718
Changed rank Mike Capozza San_Diego 718 to 719
Changed rank Robert Molinari San_Diego 719 to 720
Changed rank Ben Wolf * SDBC/Emerald Textiles San_Diego 720 to 721
Changed rank Laurence Brill San_Diego 721 to 722
Changed rank Christopher Wright San_Diego 722 to 723
Changed rank Jose Cafe San_Diego 723 to 724
Changed rank Ryan D12 San_Diego 724 to 725
Changed rank Pablo Wells San_Diego 725 to 726
Changed rank Robert Bushner-Swamis Cycling Club San_Diego 726 to 727
Changed rank Dan Smith San_Diego 727 to 728
Changed rank James Doyle San_Diego 728 to 729
Changed rank Nick Baker San_Diego 729 to 730
Changed rank Rolf Broge San_Diego 730 to 731
Changed rank Lori Nedescu San_Diego 731 to 732
Changed rank Keith Sherwood San_Diego 732 to 733
Changed rank Born To Shine (619)     Brian Scarbrough San_Diego 733 to 734
Changed rank Hap Seliga San_Diego 734 to 735
Changed rank David Goehring San_Diego 735 to 736
Changed rank David Jauregui San_Diego 736 to 737
Changed rank Nathan Miller San_Diego 737 to 738
Changed rank joey mags San_Diego 738 to 739
Changed rank Micah Vasko San_Diego 739 to 740
Changed rank Ray Mundo San_Diego 740 to 741
Changed rank JIM H San_Diego 741 to 742
Changed rank paul witt San_Diego 742 to 743
Changed rank •SDSU Cycling• Noah Peters San_Diego 743 to 744
Changed rank Daniel Gonzalez San_Diego 744 to 745
Changed rank Russell Weber San_Diego 745 to 746
Changed rank Hans Littooy San_Diego 746 to 747
Changed rank Geoff Lillegraven San_Diego 747 to 748
Changed rank Medena Knespl San_Diego 748 to 749
Changed rank PinSer 1 San_Diego 749 to 750
Changed rank Ryan Weaver San_Diego 750 to 751
Changed rank Mister Fixie San_Diego 751 to 752
Changed rank Nick Bokhoven San_Diego 752 to 753
Changed rank jose rojas San_Diego 753 to 754
Changed rank Rachel Hayes San_Diego 754 to 755
Changed rank G man San_Diego 755 to 756
Changed rank Michael MacFadden San_Diego 756 to 757
Changed rank METAL ‡ San_Diego 757 to 758
Changed rank Jeff Ohmes San_Diego 758 to 759
Changed rank C C San_Diego 759 to 760
Changed rank Jim Swigart San_Diego 760 to 761
Changed rank roger leszczynski San_Diego 761 to 762
Changed rank Chris Twitty San_Diego 762 to 763
Changed rank Jorge Ayala San_Diego 763 to 764
Changed rank Mauricio Romero San_Diego 764 to 765
Changed rank Nate Davidson ~ San_Diego 765 to 766
Changed rank Will King San_Diego 766 to 767
Changed rank Jon Tarleton San_Diego 767 to 768
Changed rank Reed Mayne San_Diego 768 to 769
Changed rank Aaron Sager San_Diego 769 to 770
Changed rank Tyler Seppanen San_Diego 770 to 771
Changed rank Ross Stensrud San_Diego 771 to 772
Changed rank Dathan Atchison San_Diego 772 to 773
Changed rank James Smittkamp San_Diego 773 to 774
Changed rank Ryan Alfred San_Diego 774 to 775
Changed rank JJ Mad San_Diego 775 to 776
Changed rank Gerry Marvin San_Diego 776 to 777
Changed rank Joe Dalton San_Diego 777 to 778
Changed rank john haerr San_Diego 778 to 779
Changed rank alex ayling San_Diego 779 to 780
Changed rank Owen Do San_Diego 780 to 781
Changed rank Paul Andrews San_Diego 781 to 782
Changed rank Oscar Diago San_Diego 782 to 783
Changed rank clem chavez San_Diego 783 to 784
Changed rank Dave Lawson San_Diego 784 to 785
Changed rank Jr Degracia *PRT* San_Diego 785 to 786
Changed rank Ian Young San_Diego 786 to 787
Changed rank Conor Brumbaugh San_Diego 787 to 788
Changed rank CLaUDia GaRciA (RiDe WiTh jaVi) San_Diego 788 to 789
Changed rank Sean Boren San_Diego 789 to 790
Changed rank Craigmob Rickerw Bnh. Owwxw San_Diego 790 to 791
Changed rank Roger Martin San_Diego 791 to 792
Changed rank Paul Muncal Team Padyak || Barkada || SWK San_Diego 792 to 793
Changed rank Christopher Dunne San_Diego 793 to 794
Changed rank John Draminski ☼ Moment San_Diego 794 to 795
Changed rank Robert Bernstein San_Diego 795 to 796
Changed rank Parris Preston San_Diego 796 to 797
Changed rank Chau Wang San_Diego 797 to 798
Changed rank Chris Sandoval San_Diego 798 to 799
Changed rank Rafael Osorio San_Diego 799 to 800
Changed rank Steve (mothy)  Jarvin(Sydney to Great Barrier Reef  variety cycle2016) San_Diego 800 to 801
Changed rank Zachariah Smith San_Diego 801 to 802
Changed rank Andrew Weiner San_Diego 802 to 803
Changed rank Jon Morgan San_Diego 803 to 804
Changed rank John Lindgren San_Diego 804 to 805
Changed rank Jason Abutin \('o')> San_Diego 805 to 806
Changed rank Christopher Bonner San_Diego 806 to 807
Changed rank Blaize Baehrens San_Diego 807 to 808
Changed rank evan siebuhr San_Diego 808 to 809
Changed rank Gimi McCarthy San_Diego 809 to 810
Changed rank Andrew Myrick San_Diego 810 to 811
Changed rank James Turner San_Diego 811 to 812
Changed rank Brad Hoge San_Diego 812 to 813
Changed rank BE Jonesing San_Diego 813 to 814
Changed rank Nate Hakken San_Diego 814 to 815
Changed rank Norm Mitchell San_Diego 815 to 816
Changed rank Elliott Li San_Diego 816 to 817
Changed rank Esss Dobbs San_Diego 817 to 818
Changed rank Robert Turner San_Diego 818 to 819
Changed rank julian GSAA San_Diego 819 to 820
Changed rank Pat McLoughlin San_Diego 820 to 821
Changed rank Lori Goldman San_Diego 821 to 822
Changed rank Thomas Riis San_Diego 822 to 823
Changed rank Susan Sutton San_Diego 823 to 824
Changed rank Ed Fields San_Diego 824 to 825
Changed rank Byron Buckley San_Diego 825 to 826
Changed rank Seth Bush San_Diego 826 to 827
Changed rank Kelley Cullen San_Diego 827 to 828
Changed rank Mike Duff San_Diego 828 to 829
Changed rank Neal Sach San_Diego 829 to 830
Changed rank Kellen Winslow Jr San_Diego 830 to 831
Changed rank Nocaen Rhyde San_Diego 831 to 832
Changed rank Matea Djokic San_Diego 832 to 833
Changed rank Gary Clarke San_Diego 833 to 834
Changed rank Chris Morales SDBC/Emerald Textiles San_Diego 834 to 835
Changed rank Chris L San_Diego 835 to 836
Changed rank Chris Sauer San_Diego 836 to 837
Changed rank Jonathan Llorente San_Diego 837 to 838
Changed rank Brian Pepi San_Diego 838 to 839
Changed rank Dominic D'Angelo San_Diego 839 to 840
Changed rank Mason Law San_Diego 840 to 841
Changed rank travis schlackaloff San_Diego 841 to 842
Changed rank Rene Corella San_Diego 842 to 843
Changed rank Nate King San_Diego 843 to 844
Changed rank Mark Zander San_Diego 844 to 845
Changed rank Jackie Cipriani Wolf Pack Cycling San_Diego 845 to 846
Changed rank Phillip Attebery San_Diego 846 to 847
Changed rank Shay Johnson San_Diego 847 to 848
Changed rank Tammie Pollard San_Diego 848 to 849
Changed rank Giro 1220 San_Diego 849 to 850
Changed rank Noe Espinosa San_Diego 850 to 851
Changed rank sigurd k San_Diego 851 to 852
Changed rank rick brady San_Diego 852 to 853
Changed rank •SDSU Cycling• Ben Martinez San_Diego 853 to 854
Changed rank Ron Frasca San_Diego 854 to 855
Changed rank Miguel Blanco San_Diego 855 to 856
Changed rank "The Agony Express"  - James San_Diego 856 to 857
Changed rank Good Flow San_Diego 857 to 858
Changed rank Kevin  Soehner San_Diego 858 to 859
Changed rank Scott Norland San_Diego 859 to 860
Changed rank Chris Comet San_Diego 860 to 861
Changed rank Paul Tourkin San_Diego 861 to 862
Changed rank Nicholas  Caster San_Diego 862 to 863
Changed rank jessica dolliver San_Diego 863 to 864
Changed rank MadHunTri ! San_Diego 864 to 865
Changed rank Darcy Wuhrmann San_Diego 865 to 866
Changed rank matt riethmiller San_Diego 866 to 867
Changed rank Al Chemist San_Diego 867 to 868
Changed rank Mark Alford San_Diego 868 to 869
Changed rank Green Flash San_Diego 869 to 870
Changed rank Stephen  Schnare San_Diego 870 to 871
Changed rank Jim Ratzer San_Diego 871 to 872
Changed rank Kenneth Reyes San_Diego 872 to 873
Changed rank Crystal Anthony San_Diego 873 to 874
Changed rank Roberto Quinones San_Diego 874 to 875
Changed rank Kent Kubo San_Diego 875 to 876
Changed rank John Ciampa San_Diego 876 to 877
Changed rank Erik Eilers San_Diego 877 to 878
Changed rank Trevor Ratcliff San_Diego 878 to 879
Changed rank Brett Dawe San_Diego 879 to 880
Changed rank Anthony Dizon San_Diego 909 to 881
Changed rank Frank Wheeler San_Diego -1 to 882
Changed rank IronDan < SWK> (SURF) San_Diego 880 to 883
Changed rank Hector Maytorena San_Diego 881 to 884
Changed rank cory bower San_Diego 882 to 885
Changed rank michael bordeaux San_Diego 883 to 886
Changed rank Mario Cota San_Diego 884 to 887
Changed rank Leon Li San_Diego 885 to 888
Changed rank Dalton Carter San_Diego 886 to 889
Changed rank Johnny Lopez San_Diego 887 to 890
Changed rank Michael  Lach San_Diego 888 to 891
Changed rank JoJo Ito San_Diego 889 to 892
Changed rank Ben FR San_Diego 890 to 893
Changed rank Ron torogi San_Diego 891 to 894
Changed rank Chris Mannerino San_Diego 892 to 895
Changed rank Kevin Sladek San_Diego 893 to 896
Changed rank Lane Vance San_Diego 894 to 897
Changed rank Mark Wienke - SDBC / Emerald Textiles San_Diego 895 to 898
Changed rank Jeff T San_Diego 896 to 899
Changed rank Jose Vasquez San_Diego 897 to 900
Changed rank Gustavo Oliveira San_Diego 898 to 901
Changed rank Harry Bullivant San_Diego 899 to 902
Changed rank Geremy M. San_Diego 900 to 903
Changed rank Robert Heber San_Diego 901 to 904
Changed rank William Logan San_Diego 902 to 905
Changed rank Phil Bres San_Diego 903 to 906
Changed rank Nate Edel San_Diego 904 to 907
Changed rank Brian Myers San_Diego 905 to 908
Changed rank chris ittner San_Diego 906 to 909
Changed rank Beth Gerdes San_Diego 907 to 910
Changed rank Jack Krenek San_Diego 908 to 911
Changed rank Chris Galuppo San_Diego 910 to 912
Changed rank andrew martinez San_Diego 911 to 913
Changed rank Steve Ummel San_Diego 912 to 914
Changed rank David McGavran San_Diego 913 to 915
Changed rank Joe Virgilio San_Diego 914 to 916
Changed rank Eileen Blasi  San_Diego 915 to 917
Changed rank Jared Rios San_Diego 916 to 918
Changed rank Dongyang Li San_Diego 917 to 919
Changed rank Arturo Espínola Beltrán San_Diego 918 to 920
Changed rank Dan the SledgeHammer Miller San_Diego 919 to 921
Changed rank Lee Zook San_Diego 920 to 922
Changed rank Trevor Wageman San_Diego 921 to 923
Changed rank Tammy Lane San_Diego 922 to 924
Changed rank Deb Robison - AZBuilt Sports  San_Diego 923 to 925
Changed rank Seth Bishop San_Diego 924 to 926
Changed rank Edgardo Ortiz San_Diego 925 to 927
Changed rank Mike Ruthenberg San_Diego 926 to 928
Changed rank Danielle  Snider San_Diego 927 to 929
Changed rank Phil Cistrone San_Diego 928 to 930
Changed rank Michael Hotaling San_Diego 929 to 931
Changed rank Chris Staszak San_Diego 930 to 932
Changed rank Renee Bauer *Wolf Pack Cycling* San_Diego 931 to 933
Changed rank Jiri Kozesnik San_Diego 932 to 934
Changed rank David DePaolo San_Diego 933 to 935
Changed rank Rob Char San_Diego 934 to 936
Changed rank Cody Wilmoth San_Diego 935 to 937
Changed rank Ryan Siegel San_Diego 936 to 938
Changed rank Julianne Cook San_Diego 937 to 939
Changed rank Innokenty SPY-Giant-Ride-GQ6 San_Diego 938 to 940
Changed rank Jeremy Tran San_Diego 939 to 941
Changed rank Luis Aragon San_Diego 940 to 942
Changed rank Michael Khuat San_Diego 941 to 943
Changed rank ali Love San_Diego 942 to 944
Changed rank Karl Rudnick San_Diego 943 to 945
Changed rank Jose Cepeda  | Crank Cycling San_Diego 944 to 946
Changed rank Bob Bauke De Jong Mach 5 San_Diego 945 to 947
Changed rank D La Jolla San_Diego 946 to 948
Changed rank Brent G www.RIDEcyclery.com San_Diego 947 to 949
Changed rank Eric Richter San_Diego 948 to 950
Changed rank Jared Brown San_Diego 949 to 951
Changed rank Ben Clement San_Diego 950 to 952
Changed rank Kevin F San_Diego 951 to 953
Changed rank Jonathan Willick San_Diego 952 to 954
Changed rank Ton van Daelen San_Diego 953 to 955
Changed rank kyle fox San_Diego 954 to 956
Changed rank ADAM GARCÍA San_Diego 955 to 957
Changed rank David Leibowitz San_Diego 956 to 958
Changed rank Cameron Gary San_Diego 957 to 959
Changed rank Paul Waid San_Diego 958 to 960
Changed rank Josh Schwartz San_Diego 959 to 961
Changed rank Adrian Prescott San_Diego 960 to 962
Changed rank BLOFER @ MixSpeed San_Diego 961 to 963
Changed rank Ian Lambert San_Diego 962 to 964
Changed rank Mongo . San_Diego 963 to 965
Changed rank Dan Bergstrom San_Diego 964 to 966
Changed rank joe kardian San_Diego 965 to 967
Changed rank Fred Nicolet San_Diego 966 to 968
Changed rank Enrique Oceguera San_Diego 967 to 969
Changed rank Andrew Wood San_Diego 968 to 970
Changed rank Jan Zablan San_Diego 969 to 971
Changed rank FABRICE  HARDEL  San_Diego 970 to 972
Changed rank Bryan Kwan San_Diego 971 to 973
Changed rank Bud Lynch San_Diego 972 to 974
Changed rank Michael Gehrisch San_Diego 973 to 975
Changed rank Denise Carroll San_Diego 974 to 976
Changed rank David Teixeira San_Diego 975 to 977
Changed rank John Hastie San_Diego 976 to 978
Changed rank Danny Leaf San_Diego 977 to 979
Changed rank Jared Kylstad San_Diego 978 to 980
Changed rank Ricardo Barrosa San_Diego 979 to 981
Changed rank Steve Black San_Diego 980 to 982
Changed rank Ray Vasilas San_Diego 981 to 983
Changed rank Matthew Buster San_Diego 982 to 984
Changed rank John Makis San_Diego 983 to 985
Changed rank Anne Clancy San_Diego 984 to 986
Changed rank Charles Onstott San_Diego 985 to 987
Changed rank Josh Whittaker San_Diego 986 to 988
Changed rank alberto otazua San_Diego 987 to 989
Changed rank hamid toloei San_Diego 988 to 990
Changed rank Nate Brown San_Diego 989 to 991
Changed rank Bando 1 San_Diego 990 to 992
Changed rank Mitchellin  Man (Bicycle Warehouse) San_Diego 991 to 993
Changed rank Mike Mautner San_Diego 992 to 994
Changed rank Dave Leaf San_Diego 993 to 995
Changed rank Zach Leidig San_Diego 994 to 996
Changed rank Chria Dilla San_Diego 995 to 997
Changed rank Colin Morrison San_Diego 996 to 998
Changed rank Jarred Collins San_Diego 997 to 999
Changed rank Adam  Beck San_Diego 998 to 1000
Changed rank Koji Kimura San_Diego 999 to 1001
Changed rank Robert Bradley San_Diego 1000 to 1002
Changed rank Rawley Macias San_Diego 1001 to 1003
Changed rank Yongbin Wei San_Diego 1002 to 1004
Changed rank Andrew Allport San_Diego 1003 to 1005
Changed rank Mark Blore San_Diego 1004 to 1006
Changed rank joshua goldman San_Diego 1005 to 1007
Changed rank maureen baran San_Diego 1006 to 1008
Changed rank Jason Peaslee San_Diego 1007 to 1009
Changed rank Ryan Botts San_Diego 1008 to 1010
Changed rank Daniel  Pitard  San_Diego 1009 to 1011
Changed rank The Phantom San_Diego 1010 to 1012
Changed rank Karen Messer San_Diego 1011 to 1013
Changed rank Euan Tan San_Diego 1012 to 1014
Changed rank Heather Bruemmer San_Diego 1013 to 1015
Changed rank Chris Wahl San_Diego 1014 to 1016
Changed rank William Gross San_Diego 1015 to 1017
Changed rank Ricardo Weichsel San_Diego 1016 to 1018
Changed rank brian turner San_Diego 1017 to 1019
Changed rank Rosio C San_Diego 1018 to 1020
Changed rank Morgan Stone San_Diego 1019 to 1021
Changed rank Rene Fimbres San_Diego 1020 to 1022
Changed rank Adrian Cooper San_Diego 1021 to 1023
Changed rank Gabriel Byrne San_Diego -1 to 1024
Changed rank mike kent San_Diego 1022 to 1025
Changed rank Cristian H San_Diego 1023 to 1026
Changed rank Mark Edwards San_Diego 1024 to 1027
Changed rank Stephen Harrison San_Diego 1025 to 1028
Changed rank Tony Valdiconza San_Diego 1026 to 1029
Changed rank Sal Caniglia San_Diego 1027 to 1030
Changed rank Darrell Styner | Team Ninja San_Diego 1028 to 1031
Changed rank alister clarke San_Diego 1029 to 1032
Changed rank Chris  Buffin  San_Diego 1030 to 1033
Changed rank mmx michael marckx San_Diego 1031 to 1034
Changed rank Kevin McCowen San_Diego 1032 to 1035
Changed rank Rich Gibbons San_Diego 1033 to 1036
Changed rank Randy Charrette San_Diego 1034 to 1037
Changed rank Henry Jacobsen☆619Barkada☆ San_Diego 1035 to 1038
Changed rank D Money San_Diego 1036 to 1039
Changed rank sheldon litwin San_Diego 1037 to 1040
Changed rank Eric Sommers San_Diego 1038 to 1041
Changed rank Chris Zito - ElliptiGO San_Diego 1039 to 1042
Changed rank Capt Stephen Mann San_Diego 1040 to 1043
Changed rank Chris Steinke San_Diego 1041 to 1044
Changed rank Osvaldo Colavin San_Diego 1042 to 1045
Changed rank Mat Jacobson San_Diego 1043 to 1046
Changed rank Olia (Olga) Lyssanova San_Diego 1044 to 1047
Changed rank Nick Bliler San_Diego 1045 to 1048
Changed rank Harper VanSteenhouse San_Diego 1046 to 1049
Changed rank Ari Pascarella San_Diego 1047 to 1050
Changed rank Tristan Bordallo San_Diego 1048 to 1051
Changed rank Jacob Buchowski San_Diego 1049 to 1052
Changed rank MotoDDS Wolf Pack•PurelyDentalEncinitas.com San_Diego 1050 to 1053
Changed rank wes lavender San_Diego 1051 to 1054
Changed rank Matt Clemens San_Diego 1052 to 1055
Changed rank Tony Tani San_Diego 1053 to 1056
Changed rank James Jones San_Diego 1054 to 1057
Changed rank Eddie Nunez San_Diego 1055 to 1058
Changed rank Steven James San_Diego 1056 to 1059
Changed rank Jean F San_Diego 1057 to 1060
Changed rank Lisa Nicholson San_Diego 1058 to 1061
Changed rank Trung D. Vo San_Diego 1059 to 1062
Changed rank shane anderson San_Diego 1060 to 1063
Changed rank Travis T San_Diego 1061 to 1064
Changed rank Eldon Thomas  - North of the Border San_Diego 1062 to 1065
Changed rank Rebecca Preston San_Diego 1063 to 1066
Changed rank Kevin Weinstein-Wolf Pack Cycling San_Diego 1064 to 1067
Changed rank Chris Kittler San_Diego 1065 to 1068
Changed rank Shady John San_Diego 1066 to 1069
Changed rank Juan Luis Quicho Curiel San_Diego 1067 to 1070
Changed rank Jim   Gio Giaciolli  San_Diego 1068 to 1071
Changed rank GUILLERMO MALPICA San_Diego 1069 to 1072
Changed rank Hector Guevara San_Diego 1070 to 1073
Changed rank Scott A San_Diego 1071 to 1074
Changed rank Joseph Colon San_Diego 1072 to 1075
Changed rank Steve Cahill San_Diego 1073 to 1076
Changed rank Michael Saganich San_Diego 1074 to 1077
Changed rank bob hoffman San_Diego 1075 to 1078
Changed rank Scott Schwartz  San_Diego 1076 to 1079
Changed rank Pat Pezzoli San_Diego 1077 to 1080
Changed rank Rob Lindbloom San_Diego 1078 to 1081
Changed rank Greg "Sarge" Christopherson San_Diego 1079 to 1082
Changed rank Rob Douglas San_Diego 1080 to 1083
Changed rank Scott Billman San_Diego 1081 to 1084
Changed rank L - I AM man San_Diego 1082 to 1085
Changed rank Orion Owens San_Diego 1083 to 1086
Changed rank Dan Richardson San_Diego 1084 to 1087
Changed rank Christine Houser San_Diego 1085 to 1088
Changed rank Lee Ramos San_Diego 1086 to 1089
Changed rank David Milder San_Diego 1087 to 1090
Changed rank Katie Hosch San_Diego 1088 to 1091
Changed rank Zach Sellers San_Diego 1089 to 1092
Changed rank Jonathon Chillas San_Diego 1090 to 1093
Changed rank E Helm San_Diego 1091 to 1094
Changed rank Christopher B San_Diego 1092 to 1095
Changed rank James Nesbitt San_Diego 1093 to 1096
Changed rank miles n pounds  San_Diego 1094 to 1097
Changed rank Bill Frew San_Diego 1095 to 1098
Changed rank Andrea Musicant San_Diego 1096 to 1099
Changed rank Tim B San_Diego 1097 to 1100
Changed rank Dan Egoroff San_Diego 1098 to 1101
Changed rank Hadrian Harper San_Diego 1099 to 1102
Changed rank Craig Nelson San_Diego 1100 to 1103
Changed rank Jessica Rocheleau San_Diego 1101 to 1104
Changed rank Marc Dudzik San_Diego 1102 to 1105
Changed rank Bill Pinnell - ElliptiGO San_Diego 1103 to 1106
Changed rank Keith  Weier San_Diego 1104 to 1107
Changed rank Michele Berionne San_Diego 1105 to 1108
Changed rank pb and j San_Diego 1106 to 1109
Changed rank Scott Powell San_Diego 1107 to 1110
Changed rank Dylan Smith San_Diego 1108 to 1111
Changed rank Dom Phipps San_Diego 1109 to 1112
Changed rank Brian Abraham San_Diego 1110 to 1113
Changed rank Yadira Galindo San_Diego 1111 to 1114
Changed rank Alex Eubank San_Diego 1112 to 1115
Changed rank rob cornick San_Diego 1113 to 1116
Changed rank Abby McKenna San_Diego 1114 to 1117
Changed rank Don Strazz San_Diego 1115 to 1118
Changed rank Tom Bloomer San_Diego 1116 to 1119
Changed rank Dave  Hornback San_Diego 1117 to 1120
Changed rank Nikolai K San_Diego 1118 to 1121
Changed rank Tim Price San_Diego 1119 to 1122
Changed rank Christopher Neil San_Diego 1120 to 1123
Changed rank John Gaffney San_Diego 1121 to 1124
Changed rank Karl Bordine San_Diego 1122 to 1125
Changed rank Chris Bagg San_Diego 1123 to 1126
Changed rank Troy Collins - Celo Pacific San_Diego 1124 to 1127
Changed rank Jim Vincze San_Diego 1125 to 1128
Changed rank Gio 1 San_Diego 1126 to 1129
Changed rank Brandy Geiger San_Diego 1127 to 1130
Changed rank Duncan Mitchell San_Diego 1128 to 1131
Changed rank Benjamin King San_Diego 1129 to 1132
Changed rank robert fudge San_Diego 1130 to 1133
Changed rank GHOST RIDER San_Diego 1131 to 1134
Changed rank Nick Morozovsky San_Diego 1132 to 1135
Changed rank Mark Oemcke San_Diego 1133 to 1136
Changed rank Kat Gunsur San_Diego 1134 to 1137
Changed rank Malcolm Swall San_Diego 1135 to 1138
Changed rank Outis Metis San_Diego 1136 to 1139
Changed rank Jill Aka JT  Theodossi  San_Diego 1137 to 1140
Changed rank Daniel "Dusty Shins" Patrick  San_Diego 1138 to 1141
Changed rank Istvan Ilyes San_Diego 1139 to 1142
Changed rank Mark McFadyen San_Diego 1140 to 1143
Changed rank Peter Aas San_Diego 1141 to 1144
Changed rank Carly Johann San_Diego 1142 to 1145
Changed rank M Chen San_Diego 1143 to 1146
Changed rank Craig Miller ~ Swami's Cycling San_Diego 1144 to 1147
Changed rank Russ Wheeler San_Diego 1145 to 1148
Changed rank Casey Cohenmeyer San_Diego 1146 to 1149
Changed rank Timothy Richburg San_Diego 1147 to 1150
Changed rank Mitchell Thomas San_Diego 1148 to 1151
Changed rank ED V San_Diego 1149 to 1152
Changed rank Peter Gerstoft San_Diego 1150 to 1153
Changed rank Karl C San_Diego 1151 to 1154
Changed rank robert recht San_Diego 1152 to 1155
Changed rank Wwf Wwf San_Diego 1153 to 1156
Changed rank Jesse  Garcia (Bicycle Warehouse) San_Diego 1154 to 1157
Changed rank Josh Guedesse San_Diego 1155 to 1158
Changed rank David Alonso San_Diego 1156 to 1159
Changed rank Mike Daddona San_Diego 1157 to 1160
Changed rank ed p San_Diego 1158 to 1161
Changed rank Michelle Abraminko San_Diego 1159 to 1162
Changed rank Mark Duvall San_Diego 1160 to 1163
Changed rank Rob Fischer San_Diego 1161 to 1164
Changed rank Al Clarke San_Diego 1162 to 1165
Changed rank Fred Stearley San_Diego 1163 to 1166
Changed rank Meg Knobel San_Diego 1164 to 1167
Changed rank Matthew Lux San_Diego 1165 to 1168
Changed rank steve gross San_Diego 1166 to 1169
Changed rank Erin Murphy San_Diego 1167 to 1170
Changed rank Chad Klinesteker San_Diego 1168 to 1171
Changed rank Stark Draper San_Diego 1169 to 1172
Changed rank Amy VanTassel San_Diego 1170 to 1173
Changed rank Jim Wilkinson San_Diego 1171 to 1174
Changed rank Todd Boussom San_Diego 1172 to 1175
Changed rank Stephane Christiany San_Diego 1173 to 1176
Changed rank Ken "The Flea" Templeton III San_Diego 1174 to 1177
Changed rank Michael Salvatore San_Diego 1175 to 1178
Changed rank Kevin Lyon San_Diego 1176 to 1179
Changed rank Clare LeGuyader San_Diego 1177 to 1180
Changed rank Patrick Hooper San_Diego 1178 to 1181
Changed rank Ryan Allmandinger San_Diego 1179 to 1182
Changed rank brady fox San_Diego 1180 to 1183
Changed rank Mike Shaw - Celo Pacific San_Diego 1181 to 1184
Changed rank Christopher Happ San_Diego 1182 to 1185
Changed rank Jean Hyde San_Diego 1183 to 1186
Changed rank Rondo Bauer San_Diego 1184 to 1187
Changed rank Justin Walsh San_Diego 1185 to 1188
Changed rank Johnny Sipe San_Diego 1186 to 1189
Changed rank Dan Lee San_Diego 1187 to 1190
Changed rank Erik Kjellman San_Diego 1188 to 1191
Changed rank Edwin  Perez San_Diego 1189 to 1192
Changed rank Divina Meng San_Diego 1190 to 1193
Changed rank Samantha Goldenstein San_Diego 1191 to 1194
Changed rank Corey Hollister San_Diego 1192 to 1195
Changed rank KMP Green Legs San_Diego 1193 to 1196
Changed rank Stan Sievers San_Diego 1194 to 1197
Changed rank Lisi X San_Diego 1195 to 1198
Changed rank Henry Brown San_Diego 1196 to 1199
Changed rank Kathleen Dowse San_Diego 1197 to 1200
Changed rank Mike Dettman San_Diego 1198 to 1201
Changed rank Al Tacloban San_Diego 1199 to 1202
Changed rank Marshall Garcia San_Diego 1200 to 1203
Changed rank Chris Morgan San_Diego 1201 to 1204
Changed rank Michael Ferree San_Diego 1202 to 1205
Changed rank Adam T San_Diego 1203 to 1206
Changed rank g f San_Diego 1204 to 1207
Changed rank RickA A San_Diego 1205 to 1208
Changed rank Mark Davidson San_Diego 1206 to 1209
Changed rank james mccord San_Diego 1207 to 1210
Changed rank Erik Ridenour San_Diego 1208 to 1211
Changed rank Bryan Pate - ElliptiGO San_Diego 1209 to 1212
Changed rank Anne Kobayashi San_Diego 1210 to 1213
Changed rank Alex Martinez San_Diego 1211 to 1214
Changed rank Brad Bonenberger San_Diego 1212 to 1215
Changed rank Gary Levitt San_Diego 1213 to 1216
Changed rank Steven Lada San_Diego 1214 to 1217
Changed rank Michael Burg San_Diego 1215 to 1218
Changed rank Sara Stubbs San_Diego 1216 to 1219
Changed rank Andy Brightman - Swamis San_Diego 1217 to 1220
Changed rank Joe Bowen San_Diego 1218 to 1221
Changed rank Ryan Krasner San_Diego 1219 to 1222
Changed rank Justin Smittkamp San_Diego 1220 to 1223
Changed rank Tim Durkin San_Diego 1221 to 1224
Changed rank David Danovsky San_Diego 1222 to 1225
Changed rank Luke McKenzie San_Diego 1223 to 1226
Changed rank Jan Sucha San_Diego 1224 to 1227
Changed rank Justin Morey San_Diego 1225 to 1228
Changed rank Jessica Rocheleau San_Diego 1226 to 1229
Changed rank Evan Miller San_Diego 1227 to 1230
Changed rank Matthew Hubbell San_Diego 1228 to 1231
Changed rank douglas kincart San_Diego 1229 to 1232
Changed rank Jon Swavely San_Diego 1230 to 1233
Changed rank Tom Solomon San_Diego 1231 to 1234
Changed rank Alex Ratcliffe San_Diego 1232 to 1235
Changed rank Pablo Barreto San_Diego 1233 to 1236
Changed rank Samer Khodor San_Diego 1234 to 1237
Changed rank jamie brown San_Diego 1235 to 1238
Changed rank Peter Colvonen San_Diego 1236 to 1239
Changed rank Drew Terry San_Diego 1237 to 1240
Changed rank Michael Bowman San_Diego 1238 to 1241
Changed rank Alan Llamas San_Diego 1239 to 1242
Changed rank Eddie Wang San_Diego 1240 to 1243
Changed rank Paul Sayer San_Diego 1241 to 1244
Changed rank Perry Crutchfield San_Diego 1242 to 1245
Changed rank Guy Gansert San_Diego 1243 to 1246
Changed rank Mason Katz San_Diego 1244 to 1247
Changed rank Pat Gallagher San_Diego 1245 to 1248
Changed rank Paul Thomas - Cast a Shadow San_Diego 1246 to 1249
Changed rank James Apple San_Diego 1247 to 1250
Changed rank Michael Flores San_Diego 1248 to 1251
Changed rank Shauna Marshar San_Diego 1249 to 1252
Changed rank John Kellen San_Diego 1250 to 1253
Changed rank Michael Williams San_Diego 1251 to 1254
Changed rank Siobhan Shaffer San_Diego 1252 to 1255
Changed rank Chris Hyatt San_Diego 1253 to 1256
Changed rank RICARDO SANCHEZ San_Diego 1254 to 1257
Changed rank Adam Spahr San_Diego 1255 to 1258
Changed rank Frank Hanson San_Diego 1256 to 1259
Changed rank Urs Lüthi San_Diego 1257 to 1260
Changed rank Faton Bacaj San_Diego 1258 to 1261
Changed rank Henry Metz San_Diego 1259 to 1262
Changed rank Andrew Dickinson San_Diego 1260 to 1263
Changed rank David Kuo San_Diego 1261 to 1264
Changed rank Aziz AL-qulaysh San_Diego 1262 to 1265
Changed rank Joel Rosenberg San_Diego 1263 to 1266
Changed rank Ryan E San_Diego 1264 to 1267
Changed rank Jon Hughes | HT Bikes Tri Team San_Diego 1265 to 1268
Changed rank Patricia Middleton San_Diego 1266 to 1269
Changed rank Jason Nista San_Diego 1267 to 1270
Changed rank Dan  Hontz San_Diego 1268 to 1271
Changed rank joel wilson San_Diego 1269 to 1272
Changed rank Rob Tennant San_Diego 1270 to 1273
Changed rank Brenton Haven San_Diego 1271 to 1274
Changed rank Chris Glossner San_Diego 1272 to 1275
Changed rank Curtis Rowe San_Diego 1273 to 1276
Changed rank Ron Berry - Wolf Pack Cycling San_Diego 1274 to 1277
Changed rank Joe Matthews San_Diego 1275 to 1278
Changed rank David Dillon San_Diego 1276 to 1279
Changed rank Tim Sippel San_Diego 1277 to 1280
Changed rank J Harris San_Diego 1278 to 1281
Changed rank chris  fowler 619 *Barkada* San_Diego 1279 to 1282
Changed rank Andy Grimaud San_Diego 1280 to 1283
Changed rank Matthew Gonzales San_Diego 1281 to 1284
Changed rank Jonathan Geller San_Diego 1282 to 1285
Changed rank Wilmac McAyana San_Diego 1283 to 1286
Changed rank Greg Martellotto San_Diego 1284 to 1287
Changed rank Angela Liewen San_Diego 1285 to 1288
Changed rank Ally Winn San_Diego 1286 to 1289
Changed rank Michael Yuhas - SDBC/Emerald Textiles San_Diego 1287 to 1290
Changed rank Tom Kellerhouse | HT Bikes Tri Team San_Diego 1288 to 1291
Changed rank Tom Merschel San_Diego 1289 to 1292
Changed rank Brad Coull San_Diego 1290 to 1293
Changed rank Tom Golaszewski San_Diego 1291 to 1294
Changed rank Rick Brule San_Diego 1292 to 1295
Changed rank Jim Wisener San_Diego 1293 to 1296
Changed rank Trish Clinefelter San_Diego 1294 to 1297
Changed rank Doug H. San_Diego 1295 to 1298
Changed rank Tony Nordin San_Diego 1296 to 1299
Changed rank Quoc Vo San_Diego 1297 to 1300
Changed rank Hector Inguito San_Diego 1298 to 1301
Changed rank Marc V San_Diego 1299 to 1302
Changed rank Mary Russell San_Diego 1300 to 1303
Changed rank Paul Phillips San_Diego 1301 to 1304
Changed rank Greg Leigh San_Diego 1302 to 1305
Changed rank Jennifer Charrette San_Diego 1303 to 1306
Changed rank Andi 80634 San_Diego 1304 to 1307
Changed rank Patrik Gunnarsson San_Diego 1305 to 1308
Changed rank Michael Rodriguez San_Diego 1306 to 1309
Changed rank Matt Harder San_Diego 1307 to 1310
Changed rank Byron McKinney San_Diego 1308 to 1311
Changed rank Jeff Den Herder San_Diego 1309 to 1312
Changed rank steven schindler San_Diego 1310 to 1313
Changed rank hermie banaga San_Diego 1311 to 1314
Changed rank Brandon  Hearn San_Diego 1312 to 1315
Changed rank Rick Birkenstock San_Diego 1313 to 1316
Changed rank Jim Freeman San_Diego 1314 to 1317
Changed rank Jo Peters San_Diego 1315 to 1318
Changed rank Mario Yruretagoyena Jr San_Diego 1316 to 1319
Changed rank Jorge A**los San_Diego 1317 to 1320
Changed rank Keith Wipprecht San_Diego 1318 to 1321
Changed rank Kristin Gillespie San_Diego 1319 to 1322
Changed rank claire adida San_Diego 1320 to 1323
Changed rank Banyan Marquez San_Diego 1321 to 1324
Changed rank Greg Barbin San_Diego 1322 to 1325
Changed rank Chris Covell San_Diego -1 to 1326
Changed rank james murphy San_Diego 1323 to 1327
Changed rank Jim Kelly San_Diego 1324 to 1328
Changed rank mark  riedy San_Diego 1325 to 1329
Changed rank Lorie M San_Diego 1326 to 1330
Changed rank Sumarlin William San_Diego 1327 to 1331
Changed rank Bryce Whiting on an ElliptiGO San_Diego 1328 to 1332
Changed rank Ben Wood San_Diego 1329 to 1333
Changed rank James Marshall San_Diego 1330 to 1334
Changed rank Jeff Powell San_Diego 1331 to 1335
Changed rank Heather Brown San_Diego 1332 to 1336
Changed rank Paul  Hodge San_Diego 1333 to 1337
Changed rank Wenzel Ablola San_Diego 1334 to 1338
Changed rank Christian B San_Diego 1335 to 1339
Changed rank Larry Waldron San_Diego 1336 to 1340
Changed rank Gregorio Carvajal San_Diego 1337 to 1341
Changed rank Tom  Goddard San_Diego 1338 to 1342
Changed rank Travis Gibson San_Diego 1339 to 1343
Changed rank Steve Mcgovern San_Diego 1340 to 1344
Changed rank Alex Hughes San_Diego 1341 to 1345
Changed rank Kevin Drisko  - Team Zoot San_Diego 1342 to 1346
Changed rank Alan Urgelles San_Diego 1343 to 1347
Changed rank Paul Filsinger San_Diego 1344 to 1348
Changed rank Jeff Holmes San_Diego 1345 to 1349
Changed rank Bill Jennings San_Diego 1346 to 1350
Changed rank Steven Real San_Diego 1347 to 1351
Changed rank Maritza Navarra San_Diego 1348 to 1352
Changed rank Martin Proskauer Camou San_Diego 1349 to 1353
Changed rank John O'Connor San_Diego 1350 to 1354
Changed rank Jonathan Abellar San_Diego 1351 to 1355
Changed rank Kevin Schroeder San_Diego 1352 to 1356
Changed rank Kyle Yaege San_Diego 1353 to 1357
Changed rank Surprised  Patrick San_Diego 1354 to 1358
Changed rank Camila F. *Team Veloz* San_Diego 1355 to 1359
Changed rank John Hernandez San_Diego 1356 to 1360
Changed rank Paul Sims San_Diego 1357 to 1361
Changed rank bill oberschulte San_Diego 1358 to 1362
Changed rank LordBeavis X San_Diego 1359 to 1363
Changed rank Andrew Wilson San_Diego 1360 to 1364
Changed rank Wayne Lewis San_Diego 1361 to 1365
Changed rank mark  rago San_Diego 1362 to 1366
Changed rank Sonja Johnson San_Diego 1363 to 1367
Changed rank Bradley Kamau San_Diego 1364 to 1368
Changed rank Niall Cooling San_Diego 1365 to 1369
Changed rank Joe Beck | HT Bikes Tri Team San_Diego 1366 to 1370
Changed rank Chris Blevins San_Diego 1367 to 1371
Changed rank hailey eklund San_Diego 1368 to 1372
Changed rank Pradeep Subrahmanyan San_Diego 1369 to 1373
Changed rank Rustam Kasad San_Diego 1370 to 1374
Changed rank Chris Beck San_Diego 1371 to 1375
Changed rank Heather N San_Diego 1372 to 1376
Changed rank Rachel Marcuson San_Diego 1373 to 1377
Changed rank Paul Blevins San_Diego 1374 to 1378
Changed rank Maria Romero San_Diego 1375 to 1379
Changed rank Randall Burgess San_Diego 1376 to 1380
Changed rank Andrés Pizarro Pinto San_Diego 1377 to 1381
Changed rank Jarron Lisle San_Diego 1378 to 1382
Changed rank Anders Hult San_Diego 1379 to 1383
Changed rank Ian Kirkwood San_Diego 1380 to 1384
Changed rank EricHans Wiebe San_Diego 1381 to 1385
Changed rank Stefano De Micheli San_Diego 1382 to 1386
Changed rank Dima 34n San_Diego 1383 to 1387
Changed rank BR Mike San_Diego 1384 to 1388
Changed rank Steve Ferguson - Waters Fine Foods & Catering San_Diego 1385 to 1389
Changed rank Agustín Albarrán San_Diego 1386 to 1390
Changed rank Jake Baker San_Diego 1387 to 1391
Changed rank Jennifer King San_Diego 1388 to 1392
Changed rank Bianchi Sailor San_Diego 1389 to 1393
Changed rank Brian Renfrew San_Diego 1390 to 1394
Changed rank Steve H San_Diego 1391 to 1395
Changed rank Stacy Dietrich San_Diego 1392 to 1396
Changed rank Brian Lucas San_Diego 1393 to 1397
Changed rank Carlo Fiatarone San_Diego 1394 to 1398
Changed rank F W Dev  San_Diego 1395 to 1399
Changed rank Alfonso Maceira San_Diego 1396 to 1400
Changed rank Rob Watson San_Diego 1397 to 1401
Changed rank Kevin Chiao San_Diego 1398 to 1402
Changed rank Marc Robinson San_Diego 1399 to 1403
Changed rank Julian Palacios San_Diego 1400 to 1404
Changed rank Rob Quayle San_Diego 1401 to 1405
Changed rank shane caver San_Diego 1402 to 1406
Changed rank David Ryan San_Diego 1403 to 1407
Changed rank Mary White San_Diego 1404 to 1408
Changed rank Rachel Wills San_Diego 1405 to 1409
Changed rank Brad Damon San_Diego 1406 to 1410
Changed rank Ivonne Galindo San_Diego 1407 to 1411
Changed rank Wayne Kao San_Diego 1408 to 1412
Changed rank Alyson Deines San_Diego 1409 to 1413
Changed rank Dark Horse ☆Team Veloz☆ San_Diego 1410 to 1414
Changed rank Kevin Tc San_Diego 1411 to 1415
Changed rank Greg James San_Diego 1412 to 1416
Changed rank Landon Lueck San_Diego 1413 to 1417
Changed rank Justin Stricula San_Diego 1414 to 1418
Changed rank Randy Nethery San_Diego 1415 to 1419
Changed rank Miguel Arredondo San_Diego 1416 to 1420
Changed rank Bea D San_Diego 1417 to 1421
Changed rank Ian Newman San_Diego 1418 to 1422
Changed rank Joe Hudson San_Diego 1419 to 1423
Changed rank Dave Preszler San_Diego 1420 to 1424
Changed rank Matt Rektorski San_Diego 1421 to 1425
Changed rank Taylor Thomas San_Diego 1422 to 1426
Changed rank Anthony Scozzari San_Diego 1423 to 1427
Changed rank Jared Kukura San_Diego 1424 to 1428
Changed rank Jason Andres San_Diego 1425 to 1429
Changed rank Miki Vuckovich San_Diego 1426 to 1430
Changed rank Daryl Collis San_Diego 1427 to 1431
Changed rank Betty White San_Diego 1428 to 1432
Changed rank mark wisnosky San_Diego 1429 to 1433
Changed rank Julie Stokes San_Diego 1430 to 1434
Changed rank Lawrence Dee San_Diego 1431 to 1435
Changed rank Catalina M San_Diego 1432 to 1436
Changed rank Dan Outcalt San_Diego 1433 to 1437
Changed rank A Mac San_Diego 1434 to 1438
Changed rank Ira Biker San_Diego 1435 to 1439
Changed rank Tiffany Ferris San_Diego 1436 to 1440
Changed rank Thanh Lâm San_Diego 1437 to 1441
Changed rank Clay Chase San_Diego 1438 to 1442
Changed rank Khaled Ayoubi San_Diego 1439 to 1443
Changed rank Jon Marble San_Diego 1440 to 1444
Changed rank Mike Farrar San_Diego 1441 to 1445
Changed rank Paul Sowa San_Diego 1442 to 1446
Changed rank Josef Elsa ♥ Spy Giant Ride P/b GQ-6 San_Diego 1443 to 1447
Changed rank Nicholas Kinkade San_Diego 1444 to 1448
Changed rank Brian Chow San_Diego 1445 to 1449
Changed rank Mark Butler San_Diego 1446 to 1450
Changed rank Dean Gereaux San_Diego 1447 to 1451
Changed rank Nils Nilsen San_Diego 1448 to 1452
Changed rank David Galindo San_Diego 1449 to 1453
Changed rank John Zingaro San_Diego 1450 to 1454
Changed rank quintin tennant San_Diego 1451 to 1455
Changed rank Ricardo Bernal San_Diego 1452 to 1456
Changed rank Lindy Coppola San_Diego 1453 to 1457
Changed rank Durward Dunn San_Diego 1454 to 1458
Changed rank Paul Muehlenbeck San_Diego 1455 to 1459
Changed rank Julie Wartell San_Diego 1456 to 1460
Changed rank bill mitchell San_Diego 1457 to 1461
Changed rank John Fairbanks San_Diego 1458 to 1462
Changed rank Ruy Machado San_Diego 1459 to 1463
Changed rank Bryan Sohl San_Diego 1460 to 1464
Changed rank Joanna Clinch San_Diego 1461 to 1465
Changed rank Mike Quick UCC/JW Floors Racing San_Diego 1462 to 1466
Changed rank David Ogletree San_Diego 1463 to 1467
Changed rank Aaron Wimberley San_Diego 1464 to 1468
Changed rank Todd Udall San_Diego 1465 to 1469
Changed rank Adam Baker San_Diego 1466 to 1470
Changed rank Mike Starr San_Diego 1467 to 1471
Changed rank Jim Harris San_Diego 1468 to 1472
Changed rank Brandon Nelson San_Diego 1469 to 1473
Changed rank  Dan Poblete San_Diego 1470 to 1474
Changed rank Terrence Morrissey San_Diego 1471 to 1475
Changed rank Jim Ball San_Diego 1472 to 1476
Changed rank Melinda Medina San_Diego 1473 to 1477
Changed rank Carlos Oliveira San_Diego 1474 to 1478
Changed rank Othello Lewis San_Diego 1475 to 1479
Changed rank Jan Jon San_Diego 1476 to 1480
Changed rank Ren Tanaka San_Diego 1477 to 1481
Changed rank Douglas Blackburn San_Diego 1478 to 1482
Changed rank L G San_Diego 1479 to 1483
Changed rank Ryan Robertson San_Diego 1480 to 1484
Changed rank Dave Ernst * Descenders San_Diego 1481 to 1485
Changed rank nunya bizniz San_Diego 1482 to 1486
Changed rank Nico Pradel San_Diego 1483 to 1487
Changed rank Marco Stadler San_Diego 1484 to 1488
Changed rank Scott Kuiper San_Diego 1485 to 1489
Changed rank Gary Poles San_Diego 1486 to 1490
Changed rank Peter Hum San_Diego 1487 to 1491
Changed rank Steve Lopez  San_Diego 1488 to 1492
Changed rank Gary Horsting San_Diego 1489 to 1493
Changed rank Donald Gayton San_Diego 1490 to 1494
Changed rank Enrique Castillo San_Diego 1491 to 1495
Changed rank John Barson San_Diego 1492 to 1496
Changed rank Ubaldo Riboni  San_Diego 1493 to 1497
Changed rank Alecia Vultaggio San_Diego 1494 to 1498
Changed rank Joel Johnstone San_Diego 1495 to 1499
Changed rank Matt Bancroft San_Diego 1496 to 1500
Changed rank G Man San_Diego 1497 to 1501
Changed rank Mike Lucas San_Diego 1498 to 1502
Changed rank Jon Luft San_Diego 1499 to 1503
Changed rank Jim Woodman San_Diego 1500 to 1504
Changed rank Patrik Dyberg San_Diego 1501 to 1505
Changed rank Ken Roy San_Diego 1502 to 1506
Changed rank Glenz ster San_Diego 1503 to 1507
Changed rank Oz Sanchez San_Diego 1504 to 1508
Changed rank Erik Pierce San_Diego 1505 to 1509
Changed rank dean fv San_Diego 1506 to 1510
Changed rank Ⓥ Jim Reilly Ⓥ  San_Diego 1507 to 1511
Changed rank Adam Alder San_Diego 1508 to 1512
Changed rank Alex M San_Diego 1509 to 1513
Changed rank Tim Lonergan San_Diego 1510 to 1514
Changed rank Jerad Cardoza San_Diego 1511 to 1515
Changed rank *"* Barbarah Service Course SD *"* San_Diego 1512 to 1516
Changed rank J Ruff San_Diego 1513 to 1517
Changed rank Joe Stone San_Diego 1514 to 1518
Changed rank Tom Wamsley San_Diego 1515 to 1519
Changed rank denise atkisson San_Diego 1516 to 1520
Changed rank Sol Cano San_Diego 1517 to 1521
Changed rank Nathan Hansen San_Diego 1518 to 1522
Changed rank Billy Baggins San_Diego 1519 to 1523
Changed rank Kevin Deters San_Diego 1520 to 1524
Changed rank Erik Grayson San_Diego 1521 to 1525
Changed rank Jorge Herrera San_Diego 1522 to 1526
Changed rank Art Canales San_Diego 1523 to 1527
Changed rank Tami Threet San_Diego 1524 to 1528
Changed rank Kenny Hines San_Diego 1525 to 1529
Changed rank Obrian Mason San_Diego 1526 to 1530
Changed rank Francisco  Anda San_Diego 1527 to 1531
Changed rank Dave Davenport San_Diego 1528 to 1532
Changed rank Byron Rose San_Diego 1529 to 1533
Changed rank Rocky Raccoon San_Diego 1530 to 1534
Changed rank George Babka San_Diego 1531 to 1535
Changed rank Gijs Hanselaar San_Diego 1532 to 1536
Changed rank Mark Arnold San_Diego 1533 to 1537
Changed rank Chris Andersen San_Diego 1534 to 1538
Changed rank Pablo Parra Hot Wheels San_Diego 1535 to 1539
Changed rank Jeff Scooler San_Diego 1536 to 1540
Changed rank Ken Lerner San_Diego 1537 to 1541
Changed rank Evan Hobson / Dos Llantas San_Diego 1538 to 1542
Changed rank Tim Luong San_Diego 1539 to 1543
Changed rank David Bennett San_Diego 1540 to 1544
Changed rank David Boyle San_Diego 1541 to 1545
Changed rank Michael Thompson San_Diego 1542 to 1546
Changed rank Linda Valadez San_Diego 1543 to 1547
Changed rank Wilhelmina Zuckerman San_Diego 1544 to 1548
Changed rank martin guerrero San_Diego 1545 to 1549
Changed rank Kevin Burns | interlacedit.com San_Diego 1546 to 1550
Changed rank Nghi Duong San_Diego 1547 to 1551
Changed rank Don Nguyen San_Diego 1548 to 1552
Changed rank Jerome Potenciano San_Diego 1549 to 1553
Changed rank John Dory San_Diego 1550 to 1554
Changed rank Ken Kochi San_Diego 1551 to 1555
Changed rank Jeff Macelli San_Diego 1552 to 1556
Changed rank pierre pfeffer San_Diego 1553 to 1557
Changed rank Ian MacNeill San_Diego 1554 to 1558
Changed rank Clayton Kinsey San_Diego 1555 to 1559
Changed rank Robert Carr San_Diego 1556 to 1560
Changed rank Kristen Curry San_Diego 1557 to 1561
Changed rank J D San_Diego 1558 to 1562
Changed rank Darren ElliptiGO Brown San_Diego 1559 to 1563
Changed rank Serge Issakov San_Diego 1560 to 1564
Changed rank Buns Pugitoes San_Diego 1561 to 1565
Changed rank Jonathan Whitman San_Diego 1562 to 1566
Changed rank William Shephard San_Diego 1563 to 1567
Changed rank Dominik Rog San_Diego 1564 to 1568
Changed rank Mason Turvey SDBC/Emerald Textiles San_Diego 1565 to 1569
Changed rank tri le San_Diego 1566 to 1570
Changed rank andrew buzzell San_Diego 1567 to 1571
Changed rank Rick Calvo San_Diego 1568 to 1572
Changed rank Derek Bell San_Diego 1569 to 1573
Changed rank old man San_Diego 1570 to 1574
Changed rank Brad Huys San_Diego 1571 to 1575
Changed rank Matt Ruscigno San_Diego 1572 to 1576
Changed rank Julian Baum San_Diego 1573 to 1577
Changed rank Ronda Fox San_Diego 1574 to 1578
Changed rank Stacie Marshall San_Diego 1575 to 1579
Changed rank Flavio Santoyo San_Diego 1576 to 1580
Changed rank Tim Hart San_Diego 1577 to 1581
Changed rank Bryan Bingham San_Diego 1578 to 1582
Changed rank S. L. San_Diego 1579 to 1583
Changed rank Alex Ruffy San_Diego 1580 to 1584
Changed rank Dano Chiara San_Diego 1581 to 1585
Changed rank Cameron Campbell San_Diego 1582 to 1586
Changed rank Craig Weiss San_Diego 1583 to 1587
Changed rank Giuseppe Russo San_Diego 1584 to 1588
Changed rank Frank Clark San_Diego 1585 to 1589
Changed rank Austin D San_Diego 1586 to 1590
Changed rank David Stebbins San_Diego 1587 to 1591
Changed rank Matthew Wegrzyn San_Diego 1588 to 1592
Changed rank Rob Schott San_Diego 1589 to 1593
Changed rank isaac michan San_Diego 1590 to 1594
Changed rank Diem Do San_Diego 1591 to 1595
Changed rank Mike Bird San_Diego 1592 to 1596
Changed rank Andrew Reddie San_Diego 1593 to 1597
Changed rank Gabriel Harley San_Diego 1594 to 1598
Changed rank Richard Wittenberg San_Diego 1595 to 1599
Changed rank Patrick Koranda San_Diego 1596 to 1600
Changed rank Paul Thompson San_Diego 1597 to 1601
Changed rank Joseph Paguio San_Diego 1598 to 1602
Changed rank Lukas Zvers San_Diego 1599 to 1603
Changed rank Jeff Hinrichs San_Diego 1600 to 1604
Changed rank don ankeny San_Diego 1601 to 1605
Changed rank Jim Luschen San_Diego 1602 to 1606
Changed rank Scott Phetsany San_Diego 1603 to 1607
Changed rank jcarlos delgado San_Diego 1604 to 1608
Changed rank Glenn Sato San_Diego 1605 to 1609
Changed rank Javier Gonzalez San_Diego 1606 to 1610
Changed rank Kimra Demkowski San_Diego 1607 to 1611
Changed rank Audrey Clark San_Diego 1608 to 1612
Changed rank Luyi Chen San_Diego 1609 to 1613
Changed rank Ben Jr. M San_Diego 1610 to 1614
Changed rank DON CHERRY San_Diego 1611 to 1615
Changed rank Howard A San_Diego 1612 to 1616
Changed rank Daniel Valdez Ruiz de Sandoval San_Diego 1613 to 1617
Changed rank Bill Davidson San_Diego 1614 to 1618
Changed rank Charlie Sykes San_Diego 1615 to 1619
Changed rank Deacon Markey San_Diego 1616 to 1620
Changed rank Gary Reiner San_Diego 1617 to 1621
Changed rank Cooper Ambjorn San_Diego 1618 to 1622
Changed rank Juan  Ramirez San_Diego 1619 to 1623
Changed rank Kim McKewon  ☼ Holliday Rock p/b Zoca San_Diego 1620 to 1624
Changed rank Rocks  and Rolls San_Diego 1621 to 1625
Changed rank Samantha Heinrich San_Diego 1622 to 1626
Changed rank Mazen D San_Diego 1623 to 1627
Changed rank Jacob Pearlmam San_Diego 1624 to 1628
Changed rank Jeff Snow- Cast a Shadow San_Diego 1625 to 1629
Changed rank Michael Trimble San_Diego 1626 to 1630
Changed rank teamkainer.org Ben Dalton San_Diego 1627 to 1631
Changed rank Ben Syz San_Diego 1628 to 1632
Changed rank Tyler Merrill San_Diego 1629 to 1633
Changed rank josh tegardine San_Diego 1630 to 1634
Changed rank Tony Brand San_Diego 1631 to 1635
Changed rank Richard Savitch San_Diego 1632 to 1636
Changed rank alex danger San_Diego 1633 to 1637
Changed rank Scott Grant San_Diego 1634 to 1638
Changed rank Dave OrthoDoc San_Diego 1635 to 1639
Changed rank Greg Sherman San_Diego 1636 to 1640
Changed rank Lizzy Klynman San_Diego 1637 to 1641
Changed rank AnneMarie Graves San_Diego 1638 to 1642
Changed rank Armando Pabon San_Diego 1639 to 1643
Changed rank tom bancroft San_Diego 1640 to 1644
Changed rank Murray Doig San_Diego 1641 to 1645
Changed rank Jenna Van Cleve San_Diego 1642 to 1646
Changed rank Biker Bill San_Diego 1643 to 1647
Changed rank Duane Barraugh San_Diego 1644 to 1648
Changed rank Ryan Even San_Diego 1645 to 1649
Changed rank burton johnson San_Diego 1646 to 1650
Changed rank Mark Gonzales San_Diego 1647 to 1651
Changed rank Brent ⚡️⚡️⚡️ San_Diego 1648 to 1652
Changed rank Mike Whittle San_Diego 1649 to 1653
Changed rank Romeo Atienza - (Padjak) San_Diego 1650 to 1654
Changed rank John R San_Diego 1651 to 1655
Changed rank RIHNO -  JLR San_Diego 1652 to 1656
Changed rank Jason Cardillo San_Diego 1653 to 1657
Changed rank Bob Andrews San_Diego 1654 to 1658
Changed rank Lydia Tang San_Diego 1655 to 1659
Changed rank Brett Bouma San_Diego 1656 to 1660
Changed rank Trevor Anderson San_Diego 1657 to 1661
Changed rank Brian Patrick San_Diego 1658 to 1662
Changed rank kevin halpin San_Diego 1659 to 1663
Changed rank Lavantagepainting.com Ewers San_Diego 1660 to 1664
Changed rank Ty Wags San_Diego 1661 to 1665
Changed rank Nick Shiftan San_Diego 1662 to 1666
Changed rank Ron Verre San_Diego 1663 to 1667
Changed rank Emily Hoang San_Diego 1664 to 1668
Changed rank MIKE DANEY San_Diego 1665 to 1669
Changed rank John E San_Diego 1666 to 1670
Changed rank Ollie Fregoso Team Veloz San_Diego 1667 to 1671
Changed rank Eric Souza San_Diego 1668 to 1672
Changed rank Marc Norland San_Diego 1669 to 1673
Changed rank Tom Foolery San_Diego 1670 to 1674
Changed rank Lyds Rod San_Diego 1671 to 1675
Changed rank Matthew Potter San_Diego 1672 to 1676
Changed rank Emmet Hance San_Diego 1673 to 1677
Changed rank Walter Macalma - Can't Draught This San_Diego 1674 to 1678
Changed rank leaveme leaveme San_Diego 1675 to 1679
Changed rank bobby smith San_Diego 1676 to 1680
Changed rank Michelle Filsinger San_Diego 1677 to 1681
Changed rank Mike Sofen San_Diego 1678 to 1682
Changed rank Sue Torke San_Diego 1679 to 1683
Changed rank Brian F. San_Diego 1680 to 1684
Changed rank paul bissell San_Diego 1681 to 1685
Changed rank Carrie Tolentino San_Diego 1682 to 1686
Changed rank Dave Strom San_Diego 1683 to 1687
Changed rank Crazy Corn K San_Diego 1684 to 1688
Changed rank Scott Fels San_Diego 1685 to 1689
Changed rank Robert Fleming San_Diego 1686 to 1690
Changed rank jim graves San_Diego 1687 to 1691
Changed rank Kari Lam San_Diego 1688 to 1692
Changed rank todd newman San_Diego 1689 to 1693
Changed rank Leo Zweig San_Diego 1690 to 1694
Changed rank mark mcmillen San_Diego 1691 to 1695
Changed rank Bruce Hamel San_Diego 1692 to 1696
Changed rank Charles Kao San_Diego 1693 to 1697
Changed rank Tim Schartz San_Diego 1694 to 1698
Changed rank carlota campbell San_Diego 1695 to 1699
Changed rank Jay Wolters San_Diego 1696 to 1700
Changed rank Richard Pittner San_Diego 1697 to 1701
Changed rank Forrest Bethel San_Diego 1698 to 1702
Changed rank Gigi Hotaling San_Diego 1699 to 1703
Changed rank Robyn Williams San_Diego 1700 to 1704
Changed rank David Rockwell San_Diego 1701 to 1705
Changed rank David Dean San_Diego 1702 to 1706
Changed rank David Rubin San_Diego 1703 to 1707
Changed rank Jimmy The Pooh San_Diego 1704 to 1708
Changed rank Mitchell Pilgeram San_Diego 1705 to 1709
Changed rank Moi420 DETOX San_Diego 1706 to 1710
Changed rank Sean Sauber San_Diego 1707 to 1711
Changed rank Steve Yannizzi San_Diego 1708 to 1712
Changed rank Doug Hobson San_Diego 1709 to 1713
Changed rank Frank H. San_Diego 1710 to 1714
Changed rank Garth Aubert San_Diego 1711 to 1715
Changed rank Orrin Kelso San_Diego 1712 to 1716
Changed rank Lorne Polger San_Diego 1713 to 1717
Changed rank Oliver Marsh San_Diego 1714 to 1718
Changed rank Audrey McGinn San_Diego 1715 to 1719
Changed rank George Vargas REV Cycling San_Diego 1716 to 1720
Changed rank Mario Roussanov San_Diego 1717 to 1721
Changed rank Michael Clinch San_Diego 1718 to 1722
Changed rank ❤ Wingnut San_Diego 1719 to 1723
Changed rank fabrice le Det San_Diego 1720 to 1724
Changed rank Vivien Cook - UCLA Triathlon San_Diego 1721 to 1725
Changed rank Jenny Rios San_Diego 1722 to 1726
Changed rank Warren Fox San_Diego 1723 to 1727
Changed rank Angela Cook San_Diego 1724 to 1728
Changed rank Michael Sullivan San_Diego 1725 to 1729
Changed rank Fred Zhang San_Diego 1726 to 1730
Changed rank John Finley San_Diego 1727 to 1731
Changed rank Steve McArthur San_Diego 1728 to 1732
Changed rank Jack Salerno San_Diego 1729 to 1733
Changed rank Teri  Hill San_Diego 1730 to 1734
Changed rank Jedediah Staley San_Diego 1731 to 1735
Changed rank Walter Purcell San_Diego 1732 to 1736
Changed rank Susan Taylor San_Diego 1733 to 1737
Changed rank Sue Pulfer San_Diego 1734 to 1738
Changed rank Lindy Selden San_Diego 1735 to 1739
Changed rank George Beecher San_Diego 1736 to 1740
Changed rank Rod Aristizabal San_Diego 1737 to 1741
Changed rank Amy Smith San_Diego 1738 to 1742
Changed rank Philip McMahon San_Diego 1739 to 1743
Changed rank Jorge d'Argence San_Diego 1740 to 1744
Changed rank C. Rothwell San_Diego 1741 to 1745
Changed rank Todd Miller San_Diego 1742 to 1746
Changed rank Zach Linhardt San_Diego 1743 to 1747
Changed rank rick kronick San_Diego 1744 to 1748
Changed rank Chuck Edenburn San_Diego 1745 to 1749
Changed rank Xanh Lam San_Diego 1746 to 1750
Changed rank Glen Burford San_Diego 1747 to 1751
Changed rank Sheri Hamel San_Diego 1748 to 1752
Changed rank Jason Smith San_Diego 1749 to 1753
Changed rank David Rodgers San_Diego 1750 to 1754
Changed rank Miguel Huerta San_Diego 1751 to 1755
Changed rank Jeff Hsu San_Diego 1752 to 1756
Changed rank Čhrįßtøphër Šēræ San_Diego 1753 to 1757
Changed rank Brian Stringfellow San_Diego 1754 to 1758
Changed rank Anthony Gattuso San_Diego 1755 to 1759
Changed rank Eamon O'Reilly San_Diego 1756 to 1760
Changed rank J A San_Diego 1757 to 1761
Changed rank Scott Leazenby San_Diego 1758 to 1762
Changed rank David Voris San_Diego 1759 to 1763
Changed rank Michael Zaragoza San_Diego 1760 to 1764
Changed rank David Lovat San_Diego 1761 to 1765
Changed rank Kyle Campbell San_Diego 1762 to 1766
Changed rank Eytan Grinnell San_Diego 1763 to 1767
Changed rank Mike Samyn San_Diego 1764 to 1768
Changed rank Ryan Eck San_Diego 1765 to 1769
Changed rank  Brian Will San_Diego 1766 to 1770
Changed rank Nate Deck San_Diego 1767 to 1771
Changed rank Kimita Klosterman San_Diego 1768 to 1772
Changed rank Jeff LeGore (Elliptigo) San_Diego 1769 to 1773
Changed rank Dean Sprague San_Diego 1770 to 1774
Changed rank Noelle Griffith San_Diego 1771 to 1775
Changed rank Julia  Williams San_Diego 1772 to 1776
Changed rank Kristin Hunsbarger San_Diego 1773 to 1777
Changed rank Dave Seaberg San_Diego 1774 to 1778
Changed rank Pat McLoughlin San_Diego 1775 to 1779
Changed rank Just Groovin' San_Diego 1776 to 1780
Changed rank Johnny O'Hagan San_Diego 1777 to 1781
Changed rank Hailey Hickman San_Diego 1778 to 1782
Changed rank Arturo Viazcan San_Diego 1779 to 1783
Changed rank Dale Lister San_Diego 1780 to 1784
Changed rank Dale Elliptigo Lister San_Diego 1781 to 1785
Changed rank Jay Gutierrez San_Diego 1782 to 1786
Changed rank Jun Magno San_Diego 1783 to 1787
Changed rank Chad Lund San_Diego 1784 to 1788
Changed rank Robby Fleisher San_Diego 1785 to 1789
Changed rank Bill Zolg San_Diego 1786 to 1790
Changed rank Doug Nash San_Diego 1787 to 1791
Changed rank Tim Behrens San_Diego 1788 to 1792
Changed rank David Doyle San_Diego 1789 to 1793
Changed rank Moises Ramos San_Diego 1790 to 1794
Changed rank Vin Villano San_Diego 1791 to 1795
Changed rank Miguel Rascon San_Diego 1792 to 1796
Changed rank Bill Bauman San_Diego 1793 to 1797
Changed rank Dave Krosch San_Diego 1794 to 1798
Changed rank Sayre  Rees San_Diego 1795 to 1799
Changed rank Emily Rooney San_Diego 1796 to 1800
Changed rank rich cota San_Diego 1797 to 1801
Changed rank Max Theillardwu San_Diego 1798 to 1802
Changed rank Noby Itakura San_Diego 1799 to 1803
Changed rank kyle begovich San_Diego 1800 to 1804
Changed rank Armen Gharibans San_Diego 1801 to 1805
Changed rank Bruce Watson San_Diego 1802 to 1806
Changed rank Michael Hodges San_Diego 1803 to 1807
Changed rank Christopher B San_Diego 1804 to 1808
Changed rank Megan Gibney San_Diego 1805 to 1809
Changed rank Jay Gnar San_Diego 1806 to 1810
Changed rank Anthony Jones  San_Diego 1807 to 1811
Changed rank sally leblanc San_Diego 1808 to 1812
Changed rank rob wells San_Diego 1809 to 1813
Changed rank John Schor San_Diego 1810 to 1814
Changed rank Marvin Cross San_Diego 1811 to 1815
Changed rank Emily Kleber San_Diego 1812 to 1816
Changed rank C Lopez San_Diego 1813 to 1817
Changed rank lisa powers San_Diego 1814 to 1818
Changed rank Simon MacDonald San_Diego 1815 to 1819
Changed rank •SDSU Cycling• Kachun Choi San_Diego 1816 to 1820
Changed rank Rob Johnson San_Diego 1817 to 1821
Changed rank Daniel Simon ☆619Barkada☆ San_Diego 1818 to 1822
Changed rank Dave "Shemp" Eaton San_Diego 1819 to 1823
Changed rank Steve Driscoll San_Diego 1820 to 1824
Changed rank Donna Phelan San_Diego 1821 to 1825
Changed rank Dandy Villanueva San_Diego 1822 to 1826
Changed rank tim hitchman San_Diego 1823 to 1827
Changed rank Ray LAGman San_Diego 1824 to 1828
Changed rank Peter Collison San_Diego 1825 to 1829
Changed rank Jon Hilbrich San_Diego 1826 to 1830
Changed rank Timothy Darling San_Diego 1827 to 1831
Changed rank Ramona Gonzales San_Diego 1828 to 1832
Changed rank Ali Le Blanc San_Diego 1829 to 1833
Changed rank Tatiana Vidal S San_Diego 1830 to 1834
Changed rank Brenda Mix San_Diego 1831 to 1835
Changed rank Emma Piggott San_Diego 1832 to 1836
Changed rank Jennifer Royce San_Diego 1833 to 1837
Changed rank Ron Andres San_Diego 1834 to 1838
Changed rank Chuck Corum San_Diego 1835 to 1839
Changed rank Scott Smith San_Diego 1836 to 1840
Changed rank Robert Bell San_Diego 1837 to 1841
Changed rank Peter Hamilton San_Diego 1838 to 1842
Changed rank Scott Leland San_Diego 1839 to 1843
Changed rank Albert Espino San_Diego 1840 to 1844
Changed rank jim miles San_Diego 1841 to 1845
Changed rank martin gonzalez San_Diego 1842 to 1846
Changed rank Robby Biesel San_Diego 1843 to 1847
Changed rank guillermo ramirez San_Diego 1844 to 1848
Changed rank Dave Vigil San_Diego 1845 to 1849
Changed rank Brent Couvrette San_Diego 1846 to 1850
Changed rank Doug Johnson San_Diego 1847 to 1851
Changed rank Bengt Spetsmark San_Diego 1848 to 1852
Changed rank PawPaw | HotWheelsFactory San_Diego 1849 to 1853
Changed rank Alex Avakian San_Diego 1850 to 1854
Changed rank Bill Cogan San_Diego 1851 to 1855
Changed rank Jason H San_Diego 1852 to 1856
Changed rank Mike Kane San_Diego 1853 to 1857
Changed rank Paulina King San_Diego 1854 to 1858
Changed rank Art Diaz San_Diego 1855 to 1859
Changed rank Tom Gallagher San_Diego 1856 to 1860
Changed rank Marvin R San_Diego 1857 to 1861
Changed rank Jeff Johnstone San_Diego 1858 to 1862
Changed rank P Silveo San_Diego 1859 to 1863
Changed rank PJ Stoker San_Diego 1860 to 1864
Changed rank Matt Langley San_Diego 1861 to 1865
Changed rank Michael Connor San_Diego 1862 to 1866
Changed rank Andy Wayne San_Diego 1863 to 1867
Changed rank Paul Pruschki San_Diego 1864 to 1868
Changed rank Laurent Gomez San_Diego 1865 to 1869
Changed rank Henri Evard San_Diego 1866 to 1870
Changed rank Craig Rosenberg San_Diego 1867 to 1871
Changed rank David Stone San_Diego 1868 to 1872
Changed rank lidice Kocka San_Diego 1869 to 1873
Changed rank Greg Gamble San_Diego 1870 to 1874
Changed rank Kris Turek San_Diego 1871 to 1875
Changed rank Brian Matsui San_Diego 1872 to 1876
Changed rank Carrie Bitsko San_Diego 1873 to 1877
Changed rank Nicholette Doliva San_Diego 1874 to 1878
Changed rank Mike Rich San_Diego 1875 to 1879
Changed rank Cheryl Clint San_Diego 1876 to 1880
Changed rank Jayna McLeod San_Diego 1877 to 1881
Changed rank Strava Athlete San_Diego 1878 to 1882
Changed rank Arturo Garcia San_Diego 1879 to 1883
Changed rank Peter Herman San_Diego 1880 to 1884
Changed rank Emmanuel Eriksson San_Diego 1881 to 1885
Changed rank Matt Kennedy San_Diego 1882 to 1886
Changed rank Dan Romanowski San_Diego 1883 to 1887
Changed rank Armando Martinez San_Diego 1884 to 1888
Changed rank Ashley Walker San_Diego 1885 to 1889
Changed rank Patrick Reilly San_Diego 1886 to 1890
Changed rank Ron Ja San_Diego 1887 to 1891
Changed rank Sam Dillman San_Diego 1888 to 1892
Changed rank Tori  Brizzolara  San_Diego 1889 to 1893
Changed rank Christopher Ott San_Diego 1890 to 1894
Changed rank Matt Feighan San_Diego 1891 to 1895
Changed rank Jane LeGOre - ElliptiGO San_Diego 1892 to 1896
Changed rank Robyn Benensohn San_Diego 1893 to 1897
Changed rank Bernhard Ostermeier San_Diego 1894 to 1898
Changed rank Richard Castaneda San_Diego 1895 to 1899
Changed rank Zack Hogan San_Diego 1896 to 1900
Changed rank Robert Vaccari San_Diego 1897 to 1901
Changed rank Maria Hedlund San_Diego 1898 to 1902
Changed rank Ab Martinez San_Diego 1899 to 1903
Changed rank Kyle Winslow San_Diego 1900 to 1904
Changed rank Kevin YB San_Diego 1901 to 1905
Changed rank Ken Brown San_Diego 1902 to 1906
Changed rank Chris Zukowski San_Diego 1903 to 1907
Changed rank Michael Hartney San_Diego 1904 to 1908
Changed rank Rene Aguirre San_Diego 1905 to 1909
Changed rank Jorge Lee San_Diego 1906 to 1910
Changed rank dawn mount San_Diego 1907 to 1911
Changed rank John Holder San_Diego 1908 to 1912
Changed rank Marianne Zappella San_Diego 1909 to 1913
Changed rank Al Lopez San_Diego 1910 to 1914
Changed rank kristin Jensen San_Diego 1911 to 1915
Changed rank Sally Boettger San_Diego 1912 to 1916
Changed rank John Cline San_Diego 1913 to 1917
Changed rank David Fox San_Diego 1914 to 1918
Changed rank Saul Torres San_Diego 1915 to 1919
Changed rank Paul Mitchell San_Diego 1916 to 1920
Changed rank Gwen Edwards San_Diego 1917 to 1921
Changed rank Turtle Julian San_Diego 1918 to 1922
Changed rank spice 13 San_Diego 1919 to 1923
Changed rank Joey Horvitz San_Diego 1920 to 1924
Changed rank David Ragan San_Diego 1921 to 1925
Changed rank B Weaver San_Diego 1922 to 1926
Changed rank Steve Garcia San_Diego 1923 to 1927
Changed rank Gary Bulkin San_Diego 1924 to 1928
Changed rank Larry  Bodenhamer San_Diego 1925 to 1929
Changed rank Parker Hayes San_Diego 1926 to 1930
Changed rank Rocio RuizW San_Diego 1927 to 1931
Changed rank Justin Wilson San_Diego 1928 to 1932
Changed rank Dulie Malikyar San_Diego 1929 to 1933
Changed rank Frank H. San_Diego 1930 to 1934
Changed rank Renee Tang San_Diego 1931 to 1935
Changed rank Doug Turner San_Diego 1932 to 1936
Changed rank Ernie Asuelo San_Diego 1933 to 1937
Changed rank Jesús Fimbres San_Diego 1934 to 1938
Changed rank rachel wilson San_Diego 1935 to 1939
Changed rank David Vazquez San_Diego 1936 to 1940
Changed rank kevin nevinger San_Diego 1937 to 1941
Changed rank Désirée Sterling San_Diego 1938 to 1942
Changed rank David Gaunt San_Diego 1939 to 1943
Changed rank Jared England San_Diego 1940 to 1944
Changed rank David Bilodeau San_Diego 1941 to 1945
Changed rank Mary Strom San_Diego 1942 to 1946
Changed rank Barton Craig San_Diego 1943 to 1947
Changed rank Carrie Van Tatenhoven San_Diego 1944 to 1948
Changed rank Marcy Johnson San_Diego 1945 to 1949
Changed rank Kenzie Huddleston-McWidgetpumps San_Diego 1946 to 1950
Changed rank russ baker San_Diego 1947 to 1951
Changed rank Howard Smith San_Diego 1948 to 1952
Changed rank Ryan Rodman San_Diego 1949 to 1953
Changed rank Lynn Lee San_Diego 1952 to 1954
Changed rank Stephen Tramill San_Diego 1953 to 1955
Changed rank Camila Bernal San_Diego 1954 to 1956
Changed rank John Nowak San_Diego 1955 to 1957
Changed rank Carlos Hernandez  San_Diego 1956 to 1958
Changed rank Dave W San_Diego 1957 to 1959
Changed rank James Curtin San_Diego 1958 to 1960
Changed rank Tim Patterson San_Diego 1959 to 1961
Changed rank Mama Miety San_Diego 1960 to 1962
Changed rank Jeff Nerenberg San_Diego 1961 to 1963
Changed rank Not Jo Mamma San_Diego 1962 to 1964
Changed rank cuong tu San_Diego 1963 to 1965
Changed rank rachel lacy San_Diego 1965 to 1966
Changed rank Brian McCain Santa_Cruz -1 to 151
Changed rank Ivan Rodriguez Santa_Cruz 151 to 152
Changed rank Gene Selkov Santa_Cruz 152 to 153
Changed rank Roger Arnell Santa_Cruz 153 to 154
Changed rank Jeff Zamczyk Santa_Cruz 154 to 155
Changed rank Nick DiNapoli Santa_Cruz 155 to 156
Changed rank Robert Arko Santa_Cruz 156 to 157
Changed rank Salar . Santa_Cruz 157 to 158
Changed rank Juan Navarro Santa_Cruz 158 to 159
Changed rank Karl Wurzbach Santa_Cruz 159 to 160
Changed rank Jimbo Williams Santa_Cruz 160 to 161
Changed rank Ty Wallace Santa_Cruz 161 to 162
Changed rank Quentin Stossel Santa_Cruz 162 to 163
Changed rank Karl Fritzsche Santa_Cruz 163 to 164
Changed rank josh p Santa_Cruz 164 to 165
Changed rank Casey OBrien Santa_Cruz 165 to 166
Changed rank Dan Scrivner Santa_Cruz 166 to 167
Changed rank Henrik Schubert Santa_Cruz 167 to 168
Changed rank Tony Herdrich Santa_Cruz 168 to 169
Changed rank Bernie Doering Santa_Cruz 169 to 170
Changed rank Dane Johnson Santa_Cruz 170 to 171
Changed rank Jerry Seagreaves Santa_Cruz 171 to 172
Changed rank James Rainbow Santa_Cruz 172 to 173
Changed rank Robert Gaukel Santa_Cruz 173 to 174
Changed rank Melanie Wong Santa_Cruz 174 to 175
Changed rank Kevin Tufts Santa_Cruz 175 to 176
Changed rank Reece MacDonald Santa_Cruz 176 to 177
Changed rank Nick Moless Santa_Cruz 177 to 178
Changed rank Mark Legg-Compton Santa_Cruz 178 to 179
Changed rank Murray Swanson Santa_Cruz 179 to 180
Changed rank Matthew Lewsadder Santa_Cruz 180 to 181
Changed rank Jon Erskine Santa_Cruz 181 to 182
Changed rank Ryan Leech Santa_Cruz 182 to 183
Changed rank Mike Fraguglia Santa_Cruz 183 to 184
Changed rank Matt Schaupp Santa_Cruz 184 to 185
Changed rank John Winckler Santa_Cruz 185 to 186
Changed rank Gabriel Byrne Santa_Cruz 186 to 187
Changed rank scott lesan Santa_Cruz 187 to 188
Changed rank Ben Gomez Villafane Santa_Cruz 188 to 189
Changed rank Wayne Rickenbacker Santa_Cruz 189 to 190
Changed rank amos fishbein Santa_Cruz 190 to 191
Changed rank Gilberto  de Piento Santa_Cruz 191 to 192
Changed rank Nicholas Besse Santa_Cruz 192 to 193
Changed rank Trevor Bartlett Santa_Cruz 193 to 194
Changed rank Doug Baker Santa_Cruz 194 to 195
Changed rank Randy Upton Santa_Cruz 195 to 196
Changed rank Simon Lamason Santa_Cruz 196 to 197
Changed rank Martin Spierings Santa_Cruz 197 to 198
Changed rank Brian Ort Santa_Cruz 198 to 199
Changed rank Joe Holmes Santa_Cruz 199 to 200
Changed rank Justin Sorensen Santa_Cruz 200 to 201
Changed rank Hernan Gatpandan Santa_Cruz 201 to 202
Changed rank Kenji Kurita Santa_Cruz 202 to 203
Changed rank Kevin Swanson Santa_Cruz 203 to 204
Changed rank Elliot Wilkinson-ray Santa_Cruz 204 to 205
Changed rank Tom Hannigan Santa_Cruz 205 to 206
Changed rank Rich Mauger Santa_Cruz 206 to 207
Changed rank Dave Tung Santa_Cruz 207 to 208
Changed rank Marshall Jackson Santa_Cruz 208 to 209
Changed rank Gordon Mill Santa_Cruz 209 to 210
Changed rank c dub Santa_Cruz 210 to 211
Changed rank Miro Miklos Santa_Cruz 211 to 212
Changed rank Bill Fernald Santa_Cruz 212 to 213
Changed rank mckenzie sampson Santa_Cruz 213 to 214
Changed rank Aaron Alino Santa_Cruz 214 to 215
Changed rank Jim Langley Santa_Cruz 215 to 216
Changed rank Ant Wood Santa_Cruz 216 to 217
Changed rank Ross Tinline Santa_Cruz 217 to 218
Changed rank William von Kaenel Santa_Cruz 218 to 219
Changed rank Alex Lew Santa_Cruz 219 to 220
Changed rank Mattia Berardi Santa_Cruz 220 to 221
Changed rank Bhoj Rai Santa_Cruz 221 to 222
Changed rank Steve Crocker Santa_Cruz 222 to 223
Changed rank Rory Runser Santa_Cruz 223 to 224
Changed rank Katie Quinn Santa_Cruz 224 to 225
Changed rank Mike O'Connor Santa_Cruz 225 to 226
Changed rank Bobby Bowen Santa_Cruz 226 to 227
Changed rank Crissly C Santa_Cruz 227 to 228
Changed rank Steve van Loben Sels Santa_Cruz 228 to 229
Changed rank Bob Ryskamp Santa_Cruz 229 to 230
Changed rank j t Santa_Cruz 230 to 231
Changed rank Alex Szela Santa_Cruz 231 to 232
Changed rank Ed Irvine Santa_Cruz 232 to 233
Changed rank lisa b Santa_Cruz 233 to 234
Changed rank Rob Britton Santa_Cruz 234 to 235
Changed rank Andrew Smith Santa_Cruz 235 to 236
Changed rank Carl Cad Santa_Cruz 236 to 237
Changed rank John Raedeke Santa_Cruz 237 to 238
Changed rank Ezra Shaffer Santa_Cruz 238 to 239
Changed rank mark  riedy Santa_Cruz 239 to 240
Changed rank Ben Schoettgen Santa_Cruz 240 to 241
Changed rank Alex Villagran Santa_Cruz 241 to 242
Changed rank Mike ONeil Santa_Cruz 271 to 243
Changed rank Stephen Quay Santa_Cruz 242 to 244
Changed rank Matt Tufts Santa_Cruz 243 to 245
Changed rank Andrew Olson Santa_Cruz 244 to 246
Changed rank Jouko Haapanen Santa_Cruz 245 to 247
Changed rank Osman Isvan Santa_Cruz 246 to 248
Changed rank Andrew McSorley Santa_Cruz 247 to 249
Changed rank Jonathan Schneiderman Santa_Cruz 248 to 250
Changed rank Trevor Gilmore Santa_Cruz 249 to 251
Changed rank scott keller Santa_Cruz 250 to 252
Changed rank George Janour Santa_Cruz 251 to 253
Changed rank Tommy Clark Santa_Cruz 252 to 254
Changed rank Jim Capwell Santa_Cruz 253 to 255
Changed rank lisa peck Santa_Cruz 254 to 256
Changed rank Mike Jarvis Santa_Cruz 255 to 257
Changed rank James Mallory Santa_Cruz 256 to 258
Changed rank Gleb Smirnoff Santa_Cruz 257 to 259
Changed rank mark mularz Santa_Cruz 258 to 260
Changed rank Tom Dillon Santa_Cruz 259 to 261
Changed rank Richard Burton Santa_Cruz 260 to 262
Changed rank mike riordan Santa_Cruz 261 to 263
Changed rank Tom O Santa_Cruz 262 to 264
Changed rank Chris  Morris Santa_Cruz 263 to 265
Changed rank Hugh O'Brodovich Santa_Cruz 264 to 266
Changed rank catherine vanrhee Santa_Cruz 265 to 267
Changed rank Devolution 1 Santa_Cruz 266 to 268
Changed rank Adam Stepanovic Santa_Cruz 267 to 269
Changed rank Gordon Capern Santa_Cruz 268 to 270
Changed rank Andrew Biscardi Santa_Cruz 269 to 271
Changed rank Scott Pirie Santa_Cruz 270 to 272
Changed rank Zachary Ulissi Santa_Cruz 272 to 273
Changed rank Stacey Sell Santa_Cruz 273 to 274
Changed rank Lennard Hachmann Santa_Cruz 274 to 275
Changed rank Robin Young Santa_Cruz 275 to 276
Changed rank Nadir Dally Santa_Cruz 276 to 277
Changed rank Rocinante Rider Santa_Cruz 277 to 278
Changed rank Alan Antonuk Santa_Cruz 278 to 279
Changed rank Jason Wiebe Santa_Cruz 279 to 280
Changed rank Randall McRee Santa_Cruz 280 to 281
Changed rank Prender C Santa_Cruz 281 to 282
Changed rank Laura Hipp Santa_Cruz 282 to 283
Changed rank Carl  Spackler Santa_Cruz 283 to 284
Changed rank Tony Rall Santa_Cruz 284 to 285
Changed rank Ian Hersey Santa_Cruz 285 to 286
Changed rank Harold Steger Santa_Cruz 286 to 287
Changed rank Ken Fine Santa_Cruz 287 to 288
Changed rank Robert Sommer Santa_Cruz 288 to 289
Changed rank Bruno Acklin Santa_Cruz 289 to 290
Changed rank Justin Robinson Santa_Cruz 290 to 291
Changed rank Das Über  Biker Santa_Cruz 291 to 292
Changed rank Matt Bridge Santa_Cruz 292 to 293
Changed rank G K Santa_Cruz 293 to 294
Changed rank Kjeld Christensen Santa_Cruz 294 to 295
Changed rank Keith Goodwin Santa_Cruz 295 to 296
Changed rank Gerald Rooney Santa_Cruz 296 to 297
Changed rank Nicole Ricioli Santa_Cruz 297 to 298
Changed rank Will Scheel Santa_Cruz 298 to 299
Changed rank The Crendo Santa_Cruz 299 to 300
Changed rank Kerry  Stivaletti  Santa_Cruz 300 to 301
Changed rank grant little Santa_Cruz 301 to 302
Changed rank Anders Dellien Santa_Cruz 302 to 303
Changed rank Amador Vargas Santa_Cruz 303 to 304
Changed rank Edward Curly Santa_Cruz 304 to 305
Changed rank Dan Cocuzzo Santa_Cruz 305 to 306
Changed rank Jackson Currie Santa_Cruz 306 to 307
Changed rank Daniel Kaplan Santa_Cruz 307 to 308
Changed rank Eric Aldrich Santa_Cruz 308 to 309
Changed rank Bob Machlin Santa_Cruz 309 to 310
Changed rank Josh Rovner Santa_Cruz 310 to 311
Changed rank Kurtis Westbrook Santa_Cruz 311 to 312
Changed rank Rebecca Wolski Santa_Cruz 312 to 313
Changed rank Michael Webb Santa_Cruz 313 to 314
Changed rank Kenneth Jung Santa_Cruz 314 to 315
Changed rank Speed Bump Santa_Cruz 315 to 316
Changed rank Nate BECKETT Santa_Cruz 316 to 317
Changed rank Emma Ussat Santa_Cruz 317 to 318
Changed rank kevin hasenauer Santa_Cruz 318 to 319
Changed rank Jeff Pollard Santa_Cruz 319 to 320
Changed rank Ludek Hrdina Santa_Cruz 320 to 321
Changed rank jessica culnane (JAC) Santa_Cruz 321 to 322
Changed rank Yuriy Frankiv Santa_Cruz 322 to 323
Changed rank Vladan Strbac Santa_Cruz 323 to 324
Changed rank SeanPaul L Santa_Cruz 324 to 325
Changed rank Jeff Dillon Santa_Cruz 325 to 326
Changed rank Claire Mancini Santa_Cruz 326 to 327
Changed rank Barry Schwartz Santa_Cruz 327 to 328
Changed rank Keith Prince Santa_Cruz 328 to 329
Changed rank Michael Cahn Santa_Cruz 329 to 330
Changed rank Bill  Hopkins Santa_Cruz 330 to 331
Changed rank Philip Levy Santa_Cruz 331 to 332
Changed rank Rachel Haas Santa_Cruz 332 to 333
Changed rank Aisha Chow Santa_Cruz 333 to 334
Changed rank H8TER Reid Santa_Cruz 334 to 335
Changed rank Katie Compton Santa_Cruz 335 to 336
Changed rank Rogelio Olvera Santa_Cruz 336 to 337
Changed rank Mike P Santa_Cruz 337 to 338
Changed rank Maddog Michael Battin Santa_Cruz 338 to 339
Changed rank William BonDurant Santa_Cruz 339 to 340
Changed rank Sylvie Maxwell Santa_Cruz 340 to 341
Changed rank Jim Fulton Santa_Cruz 341 to 342
Changed rank Steve H Santa_Cruz 342 to 343
Changed rank MI L Santa_Cruz 343 to 344
Changed rank david imboden Santa_Cruz 344 to 345
Changed rank Mike Williams Santa_Cruz 345 to 346
Changed rank jon madsen Santa_Cruz 346 to 347
Changed rank Frank Clark Santa_Cruz 347 to 348
Changed rank kirsten spinelli Santa_Cruz 348 to 349
Changed rank Darcy A Santa_Cruz 349 to 350
Changed rank Cliff Golz Santa_Cruz 350 to 351
Changed rank Jonathan Barbus Santa_Cruz 351 to 352
Changed rank William Menchine Santa_Cruz 352 to 353
Changed rank Greg Foy Santa_Cruz 353 to 354
Changed rank Rene Hernandez Santa_Cruz 354 to 355
Changed rank Dave Del Fiugo Santa_Cruz -1 to 356
Changed rank mark watt Santa_Cruz 355 to 357
Changed rank Doug Smith Santa_Cruz 356 to 358
Changed rank Rikke K F Jeppesen Santa_Cruz 357 to 359
Changed rank wolfgang amadeus Santa_Cruz 358 to 360
Changed rank Drew Roberts Santa_Cruz 359 to 361
Changed rank Matthew Ford Santa_Cruz 360 to 362
Changed rank Omar Aguilera Santa_Cruz 361 to 363
Changed rank Robert Betthauser Santa_Cruz 362 to 364
Changed rank Matt Moorhead Santa_Cruz 363 to 365
Changed rank Bonnie Denoyer Santa_Cruz 364 to 366
Changed rank Varun Pemmaraju Santa_Cruz 365 to 367
Changed rank Mark O'Sullivan Santa_Cruz 366 to 368
Changed rank Alex Brown Santa_Cruz 367 to 369
Changed rank Harry Bidleman Santa_Cruz 479 to 370
Changed rank Joshua (UmPa LumPa) Orzech Santa_Cruz 368 to 371
Changed rank Shea Johnson Santa_Cruz 386 to 372
Changed rank Jason Fuller Santa_Cruz 369 to 373
Changed rank Ross Adams Santa_Cruz 370 to 374
Changed rank John Pollard Santa_Cruz 371 to 375
Changed rank Bill Buckley Santa_Cruz 372 to 376
Changed rank Garrett Schwegler Santa_Cruz 373 to 377
Changed rank Rick Sinclair Santa_Cruz 374 to 378
Changed rank Jacob Tanz Santa_Cruz 375 to 379
Changed rank Jeremey Bot Santa_Cruz 376 to 380
Changed rank Ethan E. Santa_Cruz 377 to 381
Changed rank Michael Bacon Santa_Cruz 378 to 382
Changed rank Paul Miller Santa_Cruz 379 to 383
Changed rank Bret Schneider Santa_Cruz 380 to 384
Changed rank Kate Quay Santa_Cruz 381 to 385
Changed rank Scott McGrath Santa_Cruz 382 to 386
Changed rank Thomas Hutchings Santa_Cruz 383 to 387
Changed rank Denis Goeury Santa_Cruz 384 to 388
Changed rank John Hillstrom Santa_Cruz 385 to 389
Changed rank White Bike Santa_Cruz 387 to 390
Changed rank Sean F Santa_Cruz 388 to 391
Changed rank Julian Moll Santa_Cruz 389 to 392
Changed rank Sarah Swigart Santa_Cruz 390 to 393
Changed rank Hector Navarro Santa_Cruz 391 to 394
Changed rank Linda Pyle Santa_Cruz 392 to 395
Changed rank Dan Toy Santa_Cruz 393 to 396
Changed rank Brian Feinberg Santa_Cruz 394 to 397
Changed rank Andrew Murray Santa_Cruz 395 to 398
Changed rank jeff smith Santa_Cruz 396 to 399
Changed rank Clark Millar Santa_Cruz 397 to 400
Changed rank Hank Tank Santa_Cruz 398 to 401
Changed rank Rick Crocker Santa_Cruz 399 to 402
Changed rank Karyn Skemp Santa_Cruz 400 to 403
Changed rank Luke Romero Santa_Cruz 401 to 404
Changed rank Lawrence C Santa_Cruz 402 to 405
Changed rank John Sevic Santa_Cruz 403 to 406
Changed rank Joe Doty Santa_Cruz 404 to 407
Changed rank Amber Schult Santa_Cruz 405 to 408
Changed rank Debra Paulsen Santa_Cruz 406 to 409
Changed rank Rich A Santa_Cruz 407 to 410
Changed rank Richard Crowley Santa_Cruz 408 to 411
Changed rank John Ricketts Santa_Cruz 409 to 412
Changed rank Preston Parry Santa_Cruz 410 to 413
Changed rank Tom Spaulding Santa_Cruz 411 to 414
Changed rank Udi Yuhjtman Santa_Cruz 412 to 415
Changed rank David Hartley Santa_Cruz 413 to 416
Changed rank Dylan van Dyke Santa_Cruz 414 to 417
Changed rank Andrew Gurewitz Santa_Cruz 415 to 418
Changed rank Eric Nelson Santa_Cruz 416 to 419
Changed rank Mike Gill Santa_Cruz 417 to 420
Changed rank Paul Wiele Santa_Cruz 418 to 421
Changed rank Kevin Neher Santa_Cruz 419 to 422
Changed rank Colin Corstorphine Santa_Cruz 420 to 423
Changed rank Diana Hellman Santa_Cruz 421 to 424
Changed rank Toby Ferguson Santa_Cruz 422 to 425
Changed rank Frank Marcos Santa_Cruz 423 to 426
Changed rank Danny Goforth Santa_Cruz 424 to 427
Changed rank shige H Santa_Cruz 425 to 428
Changed rank Mark Meyers Santa_Cruz 426 to 429
Changed rank Rob Brooks Santa_Cruz 427 to 430
Changed rank Derrick Rubalcava Santa_Cruz 428 to 431
Changed rank andrew heath Santa_Cruz 429 to 432
Changed rank steve johnson Santa_Cruz 430 to 433
Changed rank Ron Olson Santa_Cruz 431 to 434
Changed rank John Marshall Santa_Cruz 432 to 435
Changed rank Richie F Santa_Cruz 433 to 436
Changed rank Devin Minnich Santa_Cruz 434 to 437
Changed rank Ashley Fouts Santa_Cruz 435 to 438
Changed rank Shai Simchi Santa_Cruz 436 to 439
Changed rank Rick W. Santa_Cruz 437 to 440
Changed rank Ken Nelsen Santa_Cruz 438 to 441
Changed rank Sam Vroomen Santa_Cruz 439 to 442
Changed rank Richard Sullivan Jr. Santa_Cruz 440 to 443
Changed rank Ryan Wilson Santa_Cruz 441 to 444
Changed rank Rudy Melo Santa_Cruz 442 to 445
Changed rank Raz Alon Santa_Cruz 443 to 446
Changed rank Steve Stewart Santa_Cruz 444 to 447
Changed rank Felicity Adler  Santa_Cruz 445 to 448
Changed rank Neil Macc Santa_Cruz 446 to 449
Changed rank Daniel Thompson Santa_Cruz 447 to 450
Changed rank sean estes Santa_Cruz 448 to 451
Changed rank Jackie Lynn Santa_Cruz 449 to 452
Changed rank Chris Riekert Santa_Cruz 450 to 453
Changed rank Eduardo F. Llach Santa_Cruz 451 to 454
Changed rank Peter Michael Santa_Cruz 452 to 455
Changed rank Darren Churchill Santa_Cruz 453 to 456
Changed rank David Kirkpatrick Santa_Cruz 454 to 457
Changed rank Isaac Mancini Santa_Cruz 455 to 458
Changed rank patrick plicka Santa_Cruz 456 to 459
Changed rank Mike Murray Santa_Cruz -1 to 460
Changed rank Roy Ross Santa_Cruz 609 to 461
Changed rank Jackson Pickell Santa_Cruz 457 to 462
Changed rank Steve Miller Santa_Cruz 458 to 463
Changed rank Marc Goroff Santa_Cruz 459 to 464
Changed rank Jay Slivkoff Santa_Cruz 460 to 465
Changed rank Carol  Alexander Santa_Cruz 461 to 466
Changed rank Caitlin Lakey Santa_Cruz -1 to 467
Changed rank Everardo Lomeli Santa_Cruz 462 to 468
Changed rank mark shahinian Santa_Cruz 463 to 469
Changed rank Ray Persico Santa_Cruz 464 to 470
Changed rank Rob Cuneo Santa_Cruz 465 to 471
Changed rank Jeff Farnsworth Santa_Cruz -1 to 472
Changed rank Bernard Zylberberg Santa_Cruz 466 to 473
Changed rank Michael Bestvina Santa_Cruz 467 to 474
Changed rank The Green One Santa_Cruz 468 to 475
Changed rank William Sullivan Santa_Cruz 469 to 476
Changed rank Michael Dhuey Santa_Cruz 470 to 477
Changed rank Jackalope Mack Santa_Cruz 471 to 478
Changed rank Nina Giraudo Santa_Cruz 472 to 479
Changed rank Aaron Seiter Santa_Cruz 473 to 480
Changed rank Johnny Cerrito Santa_Cruz 474 to 481
Changed rank Karl Braitberg Santa_Cruz 475 to 482
Changed rank Vicki Foshay Santa_Cruz 476 to 483
Changed rank Megan Melack Santa_Cruz 477 to 484
Changed rank Rich Henthorn Santa_Cruz 478 to 485
Changed rank scott morey Santa_Cruz 480 to 486
Changed rank Jo Fleming Santa_Cruz 481 to 487
Changed rank roxanne harrison Santa_Cruz 482 to 488
Changed rank Nathaniel Toll Santa_Cruz 483 to 489
Changed rank Tracy Kubo Santa_Cruz 484 to 490
Changed rank Bill P Santa_Cruz 485 to 491
Changed rank Jennifer Wilson Santa_Cruz 486 to 492
Changed rank Myspeedyturtle@yahoo.com Wester Santa_Cruz 487 to 493
Changed rank Wink Saville Santa_Cruz 488 to 494
Changed rank Richie V Santa_Cruz 489 to 495
Changed rank Chris Robinson Santa_Cruz 490 to 496
Changed rank Mercedes  Sousa Santa_Cruz 491 to 497
Changed rank Jeff Donnelly Santa_Cruz 492 to 498
Changed rank Nathaniel Dixon Santa_Cruz 493 to 499
Changed rank Arik Flo Santa_Cruz 494 to 500
Changed rank Rick Hyman Santa_Cruz 495 to 501
Changed rank Kacey Ballard Santa_Cruz 496 to 502
Changed rank john kinsella Santa_Cruz 497 to 503
Changed rank Perry Fox Santa_Cruz 498 to 504
Changed rank Chris Davies Santa_Cruz 499 to 505
Changed rank John Ballard Santa_Cruz 500 to 506
Changed rank Jerryllj Woodward Santa_Cruz 501 to 507
Changed rank Alex Schwartz Santa_Cruz 502 to 508
Changed rank Tammy Wilson Santa_Cruz 503 to 509
Changed rank Charles May Santa_Cruz 504 to 510
Changed rank Tim Tanguay Santa_Cruz 505 to 511
Changed rank Charles McCaffery Santa_Cruz 506 to 512
Changed rank Casey Le Jeune Santa_Cruz 507 to 513
Changed rank Stephanie Kaplan Santa_Cruz 508 to 514
Changed rank Phil Bergman Santa_Cruz 509 to 515
Changed rank David Shih Santa_Cruz 510 to 516
Changed rank Sophie Ballo Santa_Cruz 511 to 517
Changed rank Kyle Young Santa_Cruz 512 to 518
Changed rank Lionel B Santa_Cruz 513 to 519
Changed rank Rita Jett Santa_Cruz 514 to 520
Changed rank Tom . Santa_Cruz 515 to 521
Changed rank Matt Schwartz Santa_Cruz 516 to 522
Changed rank Mike Tolaio Santa_Cruz 517 to 523
Changed rank Benjamin  Walker Santa_Cruz 518 to 524
Changed rank Scott  Mellberg Santa_Cruz 519 to 525
Changed rank Rick Flores Santa_Cruz 520 to 526
Changed rank Crosby Freeman Santa_Cruz 521 to 527
Changed rank Morgan Hodges Santa_Cruz 522 to 528
Changed rank Zora Thomas Santa_Cruz 523 to 529
Changed rank Jaime Lucas Santa_Cruz 524 to 530
Changed rank Michael Ross Santa_Cruz 525 to 531
Changed rank Rick Pettigrew Santa_Cruz 526 to 532
Changed rank Harold Whaley Santa_Cruz 527 to 533
Changed rank Chris Kyle Santa_Cruz 528 to 534
Changed rank Steve Castro Santa_Cruz 605 to 535
Changed rank Jayson Gillespie Santa_Cruz 529 to 536
Changed rank Jennifer Ivey Santa_Cruz 530 to 537
Changed rank Elias Nacif Santa_Cruz 531 to 538
Changed rank Lonni Goldman Santa_Cruz 690 to 539
Changed rank Jason Ross Santa_Cruz -1 to 540
Changed rank jonny fades Santa_Cruz 532 to 541
Changed rank John Losito Santa_Cruz 533 to 542
Changed rank Jack Schluckbier Santa_Cruz 534 to 543
Changed rank Patrick Flaherty Santa_Cruz 535 to 544
Changed rank Scott Calvert Santa_Cruz -1 to 545
Changed rank Stephanie Snaman Santa_Cruz -1 to 546
Changed rank Andrew Murray Santa_Cruz 536 to 547
Changed rank Chris Buzzard Santa_Cruz 537 to 548
Changed rank Chris O'Keefe Santa_Cruz 538 to 549
Changed rank Cory Lermo Santa_Cruz 539 to 550
Changed rank Bernardo Tapia Santa_Cruz 540 to 551
Changed rank Bronwen Lacey Santa_Cruz 541 to 552
Changed rank vasu ganti Santa_Cruz -1 to 553
Changed rank Brian Delcore Santa_Cruz 542 to 554
Changed rank Kyle Ferriswheel Santa_Cruz 543 to 555
Changed rank Ray Connelly Santa_Cruz 544 to 556
Changed rank Rob Delfosse Santa_Cruz 545 to 557
Changed rank Frank H. Santa_Cruz 546 to 558
Changed rank Greg Rauch Santa_Cruz 547 to 559
Changed rank Bosticman ! Santa_Cruz 548 to 560
Changed rank Keith Kambies Santa_Cruz 549 to 561
Changed rank Terrie Fontes Santa_Cruz -1 to 562
Changed rank David Finlayson Santa_Cruz 550 to 563
Changed rank Dylan Reid Santa_Cruz 551 to 564
Changed rank Virginia Vaquero Casey Santa_Cruz 552 to 565
Changed rank Peter Anderson-Sprecher Santa_Cruz 553 to 566
Changed rank Mike Galarza Santa_Cruz 554 to 567
Changed rank Johann Koenig Santa_Cruz 555 to 568
Changed rank niki jaimes Santa_Cruz 556 to 569
Changed rank Chris Chase Santa_Cruz 557 to 570
Changed rank Pradeep Subrahmanyan Santa_Cruz 558 to 571
Changed rank Anna Banana Santa_Cruz 559 to 572
Changed rank Jumbo . Santa_Cruz 560 to 573
Changed rank Ricardo Roullard Santa_Cruz 561 to 574
Changed rank Brian Fennell Santa_Cruz 562 to 575
Changed rank Laurent Droin Santa_Cruz 563 to 576
Changed rank Liz Zard Santa_Cruz 564 to 577
Changed rank Derek Timm Santa_Cruz 565 to 578
Changed rank Andrew Valentine Santa_Cruz 566 to 579
Changed rank Christian Huck Santa_Cruz 567 to 580
Changed rank Glenn Blackler Santa_Cruz 568 to 581
Changed rank Tad Osada Santa_Cruz 569 to 582
Changed rank Eugene Bernosky Santa_Cruz 570 to 583
Changed rank Jay Farrimond Santa_Cruz 571 to 584
Changed rank hani juha Santa_Cruz 572 to 585
Changed rank chuck neerdaels Santa_Cruz 573 to 586
Changed rank Bill Thanos Santa_Cruz 574 to 587
Changed rank Lindsay Barlow Santa_Cruz 575 to 588
Changed rank Grateful Pepe Santa_Cruz 576 to 589
Changed rank david sexton Santa_Cruz 577 to 590
Changed rank William Sherwin Santa_Cruz 578 to 591
Changed rank John VB Santa_Cruz 579 to 592
Changed rank Liz Otto Hamel Santa_Cruz 580 to 593
Changed rank Nipper Kettle Santa_Cruz 581 to 594
Changed rank Jaap Salm Santa_Cruz 582 to 595
Changed rank Christoph Schuba Santa_Cruz 583 to 596
Changed rank Nick Crafford Santa_Cruz 584 to 597
Changed rank Rusty Greer Santa_Cruz 585 to 598
Changed rank Steve Bourdow Santa_Cruz 586 to 599
Changed rank Tom Davis Santa_Cruz 587 to 600
Changed rank Jacob Baty Santa_Cruz 588 to 601
Changed rank Joe Wheadon Santa_Cruz 589 to 602
Changed rank Liz Maples Santa_Cruz 590 to 603
Changed rank Mark Edington Santa_Cruz 591 to 604
Changed rank Mark Pietrofesa Santa_Cruz 592 to 605
Changed rank Drew Hoffman Santa_Cruz 593 to 606
Changed rank Duane Martindale Santa_Cruz 594 to 607
Changed rank Mark McKee Santa_Cruz 595 to 608
Changed rank James S Santa_Cruz 596 to 609
Changed rank Kika P Santa_Cruz 597 to 610
Changed rank Melvin Vaughn Santa_Cruz 598 to 611
Changed rank David Paulsen Santa_Cruz 599 to 612
Changed rank Rowdy Burns Santa_Cruz 600 to 613
Changed rank A.J. Bates Santa_Cruz 601 to 614
Changed rank Rick Randall Santa_Cruz 602 to 615
Changed rank Devin  Tomcik Santa_Cruz 603 to 616
Changed rank Eric Tucker Santa_Cruz 604 to 617
Changed rank Joe Ferguson Santa_Cruz 606 to 618
Changed rank Markus Christen Santa_Cruz 607 to 619
Changed rank Michael Machlin Santa_Cruz 608 to 620
Changed rank Paul Weir Santa_Cruz 610 to 621
Changed rank Allan Erbes Santa_Cruz 611 to 622
Changed rank Jerry Woodward Santa_Cruz 612 to 623
Changed rank Kyle Leliaert Santa_Cruz 613 to 624
Changed rank Nick Brustin Santa_Cruz 614 to 625
Changed rank Ata Puma Santa_Cruz 615 to 626
Changed rank Evan Roseman Santa_Cruz 616 to 627
Changed rank Nick Shain Santa_Cruz 617 to 628
Changed rank Bill Marley Santa_Cruz 618 to 629
Changed rank Aliya Traficante Santa_Cruz 619 to 630
Changed rank Randi Shiromizu Santa_Cruz 620 to 631
Changed rank Gary Goldman Santa_Cruz 621 to 632
Changed rank Dave Pechner Santa_Cruz 622 to 633
Changed rank Martin Guess Santa_Cruz 623 to 634
Changed rank Nikolai K Santa_Cruz 624 to 635
Changed rank Jeremy Turpen Santa_Cruz 625 to 636
Changed rank Danger Gales Santa_Cruz 626 to 637
Changed rank Cody Gin Santa_Cruz 627 to 638
Changed rank Tom Mattinson Santa_Cruz 628 to 639
Changed rank Brooke McMillen Santa_Cruz 629 to 640
Changed rank Doug Rawson Santa_Cruz 630 to 641
Changed rank S C Santa_Cruz 631 to 642
Changed rank mark mcmillen Santa_Cruz 632 to 643
Changed rank Levey Tran Santa_Cruz 633 to 644
Changed rank Bob Williams Santa_Cruz 634 to 645
Changed rank Robert Terhune Santa_Cruz 635 to 646
Changed rank Paul Schraub Santa_Cruz 636 to 647
Changed rank Virginia Solomon Santa_Cruz 637 to 648
Changed rank Alexis DeZubiria Santa_Cruz 638 to 649
Changed rank Mike Heckel Santa_Cruz 639 to 650
Changed rank Hanna Inman Santa_Cruz 640 to 651
Changed rank Anthony Cross Santa_Cruz 641 to 652
Changed rank Steve Katz Santa_Cruz 642 to 653
Changed rank Ben Popper Santa_Cruz 643 to 654
Changed rank Covey Potter Santa_Cruz 644 to 655
Changed rank Annie Warr Santa_Cruz 645 to 656
Changed rank Bruce Roberts Santa_Cruz 646 to 657
Changed rank Tim Lange Santa_Cruz -1 to 658
Changed rank Art Rios Santa_Cruz 647 to 659
Changed rank Adam Schneiberg Santa_Cruz 648 to 660
Changed rank KIRSTEN MCDANIEL Santa_Cruz 649 to 661
Changed rank Timothy Denney Santa_Cruz 650 to 662
Changed rank Emmanuel Cole Santa_Cruz 651 to 663
Changed rank Bonnie F Santa_Cruz 652 to 664
Changed rank Brian Strehlke Santa_Cruz 653 to 665
Changed rank Justin Thompson Santa_Cruz 654 to 666
Changed rank Nana Ellis Santa_Cruz 655 to 667
Changed rank Kevin Gregory Santa_Cruz 656 to 668
Changed rank Steve Gray Santa_Cruz 657 to 669
Changed rank Jim Leney Santa_Cruz 658 to 670
Changed rank Eric Gilmore Santa_Cruz 659 to 671
Changed rank Brian Knowles Santa_Cruz 660 to 672
Changed rank Jennifer Baer Santa_Cruz 661 to 673
Changed rank Scott Brown Santa_Cruz 662 to 674
Changed rank Jim Kozelka Santa_Cruz 663 to 675
Changed rank Eric Cheung Santa_Cruz 664 to 676
Changed rank Shred Chic Santa_Cruz 665 to 677
Changed rank J l Santa_Cruz 666 to 678
Changed rank Michael Gonzales Santa_Cruz 667 to 679
Changed rank brenda sherriffs Santa_Cruz 668 to 680
Changed rank Diana Jew Santa_Cruz 669 to 681
Changed rank Christy Thompson Santa_Cruz 670 to 682
Changed rank Bobby Bosch Santa_Cruz 671 to 683
Changed rank henrik jones Santa_Cruz 672 to 684
Changed rank David Eliott Gutierrez Santa_Cruz 673 to 685
Changed rank James Casad Santa_Cruz 674 to 686
Changed rank Mark Brown Santa_Cruz 675 to 687
Changed rank Debbie Teixeira Santa_Cruz 676 to 688
Changed rank Bobby A Santa_Cruz 677 to 689
Changed rank Judy Isvan Santa_Cruz 678 to 690
Changed rank April Becerra Santa_Cruz 679 to 691
Changed rank Will Ockelton Santa_Cruz 680 to 692
Changed rank Matthew Bitterman Santa_Cruz 681 to 693
Changed rank lloyd tabb Santa_Cruz 682 to 694
Changed rank Chris Grube and Carolyn Collman Santa_Cruz 683 to 695
Changed rank JC Moran Santa_Cruz 684 to 696
Changed rank Gary Perkin Santa_Cruz 685 to 697
Changed rank Emmanuel Laffon Santa_Cruz 686 to 698
Changed rank Paul Wieczorek Santa_Cruz 687 to 699
Changed rank Terry & Lynn Rueter (Tandem) Santa_Cruz 688 to 700
Changed rank Lois Springsteen Santa_Cruz 689 to 701
Changed rank Chris (tandem) Hamilton Santa_Cruz 691 to 702
Changed rank Chuck McLeod Santa_Cruz 692 to 703
Changed rank Tom Gorton Santa_Cruz 693 to 704
Changed rank Jeanine Spence Santa_Cruz 694 to 705
Changed rank Kevin Kozar Santa_Cruz 695 to 706
Changed rank Terry Rueter Santa_Cruz 696 to 707
Changed rank Jared Kluesner Santa_Cruz 697 to 708
Changed rank Andrew Taylor Santa_Cruz 698 to 709
Changed rank Bruce Fox Santa_Cruz 699 to 710
Changed rank Cat on a Bike Santa_Cruz 700 to 711
Changed rank Mitch Barlas Santa_Cruz 701 to 712
Changed rank Simon Ellis Santa_Cruz 702 to 713
Changed rank Amanda Pinther Santa_Cruz 703 to 714
Changed rank John Saranto M.D. Santa_Cruz 704 to 715
Changed rank Danny Brothers Santa_Cruz 705 to 716
Changed rank Kendra Locke Santa_Cruz 706 to 717
Changed rank Chris Plakos Santa_Cruz 707 to 718
Changed rank Tom M Santa_Cruz 708 to 719
Changed rank Brigitte Sundman Santa_Cruz 709 to 720
Changed rank Adrian Norman Santa_Cruz 710 to 721
Changed rank Max Moorman Santa_Cruz 711 to 722
Changed rank Ian M Santa_Cruz 712 to 723
Changed rank Henry G Santa_Cruz 713 to 724
Changed rank Doug Johnston Santa_Cruz 714 to 725
Changed rank Shannon Breein Santa_Cruz 715 to 726
Changed rank Paul Betlem Santa_Cruz 716 to 727
Changed rank Tore Nauta Santa_Cruz 717 to 728
Changed rank Frank Aiello Santa_Cruz 718 to 729
Changed rank Kari Mertz Santa_Cruz 719 to 730
Changed rank Douglas Hughmanick Santa_Cruz 720 to 731
Changed rank Ray Glasstone Santa_Cruz 721 to 732
Changed rank Michael Wishart Santa_Cruz 722 to 733
Changed rank Brian Eddy Santa_Cruz 723 to 734
Changed rank Sandra Powell Santa_Cruz 724 to 735
Changed rank Nelson Crandall Santa_Cruz 725 to 736
Changed rank Elizabeth Greer Santa_Cruz 726 to 737
Changed rank tina forsman Santa_Cruz 727 to 738
Changed rank Helen Hudson Santa_Cruz 728 to 739
Changed rank Guy Bautista Santa_Cruz 729 to 740
Changed rank Kathryn V Santa_Cruz 730 to 741
Changed rank Sveta Bailey Santa_Cruz 731 to 742
Changed rank Rich Carpenter Santa_Cruz 732 to 743
Changed rank Sunny McKee Santa_Cruz 733 to 744
Changed rank David McCutcheon Santa_Cruz 734 to 745
Changed rank Shannon B Santa_Cruz 735 to 746
Changed rank jill wegenstein Santa_Cruz 736 to 747
Changed rank paul murphy Santa_Cruz 737 to 748
Changed rank Robin Duffy Santa_Cruz 738 to 749
Changed rank Craig Lim Santa_Cruz 739 to 750
Changed rank Pete Irwin Santa_Cruz 740 to 751
Changed rank Matthew Watson Santa_Cruz 741 to 752
Changed rank Randi Gold Santa_Cruz 742 to 753
Changed rank Kaui Chun DeMarzo Santa_Cruz 743 to 754
Changed rank Ramakrishna Kakarala Santa_Cruz 744 to 755
Changed rank Cliff Hodges Santa_Cruz 745 to 756
Changed rank Robert Sexton Santa_Cruz 746 to 757
Changed rank Rebecca Tilley Santa_Cruz 747 to 758
Changed rank Mindy Steiner Santa_Cruz 748 to 759
Changed rank Christina Chang Santa_Cruz 749 to 760
Changed rank jyri virkki Santa_Cruz 750 to 761
Changed rank Paul Garcia Santa_Cruz 751 to 762
Changed rank Paul Ries Santa_Cruz 752 to 763
Changed rank Amy Yu Santa_Cruz 753 to 764
Changed rank Gary Hongista Santa_Cruz 754 to 765
Changed rank Gabriel Sturdevant Santa_Cruz 755 to 766
Changed rank Tom Brandow  Santa_Cruz 756 to 767
Changed rank Jordan Le Santa_Cruz 757 to 768
Changed rank Ernie Keller Santa_Cruz 758 to 769
Changed rank Cindy Asrir Santa_Cruz 759 to 770
Changed rank Quincy Okobi Santa_Cruz 760 to 771
Changed rank sean honda Santa_Cruz 761 to 772
Changed rank Anthony Rodriguez Santa_Cruz 762 to 773
Changed rank Tish Davis Santa_Cruz 763 to 774
Changed rank Guy Shuman Santa_Cruz 764 to 775
Changed rank Fortune Fresquez Santa_Cruz 765 to 776
Changed rank Ary Aryapour Santa_Cruz 766 to 777
Changed rank Julie Francis Santa_Cruz 767 to 778
Changed rank julio martinez Santa_Cruz 768 to 779
Changed rank ellis hepburn Santa_Cruz 769 to 780
Changed rank Erica Murphy Santa_Cruz 770 to 781
Changed rank Paul Giordano Santa_Cruz 771 to 782
Changed rank Erik Wiele Santa_Cruz 772 to 783
Changed rank johan dekleer Santa_Cruz 773 to 784
Changed rank Stefanie Gee Santa_Cruz 774 to 785
Changed rank Jack Joseph Santa_Cruz 775 to 786
Changed rank Dan Moroni Santa_Cruz 776 to 787
Deleted score: Rachel Hsu 671 Twin Peaks
Deleted score: stacey kayden 3 Twin Peaks
Deleted score: Junyi Li 17 Legion of Honor Hill
Deleted score: Jordan Sanders 17 Legion of Honor Hill
Deleted score: Edoardo Serra 17 Legion of Honor Hill
Changed rank Elise Hazlewood San_Francisco 217 to 216
Changed rank Mark C San_Francisco 218 to 217
Changed rank Shaena Berlin San_Francisco 219 to 218
Changed rank Silas Patlove San_Francisco 220 to 219
Changed rank Thomas  Newmeyer San_Francisco 221 to 220
Changed rank Noah Horton San_Francisco 222 to 221
Changed rank David Mongan San_Francisco 223 to 222
Changed rank Mark Wheeler San_Francisco 224 to 223
Changed rank Patrick Krecker San_Francisco 225 to 224
Changed rank Chris David San_Francisco 226 to 225
Changed rank Mario Duarte San_Francisco 227 to 226
Changed rank andrew vontz San_Francisco 228 to 227
Changed rank Nicholas Corr San_Francisco 229 to 228
Changed rank Nicholas Chen San_Francisco 230 to 229
Changed rank Aaron Mullagh San_Francisco 231 to 230
Changed rank Jeremy Atkinson San_Francisco 232 to 231
Changed rank Keith Hamrick San_Francisco 233 to 232
Changed rank Davide Di Cillo San_Francisco 234 to 233
Changed rank Greg  Hillson : Bar Fly San_Francisco 235 to 234
Changed rank christophee williama San_Francisco 236 to 235
Changed rank chris slaymaker San_Francisco 237 to 236
Changed rank Barry Burton San_Francisco 238 to 237
Changed rank Kurt Brown San_Francisco 239 to 238
Changed rank Madden Titus San_Francisco 240 to 239
Changed rank Anthony Lam San_Francisco 241 to 240
Changed rank Peter Gillespie San_Francisco 242 to 241
Changed rank Jerome TAVE San_Francisco 243 to 242
Changed rank Brooks Sizemore San_Francisco 244 to 243
Changed rank J Tomasi San_Francisco 245 to 244
Changed rank Oscar Martinsson San_Francisco 246 to 245
Changed rank Amadeus Vogelsang San_Francisco 247 to 246
Changed rank Andreas Vogel San_Francisco 248 to 247
Changed rank Jean Pappalardo San_Francisco 249 to 248
Changed rank Milton Chui San_Francisco 250 to 249
Changed rank Simon Gardiner San_Francisco 251 to 250
Changed rank James Leonard San_Francisco 252 to 251
Changed rank Carson McDaniel San_Francisco 253 to 252
Changed rank Alex Macintosh San_Francisco 254 to 253
Changed rank Joe Flannery San_Francisco 255 to 254
Changed rank Jason Gonzales San_Francisco 256 to 255
Changed rank Michael  Seretan San_Francisco 257 to 256
Changed rank Alena Kernasovska San_Francisco 258 to 257
Changed rank Jim Santos San_Francisco 259 to 258
Changed rank Guenael Legoupil San_Francisco 260 to 259
Changed rank Taylor Sasso San_Francisco 261 to 260
Changed rank Galen Wolfe-Pauly San_Francisco 262 to 261
Changed rank Ted Tilles San_Francisco 263 to 262
Changed rank Andreas Bezamat-Homer San_Francisco 264 to 263
Changed rank Shea Nolan San_Francisco 265 to 264
Changed rank Brad Handel San_Francisco 266 to 265
Changed rank Mathew Bittleston San_Francisco 267 to 266
Changed rank Drake Hawthorne San_Francisco 268 to 267
Changed rank w woo San_Francisco 269 to 268
Changed rank Maggie Lonergan San_Francisco 270 to 269
Changed rank blake kasemeier San_Francisco 271 to 270
Changed rank Virgilio Pigliucci San_Francisco 272 to 271
Changed rank Bingo . San_Francisco 273 to 272
Changed rank Berto Twerks San_Francisco 274 to 273
Changed rank Evan Show San_Francisco 275 to 274
Changed rank Kendall Jackson San_Francisco 276 to 275
Changed rank leonard garza San_Francisco 277 to 276
Changed rank Andrew Schmidt San_Francisco 278 to 277
Changed rank Keith Tyran San_Francisco 279 to 278
Changed rank Doris Tang San_Francisco 280 to 279
Changed rank Ruben van der Dussen San_Francisco 281 to 280
Changed rank John McKenna San_Francisco 282 to 281
Changed rank Cj Rose San_Francisco 283 to 282
Changed rank Mitch Bailey San_Francisco 284 to 283
Changed rank Brian J Foey San_Francisco 285 to 284
Changed rank Jason Thorpe San_Francisco 286 to 285
Changed rank Jake Perkins San_Francisco 287 to 286
Changed rank Peter Koch San_Francisco 288 to 287
Changed rank Jeff Dickison San_Francisco 289 to 288
Changed rank Sean Klimchalk San_Francisco 290 to 289
Changed rank The Beezer San_Francisco 291 to 290
Changed rank Justin Green San_Francisco 292 to 291
Changed rank Barry O'Brien San_Francisco 293 to 292
Changed rank Andre Carriao San_Francisco 294 to 293
Changed rank Jeff Eisenberg San_Francisco 295 to 294
Changed rank Ed Nicolson San_Francisco 296 to 295
Changed rank Wayne Puckett San_Francisco 297 to 296
Changed rank Mei Yan San_Francisco 298 to 297
Changed rank Allan Noble San_Francisco 299 to 298
Changed rank Andrew Baron San_Francisco 300 to 299
Changed rank Stephen Youngblade San_Francisco 301 to 300
Changed rank Giles Goodwin San_Francisco 302 to 301
Changed rank Andrew Law San_Francisco 303 to 302
Changed rank Brett G San_Francisco 304 to 303
Changed rank Charles Martin San_Francisco 305 to 304
Changed rank Ryan Spurlock San_Francisco 306 to 305
Changed rank Hakan Ceylan San_Francisco 307 to 306
Changed rank Randy Shelton San_Francisco 308 to 307
Changed rank Paul DesRosiers San_Francisco 309 to 308
Changed rank Rob Jonas San_Francisco 310 to 309
Changed rank Steve Shiotsu San_Francisco 311 to 310
Changed rank Ezra Becker San_Francisco 312 to 311
Changed rank Ryan Arnaudin San_Francisco 313 to 312
Changed rank Michael Kopp San_Francisco 314 to 313
Changed rank andre yousefi San_Francisco 315 to 314
Changed rank Nathaniel N. San_Francisco 316 to 315
Changed rank Vernon Piccinotti San_Francisco 317 to 316
Changed rank Stephen Touset San_Francisco 318 to 317
Changed rank Wayne Chang San_Francisco 319 to 318
Changed rank mykill loney San_Francisco 320 to 319
Changed rank Brian Bailey San_Francisco 321 to 320
Changed rank Jake Beyer San_Francisco 322 to 321
Changed rank Simon Tuttle San_Francisco 323 to 322
Changed rank Jonathan Pelsis San_Francisco 324 to 323
Changed rank Ilya Weber San_Francisco 325 to 324
Changed rank Reid Griggs San_Francisco 326 to 325
Changed rank John Provine San_Francisco 327 to 326
Changed rank Chris Upjohn San_Francisco 328 to 327
Changed rank Nolan S San_Francisco 329 to 328
Changed rank Chris Kernaghan San_Francisco 330 to 329
Changed rank Troy Mock San_Francisco 331 to 330
Changed rank Scott W San_Francisco 332 to 331
Changed rank dave keane San_Francisco 333 to 332
Changed rank L O San_Francisco 334 to 333
Changed rank Diarmuid Russell San_Francisco 335 to 334
Changed rank Drew Haugen San_Francisco 336 to 335
Changed rank Ian Dennis San_Francisco 337 to 336
Changed rank John Nie San_Francisco 338 to 337
Changed rank Derek Lindner San_Francisco 339 to 338
Changed rank Andrew Ledvina San_Francisco 340 to 339
Changed rank matt davis San_Francisco 341 to 340
Changed rank Yao Saetern // Lost Dog Cycling San_Francisco 342 to 341
Changed rank Jason Green San_Francisco 343 to 342
Changed rank Nick Gilligan San_Francisco 344 to 343
Changed rank drew smith San_Francisco 345 to 344
Changed rank Neal Dessouky San_Francisco 346 to 345
Changed rank Patrick Callan San_Francisco 347 to 346
Changed rank Joss Giddings San_Francisco 348 to 347
Changed rank Carl Shawver San_Francisco 349 to 348
Changed rank Christopher Goode San_Francisco 350 to 349
Changed rank Steve Pelaez San_Francisco 351 to 350
Changed rank Adam Brown San_Francisco 352 to 351
Changed rank Chester O.G. San_Francisco 353 to 352
Changed rank Daniel Chao San_Francisco 354 to 353
Changed rank Chris Waddling San_Francisco 355 to 354
Changed rank Nathaniel vonFischer San_Francisco 356 to 355
Changed rank Stephen Lambe San_Francisco 357 to 356
Changed rank Chad Roffey San_Francisco 363 to 357
Changed rank Jason Johnson San_Francisco 364 to 363
Changed rank Michael Coughlan San_Francisco 365 to 364
Changed rank Eirik Oeyo  San_Francisco 366 to 365
Changed rank Peter Smith San_Francisco 367 to 366
Changed rank Ethan Bold San_Francisco 368 to 367
Changed rank Chris Furgiuele San_Francisco 369 to 368
Changed rank Rufino Santos San_Francisco 370 to 369
Changed rank Colby Holliday San_Francisco 371 to 370
Changed rank Brad Eastham San_Francisco 372 to 371
Changed rank Jim Haack  San_Francisco 373 to 372
Changed rank Jess Lin San_Francisco 374 to 373
Changed rank Youenn _ San_Francisco 375 to 374
Changed rank Michael Metcalf San_Francisco 376 to 375
Changed rank Philip Rogers San_Francisco 377 to 376
Changed rank John Nickerson San_Francisco 378 to 377
Changed rank Joseph Dinh San_Francisco 379 to 378
Changed rank Bill Poppen San_Francisco 380 to 379
Changed rank Ross Nakamura San_Francisco 381 to 380
Changed rank Christian Byza San_Francisco 382 to 381
Changed rank Nathaniel Villanueva San_Francisco 383 to 382
Changed rank Scott Palmer San_Francisco 384 to 383
Changed rank Hannah Stonefield San_Francisco 385 to 384
Changed rank Justin Montante San_Francisco 386 to 385
Changed rank Jenn Chan San_Francisco 387 to 386
Changed rank Tom Rocks San_Francisco 388 to 387
Changed rank Kevin Morrison San_Francisco 389 to 388
Changed rank jay suarez San_Francisco 390 to 389
Changed rank Zeke Mostov San_Francisco 391 to 390
Changed rank Justin Levy San_Francisco 392 to 391
Changed rank Bruce Davie San_Francisco 393 to 392
Changed rank Bryan Fox San_Francisco 1123 to 393
Changed rank Rachel Hsu San_Francisco 216 to 615
Changed rank Mark Dawson San_Francisco 615 to 616
Changed rank jeff louie San_Francisco 616 to 617
Changed rank Cameron Wagstaff San_Francisco 617 to 618
Changed rank Lucas Hasserjian San_Francisco 618 to 619
Changed rank Zach Kemp San_Francisco 619 to 620
Changed rank Padraic Hannon San_Francisco 620 to 621
Changed rank Hans Gunnar Ostenstad San_Francisco 621 to 622
Changed rank Moritz Steiner San_Francisco 622 to 623
Changed rank Rudy Gustafson San_Francisco 623 to 624
Changed rank jordan kienzle San_Francisco 624 to 625
Changed rank Brian Hanscel San_Francisco 625 to 626
Changed rank Bryan Hunt San_Francisco 626 to 627
Changed rank Pritpal Singh San_Francisco 627 to 628
Changed rank Kevin Ruud San_Francisco 628 to 629
Changed rank Stephen Akridge San_Francisco 629 to 630
Changed rank Kirk Hasserjian San_Francisco 630 to 631
Changed rank Tony Knott San_Francisco 631 to 632
Changed rank Drew Robb San_Francisco 632 to 633
Changed rank Bradley Hughes San_Francisco 633 to 634
Changed rank Andrew Bro San_Francisco 634 to 635
Changed rank Patrick Madigan San_Francisco 635 to 636
Changed rank Jan Pena San_Francisco 636 to 637
Changed rank Juan Caicedo San_Francisco 637 to 638
Changed rank Byron Hood San_Francisco 638 to 639
Changed rank Mike Hardy San_Francisco 639 to 640
Changed rank Neil Rapmund San_Francisco 640 to 641
Changed rank Lynden McLaughlan San_Francisco 641 to 642
Changed rank Drop Dead San_Francisco 642 to 643
Changed rank Mark Haldenby San_Francisco 643 to 644
Changed rank Esteban Mario Angeletti San_Francisco 644 to 645
Changed rank Jordan Rosen San_Francisco 645 to 646
Changed rank Tim Hoehn San_Francisco 646 to 647
Changed rank Alessandra Sales San_Francisco 647 to 648
Changed rank Scott Rossi San_Francisco 648 to 649
Changed rank Andrew Lyon San_Francisco 649 to 650
Changed rank Duncan Lamb San_Francisco 650 to 651
Changed rank Roland Blandy San_Francisco 651 to 652
Changed rank Matt Young San_Francisco 652 to 653
Changed rank max lahey San_Francisco 653 to 654
Changed rank Mike Vulanich San_Francisco 654 to 655
Changed rank jacob berkman San_Francisco 655 to 656
Changed rank Ryan Morehouse San_Francisco 656 to 657
Changed rank Andrew Marks San_Francisco 657 to 658
Changed rank Karl Christiansen San_Francisco 658 to 659
Changed rank Kevin Schneider San_Francisco 659 to 660
Changed rank Ryan Robertson San_Francisco 660 to 661
Changed rank Jimmy Caputo San_Francisco 661 to 662
Changed rank Robert Constantino San_Francisco 662 to 663
Changed rank Mitchell Lee San_Francisco 663 to 664
Changed rank Stuart Collett San_Francisco 664 to 665
Changed rank Brandon Newcomer San_Francisco 665 to 666
Changed rank Drew Atkinson San_Francisco 666 to 667
Changed rank Jono Berliner San_Francisco 667 to 668
Changed rank William Culler-Chase San_Francisco 668 to 669
Changed rank Neal Kemp San_Francisco 669 to 670
Changed rank Scooter Do San_Francisco 670 to 671
Changed rank Keh-Li Sheng San_Francisco 671 to 672
Changed rank Caleb Bushner San_Francisco 672 to 673
Changed rank Eric Lagier San_Francisco 673 to 674
Changed rank Randy True San_Francisco 674 to 675
Changed rank Nia Ransom San_Francisco 675 to 676
Changed rank Lindsey Sunden San_Francisco 676 to 677
Changed rank Dan Brehmer San_Francisco 677 to 678
Changed rank Scott Castro San_Francisco 678 to 679
Changed rank Jeremy Weinman San_Francisco 679 to 680
Changed rank Aaron Pass San_Francisco 680 to 681
Changed rank Heston Liebowitz San_Francisco 681 to 682
Changed rank Terra Curtis San_Francisco 682 to 683
Changed rank Drew Barnes San_Francisco 683 to 684
Changed rank sara liebert San_Francisco 684 to 685
Changed rank Jean-Paul Saliou San_Francisco 685 to 686
Changed rank Austyn McLoughlin San_Francisco 686 to 687
Changed rank Sal Rappa San_Francisco 687 to 688
Changed rank Voost @ Jon San_Francisco 688 to 689
Changed rank Derek Prill San_Francisco 689 to 690
Changed rank Jeff Green San_Francisco 690 to 691
Changed rank Caleb Porter San_Francisco 691 to 692
Changed rank Brand Ahn San_Francisco 692 to 693
Changed rank Brad Taft San_Francisco 693 to 694
Changed rank Chris Voltz San_Francisco 694 to 695
Changed rank Zach Pina San_Francisco 695 to 696
Changed rank William Tongol San_Francisco 696 to 697
Changed rank David Corbett San_Francisco 697 to 698
Changed rank Alec Dinner San_Francisco 698 to 699
Changed rank Tad Borek San_Francisco 699 to 700
Changed rank Garret Bean San_Francisco 700 to 701
Changed rank Sean Rogers San_Francisco 701 to 702
Changed rank Peter Hennessy San_Francisco 702 to 703
Changed rank Ariel Mendez-Penate San_Francisco 703 to 704
Changed rank Colin Foe-Parker San_Francisco 704 to 705
Changed rank Marcus Beltramo San_Francisco 705 to 706
Changed rank Evan Tana San_Francisco 706 to 707
Changed rank matthew owen San_Francisco 707 to 708
Changed rank James DePonte San_Francisco 708 to 709
Changed rank David Turnbull San_Francisco 709 to 710
Changed rank Michael Laviano San_Francisco 710 to 711
Changed rank Ryan Minobe San_Francisco 711 to 712
Changed rank Andy Bowman San_Francisco 712 to 713
Changed rank Andrew Pelayo San_Francisco 713 to 714
Changed rank Dustin White San_Francisco 714 to 715
Changed rank James Vu San_Francisco 715 to 716
Changed rank Aaron Olszewski San_Francisco 716 to 717
Changed rank Matt Miesnieks San_Francisco 717 to 718
Changed rank Mike Cooke San_Francisco 718 to 719
Changed rank Galina Merzh San_Francisco 719 to 720
Changed rank Chris Broesamle San_Francisco 720 to 721
Changed rank Michael Sims San_Francisco 721 to 722
Changed rank Marshall Alexander San_Francisco 722 to 723
Changed rank Matt Davis San_Francisco 723 to 724
Changed rank Ed Chan San_Francisco 724 to 725
Changed rank Peter Santenello San_Francisco 725 to 726
Changed rank Richard Weed San_Francisco 726 to 727
Changed rank Scott Kildall San_Francisco 727 to 728
Changed rank Arne Tonning San_Francisco 728 to 729
Changed rank Dan Lee San_Francisco 729 to 730
Changed rank Yo Fo San_Francisco 730 to 731
Changed rank Bryan Davis San_Francisco 731 to 732
Changed rank ⚡️  cb San_Francisco 732 to 733
Changed rank Starlynn Clarke San_Francisco 733 to 734
Changed rank Tom McConnon San_Francisco 734 to 735
Changed rank Derek Crovo San_Francisco 735 to 736
Changed rank edwin wong San_Francisco 736 to 737
Changed rank Georgy Kartashov San_Francisco 737 to 738
Changed rank Robert Bourne San_Francisco 738 to 739
Changed rank Charlamaine Monroe San_Francisco 739 to 740
Changed rank Dan Horndasch San_Francisco 740 to 741
Changed rank Tony Miller San_Francisco 741 to 742
Changed rank Maria Levin San_Francisco 742 to 743
Changed rank Carlo Fiatarone San_Francisco 743 to 744
Changed rank chris turitzin San_Francisco 744 to 745
Changed rank Jeffrey Quock San_Francisco 745 to 746
Changed rank Gem  Arthur San_Francisco 746 to 747
Changed rank John Gelb San_Francisco 747 to 748
Changed rank Michael Horvath San_Francisco 748 to 749
Changed rank Steve Giannone San_Francisco 749 to 750
Changed rank Aaron Backer San_Francisco 750 to 751
Changed rank Matt Sutton San_Francisco 751 to 752
Changed rank Nick Cofod San_Francisco 752 to 753
Changed rank Jean-Nicolas Vollmer San_Francisco 753 to 754
Changed rank Derek Dahmer San_Francisco 754 to 755
Changed rank Simon Klima San_Francisco 755 to 756
Changed rank frank kim San_Francisco 756 to 757
Changed rank Peter Phillips San_Francisco 757 to 758
Changed rank andrew macdonell San_Francisco 758 to 759
Changed rank Chris Carroll San_Francisco 759 to 760
Changed rank Jaron Ness San_Francisco 760 to 761
Changed rank Kent Mok San_Francisco 761 to 762
Changed rank ... dunlop ... San_Francisco 762 to 763
Changed rank Richard Olver San_Francisco 763 to 764
Changed rank Kay J San_Francisco 764 to 765
Changed rank Shannin Ciprich San_Francisco 765 to 766
Changed rank Jeffrey Huang San_Francisco 766 to 767
Changed rank Devin Duncan San_Francisco 767 to 768
Changed rank Jon Meyer San_Francisco 768 to 769
Changed rank Michael Peltier San_Francisco 769 to 770
Changed rank Eric  Gasmin San_Francisco 770 to 771
Changed rank john muratet San_Francisco 771 to 772
Changed rank Phil L San_Francisco 772 to 773
Changed rank Grisha Gutkin San_Francisco 773 to 774
Changed rank Leonard  Schummer San_Francisco 774 to 775
Changed rank Eduardo Ribeiro San_Francisco 775 to 776
Changed rank Evan Sharp San_Francisco 776 to 777
Changed rank Maic Lopez Saenz San_Francisco 777 to 778
Changed rank Jonathan Hunt San_Francisco 778 to 779
Changed rank christian cutul San_Francisco 779 to 780
Changed rank Patrick McBride San_Francisco 780 to 781
Changed rank Jamie Tran San_Francisco 781 to 782
Changed rank curtis davenport San_Francisco 782 to 783
Changed rank Pia Scaroni San_Francisco 783 to 784
Changed rank Pat Hamaker San_Francisco 784 to 785
Changed rank Bart Grenning San_Francisco 785 to 786
Changed rank Jo Dennis San_Francisco 786 to 787
Changed rank Kendra Gibbons San_Francisco 787 to 788
Changed rank Don Quixonqui San_Francisco 788 to 789
Changed rank Ilya Voytov San_Francisco 789 to 790
Changed rank Mark Madeo San_Francisco 790 to 791
Changed rank Mark Massey San_Francisco 791 to 792
Changed rank Space Kenny San_Francisco 792 to 793
Changed rank Gabe  Ramirez San_Francisco 793 to 794
Changed rank Peter Rubin San_Francisco 794 to 795
Changed rank Rich Castillo San_Francisco 795 to 796
Changed rank Tyson Godfrey San_Francisco 796 to 797
Changed rank Daniel R San_Francisco 797 to 798
Changed rank Michael Keba San_Francisco 798 to 799
Changed rank Hussein Saffouri San_Francisco 799 to 800
Changed rank Pablo Stern San_Francisco 800 to 801
Changed rank James Hamilton San_Francisco 801 to 802
Changed rank chris porter San_Francisco 802 to 803
Changed rank Derek Y San_Francisco 803 to 804
Changed rank Dave Bailey San_Francisco 804 to 805
Changed rank Stedman Hood San_Francisco 805 to 806
Changed rank Trevor Hudson San_Francisco 806 to 807
Changed rank Jonathan Biddle San_Francisco 807 to 808
Changed rank Geoff Spicer San_Francisco 808 to 809
Changed rank Greg Weissberg San_Francisco 809 to 810
Changed rank Andrew Truong San_Francisco 810 to 811
Changed rank owen greenwood San_Francisco 811 to 812
Changed rank William Yee San_Francisco 812 to 813
Changed rank Simon Fillat San_Francisco 813 to 814
Changed rank Todd Agulnick San_Francisco 814 to 815
Changed rank Joshua McDonald San_Francisco 815 to 816
Changed rank John Black San_Francisco 816 to 817
Changed rank Wayne Hickey San_Francisco 817 to 818
Changed rank Zep B San_Francisco 818 to 819
Changed rank Max Graman Ⓥ San_Francisco 819 to 820
Changed rank Harold Cabalic San_Francisco 820 to 821
Changed rank Michael Manke San_Francisco 821 to 822
Changed rank Julien Silland San_Francisco 822 to 823
Changed rank Christopher Losa San_Francisco 823 to 824
Changed rank Miles Daly San_Francisco 824 to 825
Changed rank Kimberly Shenk San_Francisco 825 to 826
Changed rank Danny Yadron San_Francisco 826 to 827
Changed rank Cesar Correa San_Francisco 827 to 828
Changed rank Patrick Whitesell San_Francisco 828 to 829
Changed rank D Delgado San_Francisco 829 to 830
Changed rank Jesse Purewal San_Francisco 830 to 831
Changed rank SF Duc San_Francisco 831 to 832
Changed rank Neil Gehani San_Francisco 832 to 833
Changed rank Ronan Murray San_Francisco 833 to 834
Changed rank jordan frishman San_Francisco 834 to 835
Changed rank adam tolan San_Francisco 835 to 836
Changed rank William Byrne San_Francisco 836 to 837
Changed rank Ryno Saurus San_Francisco 837 to 838
Changed rank Tom Casson San_Francisco 838 to 839
Changed rank Gregory  Werntz San_Francisco 839 to 840
Changed rank Nathan Dushman San_Francisco 840 to 841
Changed rank Dan Phung San_Francisco 841 to 842
Changed rank Jonah Becker San_Francisco 842 to 843
Changed rank Will Curtis San_Francisco 843 to 844
Changed rank scott shealy San_Francisco 844 to 845
Changed rank Erik Strom San_Francisco 845 to 846
Changed rank Larry Wolff San_Francisco 846 to 847
Changed rank Nick Steiner San_Francisco 847 to 848
Changed rank Kevin Hughes San_Francisco 848 to 849
Changed rank Reece MacDonald San_Francisco 849 to 850
Changed rank craig mason San_Francisco 850 to 851
Changed rank Edward Siahaan San_Francisco 851 to 852
Changed rank roberto oya San_Francisco 852 to 853
Changed rank Julie Brannegan San_Francisco 853 to 854
Changed rank Ranger Tim San_Francisco 854 to 855
Changed rank Michael Vasilas San_Francisco 855 to 856
Changed rank Josh Steinitz San_Francisco 856 to 857
Changed rank Geoffrey Charles San_Francisco 857 to 858
Changed rank Darnell V San_Francisco 858 to 859
Changed rank Ryan Georgianna San_Francisco 859 to 860
Changed rank Chris Donahue San_Francisco 860 to 861
Changed rank Andrew Courter San_Francisco 861 to 862
Changed rank Brian Phillips San_Francisco 862 to 863
Changed rank Jarrod Bender San_Francisco 863 to 864
Changed rank Ralf Lastring San_Francisco 864 to 865
Changed rank Ron P San_Francisco 865 to 866
Changed rank Gareth Nettleton San_Francisco 866 to 867
Changed rank Timothy Fredel San_Francisco 867 to 868
Changed rank Kyle Rudolph San_Francisco 868 to 869
Changed rank Valentino Volonghi San_Francisco 869 to 870
Changed rank Marc Boulanger San_Francisco 870 to 871
Changed rank Tyler Brandt San_Francisco 871 to 872
Changed rank leo andrade San_Francisco 872 to 873
Changed rank Marc Walliser San_Francisco 873 to 874
Changed rank Robert Woo San_Francisco 874 to 875
Changed rank Benjamin Wang San_Francisco 875 to 876
Changed rank Jeff Gonot San_Francisco 876 to 877
Changed rank mark miller San_Francisco 877 to 878
Changed rank Barry Test San_Francisco 878 to 879
Changed rank Alex Bird San_Francisco 879 to 880
Changed rank Brandon Reif San_Francisco 880 to 881
Changed rank Doug Bauer San_Francisco 881 to 882
Changed rank Eduardo Castro San_Francisco 882 to 883
Changed rank Dustin Gronso San_Francisco 883 to 884
Changed rank Jesse Elefante San_Francisco 884 to 885
Changed rank Takashi Miyamoto San_Francisco 885 to 886
Changed rank christopher cox San_Francisco 886 to 887
Changed rank Joerg Student San_Francisco 887 to 888
Changed rank Eric Walstad San_Francisco 888 to 889
Changed rank Cameron Crowe San_Francisco 889 to 890
Changed rank Ian G San_Francisco 890 to 891
Changed rank Robert Smith San_Francisco 891 to 892
Changed rank Tony Falzone San_Francisco 892 to 893
Changed rank Jan Novak San_Francisco 893 to 894
Changed rank Andrew Tauro San_Francisco 894 to 895
Changed rank SimATX Free San_Francisco 895 to 896
Changed rank paul birich San_Francisco 896 to 897
Changed rank Will Marquardt San_Francisco 897 to 898
Changed rank Ed McNulty San_Francisco 898 to 899
Changed rank Jamie Hiteshew San_Francisco 899 to 900
Changed rank Andrey Kobzar San_Francisco 900 to 901
Changed rank mark strawn San_Francisco 901 to 902
Changed rank Gabe Gonzalez San_Francisco 902 to 903
Changed rank Steve Stein San_Francisco 903 to 904
Changed rank Mattson Fernandez San_Francisco 904 to 905
Changed rank Sam Janeway San_Francisco 905 to 906
Changed rank Jon Beckham San_Francisco 906 to 907
Changed rank Paul Lees San_Francisco 907 to 908
Changed rank christian posse San_Francisco 908 to 909
Changed rank Henry Lyford San_Francisco 909 to 910
Changed rank Jake Goldfield San_Francisco 910 to 911
Changed rank John Evans San_Francisco 911 to 912
Changed rank Jason Jason San_Francisco 912 to 913
Changed rank Meghan Earley San_Francisco 913 to 914
Changed rank Bruce Garretson San_Francisco 914 to 915
Changed rank Andrew Hutchinson San_Francisco 915 to 916
Changed rank Drew VanTassell San_Francisco 916 to 917
Changed rank Nico Raffo San_Francisco 917 to 918
Changed rank Don  Mahnke San_Francisco 918 to 919
Changed rank Steven Ye Zhang San_Francisco 919 to 920
Changed rank Mike Cole San_Francisco 920 to 921
Changed rank Krista McDonald  San_Francisco 921 to 922
Changed rank François Schaus San_Francisco 922 to 923
Changed rank Steven Cottle San_Francisco 923 to 924
Changed rank Blake Mizerany San_Francisco 924 to 925
Changed rank Chris Lundy San_Francisco 925 to 926
Changed rank Kiet Tran San_Francisco 926 to 927
Changed rank Charles Lantz San_Francisco 927 to 928
Changed rank Pierre Le Leannec San_Francisco 928 to 929
Changed rank Steve Shogan San_Francisco 929 to 930
Changed rank Paul Campbell San_Francisco 930 to 931
Changed rank David McIntosh San_Francisco 931 to 932
Changed rank Doctor T San_Francisco 932 to 933
Changed rank Matt Dubberley San_Francisco 933 to 934
Changed rank Todd Edmister San_Francisco 934 to 935
Changed rank Eric Helbush San_Francisco 935 to 936
Changed rank Jeremy Levy San_Francisco 936 to 937
Changed rank Ben Vander San_Francisco 937 to 938
Changed rank jason Van Houten San_Francisco 938 to 939
Changed rank Andrew Yacina San_Francisco 939 to 940
Changed rank Tristan Zier San_Francisco 940 to 941
Changed rank Justin Lucke San_Francisco 941 to 942
Changed rank Rachel Chibidakis San_Francisco 942 to 943
Changed rank Deven DeLuca San_Francisco 943 to 944
Changed rank Liangliang Cai San_Francisco 944 to 945
Changed rank justin mulford San_Francisco 945 to 946
Changed rank Pete Stone San_Francisco 946 to 947
Changed rank Jan Lui San_Francisco 947 to 948
Changed rank Melinda Zavala San_Francisco 948 to 949
Changed rank Billy Lee San_Francisco 949 to 950
Changed rank Johnny Goodnow San_Francisco 950 to 951
Changed rank Tommy Nosek San_Francisco 951 to 952
Changed rank Ryan Fitzgerald San_Francisco 952 to 953
Changed rank Jer Dimasuay San_Francisco 953 to 954
Changed rank Ryan Graff San_Francisco 954 to 955
Changed rank Mark Fairman San_Francisco 955 to 956
Changed rank John Keough San_Francisco 956 to 957
Changed rank joshua grossnickle San_Francisco 957 to 958
Changed rank Rainier Schaefer San_Francisco 958 to 959
Changed rank Christina Cackler San_Francisco 959 to 960
Changed rank Danny Wong San_Francisco 960 to 961
Changed rank Christine Fox San_Francisco 961 to 962
Changed rank Vivian Tran // Lost Dog Cycling San_Francisco 962 to 963
Changed rank David Lee San_Francisco 963 to 964
Changed rank Jeff Lorenz San_Francisco 964 to 965
Changed rank Shyam Srinivasan San_Francisco 965 to 966
Changed rank e b San_Francisco 966 to 967
Changed rank Nick Selden San_Francisco 967 to 968
Changed rank Chauncey Graetzel San_Francisco 968 to 969
Changed rank Mike Umbarger San_Francisco 969 to 970
Changed rank Scott Robinson San_Francisco 970 to 971
Changed rank Tako Bruinsma San_Francisco 971 to 972
Changed rank R B San_Francisco 972 to 973
Changed rank Steve Lloyd San_Francisco 973 to 974
Changed rank Zachary Thwaits San_Francisco 974 to 975
Changed rank Patrick Grennan San_Francisco 975 to 976
Changed rank Miles H San_Francisco 976 to 977
Changed rank Michael Gray San_Francisco 977 to 978
Changed rank Michael Cruz San_Francisco 978 to 979
Changed rank Alexander Kaplinsky San_Francisco 979 to 980
Changed rank chrostopher  muffoletto San_Francisco 980 to 981
Changed rank Elle Anderson San_Francisco 981 to 982
Changed rank Chris Bichler San_Francisco 982 to 983
Changed rank Ilie Ciorba San_Francisco 983 to 984
Changed rank epharmacist OG San_Francisco 984 to 985
Changed rank Jisi Guo San_Francisco 985 to 986
Changed rank Ted King San_Francisco 986 to 987
Changed rank Jack  Jackson San_Francisco 987 to 988
Changed rank sam iam San_Francisco 988 to 989
Changed rank Jason Martel Dye San_Francisco 989 to 990
Changed rank Katheryn Curi San_Francisco 990 to 991
Changed rank Nicolas Tremeaud San_Francisco 991 to 992
Changed rank John Beem San_Francisco 992 to 993
Changed rank Christopher Ruedy San_Francisco 993 to 994
Changed rank Richard Dreyer San_Francisco 994 to 995
Changed rank Chris Nguyen San_Francisco 995 to 996
Changed rank Jorge . San_Francisco 996 to 997
Changed rank Elizeu Santos-Neto San_Francisco 997 to 998
Changed rank michael anderson San_Francisco 1065 to 1011
Changed rank Jason Matteucci San_Francisco 1011 to 1012
Changed rank Jeremy Barton San_Francisco 1012 to 1013
Changed rank Jennie Anderson San_Francisco 1013 to 1014
Changed rank Philip Sheffield San_Francisco 1014 to 1015
Changed rank Juan Lopez San_Francisco 1015 to 1016
Changed rank Scott Mucci San_Francisco 1016 to 1017
Changed rank Spencer Powlison San_Francisco 1017 to 1018
Changed rank Kevin ONeill San_Francisco 1018 to 1019
Changed rank Benjamin Marsh San_Francisco 1019 to 1020
Changed rank nick cashmere San_Francisco 1020 to 1021
Changed rank Colin Davidson San_Francisco 1021 to 1022
Changed rank Beckie  Wood San_Francisco 1022 to 1023
Changed rank Kyle Geronimo San_Francisco 1023 to 1024
Changed rank Will Harte San_Francisco 1024 to 1025
Changed rank Christopher Coppersmith San_Francisco 1025 to 1026
Changed rank Slava Kravchenko San_Francisco 1026 to 1027
Changed rank Luke Bornheimer San_Francisco 1027 to 1028
Changed rank Evan Goldin San_Francisco 1028 to 1029
Changed rank Edoardo Serra San_Francisco 998 to 1030
Changed rank Dimitri Canaris San_Francisco 1029 to 1031
Changed rank Carlos Lopez San_Francisco 1030 to 1032
Changed rank Brett Eilers San_Francisco 1031 to 1033
Changed rank San FrAnon San_Francisco 1032 to 1034
Changed rank j old San_Francisco 1033 to 1035
Changed rank Brett Miller San_Francisco 1034 to 1036
Changed rank Brian Neil San_Francisco 1035 to 1037
Changed rank Jonas Kellner San_Francisco 1036 to 1038
Changed rank Duncan Gills San_Francisco 1037 to 1039
Changed rank Michael Victor San_Francisco 1038 to 1040
Changed rank Scott Penzarella San_Francisco 1039 to 1041
Changed rank Daniel Bower San_Francisco 1040 to 1042
Changed rank Dan Quick San_Francisco 1041 to 1043
Changed rank ben wa San_Francisco 1042 to 1044
Changed rank Jonathan Dance San_Francisco 1043 to 1045
Changed rank Willito Makoli San_Francisco 1044 to 1046
Changed rank Bob Bixby San_Francisco 1045 to 1047
Changed rank dillon parker San_Francisco 1046 to 1048
Changed rank Chris Fox San_Francisco 1047 to 1049
Changed rank Jim Whimpey San_Francisco 1048 to 1050
Changed rank Kevin Walker San_Francisco 1049 to 1051
Changed rank Joseph Suen San_Francisco 1050 to 1052
Changed rank Tommy Muir San_Francisco 1051 to 1053
Changed rank Nathaniel Corley San_Francisco 1052 to 1054
Changed rank Glenn Munlawin San_Francisco 1053 to 1055
Changed rank Buracho Bandito San_Francisco 1054 to 1056
Changed rank Sean Doe San_Francisco 1055 to 1057
Changed rank Jason Wilkins San_Francisco 1056 to 1058
Changed rank Jay Bakaler San_Francisco 1057 to 1059
Changed rank Mr B San_Francisco 1058 to 1060
Changed rank Ben Allen San_Francisco 1059 to 1061
Changed rank Anne Gray San_Francisco 1060 to 1062
Changed rank michael antonio San_Francisco 1061 to 1063
Changed rank Aaron Hom San_Francisco 1062 to 1064
Changed rank Christopher Hale San_Francisco 1063 to 1065
Changed rank Mark Shaw San_Francisco 1064 to 1066
Changed rank luca benedini San_Francisco 1066 to 1067
Changed rank Jack Z San_Francisco 1067 to 1068
Changed rank Lauren DeDecker San_Francisco 1068 to 1069
Changed rank Chris Gordon San_Francisco 1069 to 1070
Changed rank Daniel Weinstein San_Francisco 1070 to 1071
Changed rank astrid schanz-garbassi San_Francisco 1071 to 1072
Changed rank All Ivy San_Francisco 1072 to 1073
Changed rank Jay Mooney San_Francisco 1073 to 1074
Changed rank Sam David San_Francisco 1074 to 1075
Changed rank winston lazar San_Francisco 1075 to 1076
Changed rank Paul Dodd San_Francisco 1076 to 1077
Changed rank Alen Majetic San_Francisco 1077 to 1078
Changed rank Raeleigh Harris San_Francisco 1078 to 1079
Changed rank Brian Escobar San_Francisco 1079 to 1080
Changed rank Tyler Carle San_Francisco 1080 to 1081
Changed rank Nate Cornman San_Francisco 1081 to 1082
Changed rank Bruce Triplett San_Francisco 1082 to 1083
Changed rank Nick Burton San_Francisco 1083 to 1084
Changed rank Alex Solomon San_Francisco 1084 to 1085
Changed rank Alex Lockwood San_Francisco 1085 to 1086
Changed rank Ryan Wong San_Francisco 1086 to 1087
Changed rank Chris Nojima San_Francisco 1087 to 1088
Changed rank Andy Grounds San_Francisco 1088 to 1089
Changed rank Raymond Lam San_Francisco 1089 to 1090
Changed rank Phil Cowlishaw San_Francisco 1090 to 1091
Changed rank Todd Morton San_Francisco 1091 to 1092
Changed rank Tyler Willis San_Francisco 1092 to 1093
Changed rank Crystal Harpstreit San_Francisco 1093 to 1094
Changed rank Ted Sweet San_Francisco 1094 to 1095
Changed rank Wibe van de Vijver San_Francisco 1095 to 1096
Changed rank Jay Combs San_Francisco 1096 to 1097
Changed rank Sara Headley San_Francisco 1097 to 1098
Changed rank Christopher Barnett San_Francisco 1098 to 1099
Changed rank Mike McCauley San_Francisco 1099 to 1100
Changed rank Corey Doman San_Francisco 1100 to 1101
Changed rank Michelle Riconscente San_Francisco 1101 to 1102
Changed rank Danny Swan San_Francisco 1102 to 1103
Changed rank Aaron Ofsiany San_Francisco 1103 to 1104
Changed rank Brandon Chan San_Francisco 1104 to 1105
Changed rank Zack Loebel San_Francisco 1105 to 1106
Changed rank Peter Bowden San_Francisco 1106 to 1107
Changed rank Nick Cruze San_Francisco 1107 to 1108
Changed rank Miguel Equina San_Francisco 1889 to 1109
Changed rank Cesar Vasquez San_Francisco 1108 to 1110
Changed rank Jeremy O'Briant San_Francisco 1109 to 1111
Changed rank Will Jordan San_Francisco 1110 to 1112
Changed rank Ameer Navidi San_Francisco 1111 to 1113
Changed rank N M San_Francisco 1112 to 1114
Changed rank Jordan Yee San_Francisco 1113 to 1115
Changed rank Ben Harris San_Francisco 1114 to 1116
Changed rank Tom Pennington San_Francisco 1115 to 1117
Changed rank Daniel Samblanet San_Francisco 1116 to 1118
Changed rank Alexis Frasz San_Francisco 1117 to 1119
Changed rank Keith Hendren San_Francisco 1118 to 1120
Changed rank Nick Kim San_Francisco 1119 to 1121
Changed rank Courtney Risman-Jones San_Francisco 1120 to 1122
Changed rank Yvonne Yip San_Francisco 1121 to 1123
Changed rank Bryan Grundy San_Francisco 1122 to 1124
Changed rank Derek Jarrett San_Francisco 1124 to 1125
Changed rank Harrison Harb San_Francisco 1125 to 1126
Changed rank Wayne Rickenbacker San_Francisco 1126 to 1127
Changed rank Laura McCloskey San_Francisco 1127 to 1128
Changed rank Trevor Cleary San_Francisco 1128 to 1129
Changed rank George Lumpkin San_Francisco 1129 to 1130
Changed rank Nolen Brown San_Francisco 1130 to 1131
Changed rank Steven Eidelman San_Francisco 1131 to 1132
Changed rank Ludovic Delaveau San_Francisco 1132 to 1133
Changed rank Dash Report San_Francisco 1133 to 1134
Changed rank Tommy Mike San_Francisco 1134 to 1135
Changed rank Phill Mai San_Francisco 1135 to 1136
Changed rank - Bex - San_Francisco 1136 to 1137
Changed rank Jackson Rowe San_Francisco 1137 to 1138
Changed rank Stephen Bowline San_Francisco 1138 to 1139
Changed rank Paul Young San_Francisco 1139 to 1140
Changed rank Marcus Smith San_Francisco 1140 to 1141
Changed rank Christopher Einarsrud San_Francisco 1141 to 1142
Changed rank Marissa Axell San_Francisco 1142 to 1143
Changed rank William Rossiter San_Francisco 1143 to 1144
Changed rank Spleef Pinter San_Francisco 1144 to 1145
Changed rank K P San_Francisco 1145 to 1146
Changed rank Ryan Braud San_Francisco 1146 to 1147
Changed rank Jay Vullings San_Francisco 1147 to 1148
Changed rank Jack Gerber San_Francisco 1148 to 1149
Changed rank John Wilde San_Francisco 1149 to 1150
Changed rank Brian Carr San_Francisco 1150 to 1151
Changed rank Simon T San_Francisco 1151 to 1152
Changed rank Dana LaMastra San_Francisco 1152 to 1153
Changed rank Roko Kruze San_Francisco 1153 to 1154
Changed rank André Lucero San_Francisco 1154 to 1155
Changed rank jonathan staley San_Francisco 1155 to 1156
Changed rank Edwin Gackstetter San_Francisco 1156 to 1157
Changed rank James Rainbow San_Francisco 1157 to 1158
Changed rank Daniel Mandel San_Francisco 1158 to 1159
Changed rank Jonathan Van Ginneken San_Francisco 1159 to 1160
Changed rank Bobby Gambino San_Francisco 1160 to 1161
Changed rank James Bachmeier San_Francisco 1161 to 1162
Changed rank Xander Munroe San_Francisco 1162 to 1163
Changed rank Kyle Barbary San_Francisco 1163 to 1164
Changed rank Joe Kayser San_Francisco 1164 to 1165
Changed rank Ryan Adelman San_Francisco 1165 to 1166
Changed rank Andrew H. San_Francisco 1166 to 1167
Changed rank Patton Christofides San_Francisco 1167 to 1168
Changed rank Rhys Hughes San_Francisco 1168 to 1169
Changed rank Edward John San_Francisco 1169 to 1170
Changed rank Rich Steele San_Francisco 1170 to 1171
Changed rank Matt Moseley San_Francisco 1171 to 1172
Changed rank Michael Panoff San_Francisco 1172 to 1173
Changed rank Oliver  Ross San_Francisco 1173 to 1174
Changed rank K nizzy San_Francisco 1174 to 1175
Changed rank craig cannon San_Francisco 1175 to 1176
Changed rank Nate Keller San_Francisco 1176 to 1177
Changed rank Mike Miller / FSB Cycling Team San_Francisco 1177 to 1178
Changed rank Justin Dyer San_Francisco 1178 to 1179
Changed rank D Cunha San_Francisco 1179 to 1180
Changed rank Robert Gonzalez San_Francisco 1180 to 1181
Changed rank Mark Bregman San_Francisco 1181 to 1182
Changed rank Roger Helmers San_Francisco 1182 to 1183
Changed rank Carlos Valle San_Francisco 1183 to 1184
Changed rank Michael Borden San_Francisco 1184 to 1185
Changed rank Michael Armida San_Francisco 1185 to 1186
Changed rank Peter Langenstein San_Francisco 1186 to 1187
Changed rank Charles Quan San_Francisco 1187 to 1188
Changed rank Mark Mastoras San_Francisco 1188 to 1189
Changed rank Mike Davis San_Francisco 1189 to 1190
Changed rank Pierre Fite Georgel San_Francisco 1190 to 1191
Changed rank Lamar Pi San_Francisco 1191 to 1192
Changed rank Ron Holland San_Francisco 1192 to 1193
Changed rank aaron wojack San_Francisco 1193 to 1194
Changed rank Arun Chawan San_Francisco 1194 to 1195
Changed rank Blaine N San_Francisco 1195 to 1196
Changed rank Will Webb-Purkis San_Francisco 1196 to 1197
Changed rank Christopher Li San_Francisco 1197 to 1198
Changed rank Steven Bracco San_Francisco 1198 to 1199
Changed rank Josh Seaman  San_Francisco 1199 to 1200
Changed rank Jimmy Wiater San_Francisco 1200 to 1201
Changed rank Mattia Berardi San_Francisco 1201 to 1202
Changed rank Hanno Botha San_Francisco 1202 to 1203
Changed rank Jon Gundersen San_Francisco 1203 to 1204
Changed rank Stephen Eyer San_Francisco 1204 to 1205
Changed rank Wade Strauss San_Francisco 1205 to 1206
Changed rank Killian Murphy San_Francisco 1206 to 1207
Changed rank Paul Santagata San_Francisco 1207 to 1208
Changed rank Justin Uchtman San_Francisco 1208 to 1209
Changed rank Mike Michon San_Francisco 1209 to 1210
Changed rank Aki Ito San_Francisco 1210 to 1211
Changed rank Jason Ng San_Francisco 1211 to 1212
Changed rank Richard Alvarado San_Francisco 1212 to 1213
Changed rank nick tingey San_Francisco 1213 to 1214
Changed rank Jason Davies San_Francisco 1214 to 1215
Changed rank Charles Nelson San_Francisco 1215 to 1216
Changed rank Isaac @ Rumbleship . San_Francisco 1216 to 1217
Changed rank Kyle Thornhill San_Francisco 1217 to 1218
Changed rank Leif Cook San_Francisco 1218 to 1219
Changed rank Brady Murray San_Francisco 1219 to 1220
Changed rank Nicolas Backal San_Francisco 1220 to 1221
Changed rank Brad Marshall San_Francisco 1221 to 1222
Changed rank Dana  TM San_Francisco 1222 to 1223
Changed rank scott engler San_Francisco 1223 to 1224
Changed rank Bill Brier San_Francisco 1224 to 1225
Changed rank Luke Levine San_Francisco 1225 to 1226
Changed rank Brian Snyder San_Francisco 1226 to 1227
Changed rank Kate Powlison San_Francisco 1227 to 1228
Changed rank mike brown San_Francisco 1228 to 1229
Changed rank Jarno Rajahalme San_Francisco 1229 to 1230
Changed rank Ian Crawford San_Francisco 1230 to 1231
Changed rank Doug Kanigher San_Francisco 1231 to 1232
Changed rank Suzy da Silva San_Francisco 1232 to 1233
Changed rank Rodney Evets San_Francisco 1233 to 1234
Changed rank Rusty Sammon San_Francisco 1234 to 1235
Changed rank Benjamin Wolak San_Francisco 1235 to 1236
Changed rank Rob Britt San_Francisco 1236 to 1237
Changed rank Jiangyang Zhang San_Francisco 1237 to 1238
Changed rank Taylor Brown San_Francisco 1238 to 1239
Changed rank Brian K San_Francisco 1239 to 1240
Changed rank Con O'Connor San_Francisco 1240 to 1241
Changed rank Adam  Messer San_Francisco 1241 to 1242
Changed rank Jerry Perullo San_Francisco 1242 to 1243
Changed rank dustin senos San_Francisco 1243 to 1244
Changed rank Vanessa Slavich San_Francisco 1244 to 1245
Changed rank Michael McCabe San_Francisco 1245 to 1246
Changed rank Kirkwood Harris San_Francisco 1246 to 1247
Changed rank Luke Diaz San_Francisco 1247 to 1248
Changed rank Marc Kuzak San_Francisco 1248 to 1249
Changed rank Dante Briones San_Francisco 1249 to 1250
Changed rank Calvin Diep  San_Francisco 1250 to 1251
Changed rank scott cowan San_Francisco 1251 to 1252
Changed rank Jon Li San_Francisco 1252 to 1253
Changed rank Charles Dahan San_Francisco 1253 to 1254
Changed rank Matt Kamenski San_Francisco 1254 to 1255
Changed rank Piyush Arora San_Francisco 1255 to 1256
Changed rank Christopher Stricklen San_Francisco 1256 to 1257
Changed rank Tim Annan San_Francisco 1257 to 1258
Changed rank Sean Cox San_Francisco 1258 to 1259
Changed rank Bill Smullin San_Francisco 1259 to 1260
Changed rank David Yousling San_Francisco 1260 to 1261
Changed rank Justin Baum San_Francisco 1261 to 1262
Changed rank B Polacco San_Francisco 1262 to 1263
Changed rank Alex Ray San_Francisco 1263 to 1264
Changed rank david sexton San_Francisco 1264 to 1265
Changed rank Bryn Kass San_Francisco 1265 to 1266
Changed rank Bruce Downs San_Francisco 1266 to 1267
Changed rank Taco Tongue San_Francisco 1267 to 1268
Changed rank Gene T San_Francisco 1268 to 1269
Changed rank Eric Schiller San_Francisco 1269 to 1270
Changed rank H Klingsporn San_Francisco 1270 to 1271
Changed rank Nicole Justice San_Francisco 1271 to 1272
Changed rank Shaw McKean San_Francisco 1272 to 1273
Changed rank Orion Litzau San_Francisco 1273 to 1274
Changed rank Bryan Rollins San_Francisco 1274 to 1275
Changed rank Matthew Upton San_Francisco 1275 to 1276
Changed rank Brian Fuerst San_Francisco 1276 to 1277
Changed rank Josh Ferenc San_Francisco 1277 to 1278
Changed rank Eric Williams San_Francisco 1278 to 1279
Changed rank Peter Cracknell San_Francisco 1279 to 1280
Changed rank Nick Bencivenga San_Francisco 1280 to 1281
Changed rank Cpt Amer23 San_Francisco 1281 to 1282
Changed rank West Kurihara San_Francisco 1282 to 1283
Changed rank Dan Egoroff San_Francisco 1283 to 1284
Changed rank Zane Adamo San_Francisco 1284 to 1285
Changed rank Jane Rynbrandt San_Francisco 1285 to 1286
Changed rank Michael Wolfe San_Francisco 1286 to 1287
Changed rank J.P. Scanlon San_Francisco 1287 to 1288
Changed rank Daniel Correia San_Francisco 1288 to 1289
Changed rank Slow Pal San_Francisco 1289 to 1290
Changed rank Mo Miles San_Francisco 1290 to 1291
Changed rank Justin Fraser San_Francisco 1291 to 1292
Changed rank Tom Taylor San_Francisco 1292 to 1293
Changed rank Jon Kroll San_Francisco 1293 to 1294
Changed rank Alex Potente San_Francisco 1294 to 1295
Changed rank Scott  Quinn San_Francisco 1295 to 1296
Changed rank Cathal  Gorman  San_Francisco 1296 to 1297
Changed rank Mari Holden San_Francisco 1297 to 1298
Changed rank Ryan Jones San_Francisco 1298 to 1299
Changed rank Cyril de Chanterac San_Francisco 1299 to 1300
Changed rank Noud Huisman San_Francisco 1300 to 1301
Changed rank Linden Tibbets San_Francisco 1301 to 1302
Changed rank Zdenek "Z" Nemec San_Francisco 1302 to 1303
Changed rank Bill H San_Francisco 1303 to 1304
Changed rank Pete Wermter San_Francisco 1304 to 1305
Changed rank Chris Tholstrup San_Francisco 1305 to 1306
Changed rank Alex Mingoia San_Francisco 1306 to 1307
Changed rank Wes Heidenreich San_Francisco 1307 to 1308
Changed rank Doug Black San_Francisco 1308 to 1309
Changed rank Caitlin Schubmehl San_Francisco 1309 to 1310
Changed rank Georgia A San_Francisco 1310 to 1311
Changed rank Robert Catt San_Francisco 1311 to 1312
Changed rank Blake Engel San_Francisco 1312 to 1313
Changed rank Daniel Osborne San_Francisco 1313 to 1314
Changed rank Jaap Boelens San_Francisco 1314 to 1315
Changed rank Frazer Hazlett San_Francisco 1315 to 1316
Changed rank Adi Price San_Francisco 1316 to 1317
Changed rank Paul Katzer San_Francisco 1317 to 1318
Changed rank Travis LaMetterey San_Francisco 1318 to 1319
Changed rank Vic E San_Francisco 1319 to 1320
Changed rank Julien Phalip San_Francisco 1320 to 1321
Changed rank John Rauser San_Francisco 1321 to 1322
Changed rank Kevin Sweetser San_Francisco 1322 to 1323
Changed rank Dave Nugent San_Francisco 1323 to 1324
Changed rank Kevin Burlinson San_Francisco 1324 to 1325
Changed rank joey mags San_Francisco 1325 to 1326
Changed rank Jon Shlens San_Francisco 1326 to 1327
Changed rank Chris Bourdon San_Francisco 1327 to 1328
Changed rank James Crowell San_Francisco 1328 to 1329
Changed rank E C San_Francisco 1329 to 1330
Changed rank willy owens San_Francisco 1330 to 1331
Changed rank Caleb Richardson San_Francisco 1331 to 1332
Changed rank Dana Kittrelle San_Francisco 1332 to 1333
Changed rank Jake Castro San_Francisco 1333 to 1334
Changed rank Nelson Crespo San_Francisco 1334 to 1335
Changed rank Dave Greenberg San_Francisco 1335 to 1336
Changed rank Adam Pisoni San_Francisco 1336 to 1337
Changed rank Matthew Brill San_Francisco 1337 to 1338
Changed rank Philip Ginsberg San_Francisco 1338 to 1339
Changed rank sergio borgiotti San_Francisco 1339 to 1340
Changed rank Curt Emerson San_Francisco 1340 to 1341
Changed rank Tom Schmidt San_Francisco 1341 to 1342
Changed rank Tony Perrie San_Francisco 1342 to 1343
Changed rank Eric Hardrath San_Francisco 1343 to 1344
Changed rank Sebastian Gosztyla San_Francisco 1344 to 1345
Changed rank Alex Braunstein San_Francisco 1345 to 1346
Changed rank Trey Guinn San_Francisco 1346 to 1347
Changed rank Kevin Eisele San_Francisco 1347 to 1348
Changed rank Matt Bush San_Francisco 1348 to 1349
Changed rank Corey Siegel San_Francisco 1349 to 1350
Changed rank Dana Ostfeld San_Francisco 1350 to 1351
Changed rank Chris Jones San_Francisco 1351 to 1352
Changed rank Randy A San_Francisco 1352 to 1353
Changed rank Tyler Ross San_Francisco 1353 to 1354
Changed rank Alessandro Proni San_Francisco 1354 to 1355
Changed rank Randall Tinney San_Francisco 1355 to 1356
Changed rank C Lee San_Francisco 1356 to 1357
Changed rank Matt Hodges San_Francisco 1357 to 1358
Changed rank Addam  Metivier San_Francisco 1358 to 1359
Changed rank Tommy Davis San_Francisco 1359 to 1360
Changed rank Geoff Kaplan San_Francisco 1360 to 1361
Changed rank Frank Han San_Francisco 1361 to 1362
Changed rank Aaron Verstraete San_Francisco 1362 to 1363
Changed rank Tom Kim San_Francisco 1363 to 1364
Changed rank Josh Sternberg San_Francisco 1364 to 1365
Changed rank Zack Simkover San_Francisco 1365 to 1366
Changed rank Connor McCarthy San_Francisco 1366 to 1367
Changed rank carter kennedy San_Francisco 1367 to 1368
Changed rank Erika Dumaine San_Francisco 1368 to 1369
Changed rank Dan Kowta San_Francisco 1369 to 1370
Changed rank Ron Blum San_Francisco 1370 to 1371
Changed rank Jack O'Holleran San_Francisco 1371 to 1372
Changed rank Chris Anderson San_Francisco 1372 to 1373
Changed rank Jason Dinoso San_Francisco 1373 to 1374
Changed rank Dalton Browne San_Francisco 1374 to 1375
Changed rank Mike Wachter San_Francisco 1375 to 1376
Changed rank Brendan Reese San_Francisco 1376 to 1377
Changed rank Elizabeth Stone San_Francisco 1377 to 1378
Changed rank Charles Ryan San_Francisco 1378 to 1379
Changed rank Mike Sabes San_Francisco 1379 to 1380
Changed rank Justin Street San_Francisco 1380 to 1381
Changed rank Luke Rajlich San_Francisco 1381 to 1382
Changed rank Ludwig Stahl San_Francisco 1382 to 1383
Changed rank Eric  Daly San_Francisco 1383 to 1384
Changed rank Doug Barrett San_Francisco 1384 to 1385
Changed rank Emmett Culp San_Francisco 1385 to 1386
Changed rank Andrew Foster San_Francisco 1386 to 1387
Changed rank Michael Stricklan San_Francisco 1387 to 1388
Changed rank Jaq P San_Francisco 1388 to 1389
Changed rank Tim Dent San_Francisco 1389 to 1390
Changed rank Mike Hinton San_Francisco 1390 to 1391
Changed rank Garrett Greenan San_Francisco 1391 to 1392
Changed rank Thomas Moltoni San_Francisco 1392 to 1393
Changed rank Neil Shah San_Francisco 1393 to 1394
Changed rank Jeff Mcmillan San_Francisco 1394 to 1395
Changed rank Laura Wallace San_Francisco 1395 to 1396
Changed rank Paul Betlem San_Francisco 1396 to 1397
Changed rank Guilherme Mauro Germoglio Barbosa San_Francisco 1397 to 1398
Changed rank Mike Conroy San_Francisco 1398 to 1399
Changed rank Steve Markovich San_Francisco 1399 to 1400
Changed rank Ivan Kanevski San_Francisco 1400 to 1401
Changed rank Ron Sze San_Francisco 1401 to 1402
Changed rank Michael Kenny San_Francisco 1402 to 1403
Changed rank Nick Geiser San_Francisco 1403 to 1404
Changed rank John Douglass San_Francisco 1404 to 1405
Changed rank paul sanchez  San_Francisco 1405 to 1406
Changed rank Daniel Roberts San_Francisco 1406 to 1407
Changed rank Scott Owades San_Francisco 1407 to 1408
Changed rank Eric B San_Francisco 1408 to 1409
Changed rank michael grant San_Francisco 1409 to 1410
Changed rank Krista Hoff San_Francisco 1410 to 1411
Changed rank Eric VerWest San_Francisco 1411 to 1412
Changed rank Oliver Barrett San_Francisco 1412 to 1413
Changed rank David Ferguson San_Francisco 1413 to 1414
Changed rank Matt Johnson San_Francisco 1414 to 1415
Changed rank Marc Dietz San_Francisco 1415 to 1416
Changed rank Joan Boada San_Francisco 1416 to 1417
Changed rank Richard Colley San_Francisco 1417 to 1418
Changed rank Alex McAdams San_Francisco 1418 to 1419
Changed rank Justin Chin San_Francisco 1419 to 1420
Changed rank John Paul Bugay San_Francisco 1420 to 1421
Changed rank Erik Tomasson San_Francisco 1421 to 1422
Changed rank Natalie Samuels San_Francisco 1422 to 1423
Changed rank Sean Courtney San_Francisco 1423 to 1424
Changed rank Hips McGee San_Francisco 1424 to 1425
Changed rank Rachel Barazzotto San_Francisco 1425 to 1426
Changed rank Nikolas Baron San_Francisco 1426 to 1427
Changed rank Ole Lütjens San_Francisco 1427 to 1428
Changed rank John Figlietti San_Francisco 1428 to 1429
Changed rank Feliks Kogan San_Francisco 1429 to 1430
Changed rank Thomas Jenkinson San_Francisco 1430 to 1431
Changed rank Sean Tiret San_Francisco 1431 to 1432
Changed rank ilya moskovko San_Francisco 1432 to 1433
Changed rank Doug H San_Francisco 1433 to 1434
Changed rank Zach O San_Francisco 1434 to 1435
Changed rank Alex Okolish San_Francisco 1435 to 1436
Changed rank Jacob Bockelmann San_Francisco 1436 to 1437
Changed rank Edwin Kubota San_Francisco 1437 to 1438
Changed rank Kiter SF San_Francisco 1438 to 1439
Changed rank Erik Davis San_Francisco 1439 to 1440
Changed rank Adam Tart San_Francisco 1440 to 1441
Changed rank Marcelo Mourier San_Francisco 1441 to 1442
Changed rank chris merkt San_Francisco 1442 to 1443
Changed rank Martin Kemnec San_Francisco 1443 to 1444
Changed rank Jake Martini San_Francisco 1444 to 1445
Changed rank Casey Grafeld San_Francisco 1445 to 1446
Changed rank Chris Conover San_Francisco 1446 to 1447
Changed rank Scott Jacques San_Francisco 1447 to 1448
Changed rank Bill Wall San_Francisco 1448 to 1449
Changed rank Matthew Blain San_Francisco 1449 to 1450
Changed rank Eric Noeth San_Francisco 1450 to 1451
Changed rank Geoff Clauss San_Francisco 1451 to 1452
Changed rank Trevor Duckworth San_Francisco 1452 to 1453
Changed rank Peter Ziegler San_Francisco 1453 to 1454
Changed rank Mark Kelsey San_Francisco 1454 to 1455
Changed rank Colin Davitian San_Francisco 1455 to 1456
Changed rank David Mulholland San_Francisco 1456 to 1457
Changed rank Martin Lee San_Francisco 1457 to 1458
Changed rank Paul Urich San_Francisco 1458 to 1459
Changed rank Lou Guttilla San_Francisco 1459 to 1460
Changed rank Chris Byington San_Francisco 1460 to 1461
Changed rank Daniel Kurzrock San_Francisco 1461 to 1462
Changed rank Crane #3 San_Francisco 1462 to 1463
Changed rank Terrie Rowen San_Francisco 1463 to 1464
Changed rank Orlando Liles San_Francisco 1464 to 1465
Changed rank Peter Transburg San_Francisco 1465 to 1466
Changed rank Lorne Kligerman San_Francisco 1466 to 1467
Changed rank Nikko Lubinski San_Francisco 1467 to 1468
Changed rank Brooke Summers San_Francisco 1468 to 1469
Changed rank charles linder San_Francisco 1469 to 1470
Changed rank hannah kirby San_Francisco 1470 to 1471
Changed rank Calvin Lee San_Francisco 1471 to 1472
Changed rank William Shakespeare San_Francisco 1472 to 1473
Changed rank Andrew Pang San_Francisco 1473 to 1474
Changed rank Stephen L San_Francisco 1474 to 1475
Changed rank Brett Banka San_Francisco 1475 to 1476
Changed rank Brian Herrera San_Francisco 1476 to 1477
Changed rank Jennifer Kwai San_Francisco 1477 to 1478
Changed rank Maddie Boyd San_Francisco 1478 to 1479
Changed rank Trent Adams San_Francisco 1479 to 1480
Changed rank Dan Furie San_Francisco 1480 to 1481
Changed rank Craig Meyer San_Francisco 1481 to 1482
Changed rank Clark Rasmussen San_Francisco 1482 to 1483
Changed rank Jordan Blanco San_Francisco 1483 to 1484
Changed rank Sascha H San_Francisco 1484 to 1485
Changed rank Mike Wood San_Francisco 1485 to 1486
Changed rank Matthew Leopold San_Francisco 1486 to 1487
Changed rank Nathan Kendrick San_Francisco 1487 to 1488
Changed rank Joe Curran San_Francisco 1488 to 1489
Changed rank michael rinaldi San_Francisco 1489 to 1490
Changed rank Nate K San_Francisco 1490 to 1491
Changed rank cody dial San_Francisco 1491 to 1492
Changed rank Conor Duignan San_Francisco 1492 to 1493
Changed rank Erin Grimm San_Francisco 1493 to 1494
Changed rank Chris Plumer San_Francisco 1494 to 1495
Changed rank Kieran Poulain San_Francisco 1495 to 1496
Changed rank Anthony Bagnulo San_Francisco 1496 to 1497
Changed rank Matt Kane San_Francisco 1497 to 1498
Changed rank Sheila Gloss San_Francisco 1498 to 1499
Changed rank Eric Snyder San_Francisco 1499 to 1500
Changed rank Ethan Frankel San_Francisco 1500 to 1501
Changed rank Felipe de sousa e melo San_Francisco 1501 to 1502
Changed rank Arno Harris San_Francisco 1502 to 1503
Changed rank Peter Curley San_Francisco 1503 to 1504
Changed rank dave p San_Francisco 1504 to 1505
Changed rank Tyler Peterson San_Francisco 1505 to 1506
Changed rank Tobia Martens San_Francisco 1506 to 1507
Changed rank justin p San_Francisco 1507 to 1508
Changed rank Cameron Wall San_Francisco 1508 to 1509
Changed rank Craig stout San_Francisco 1509 to 1510
Changed rank Jenny Alton San_Francisco 1510 to 1511
Changed rank Joshua Boutelle San_Francisco 1511 to 1512
Changed rank joey rose San_Francisco 1512 to 1513
Changed rank Hugh Ross San_Francisco 1513 to 1514
Changed rank Tim Griffith San_Francisco 1514 to 1515
Changed rank Caetie Ofiesh San_Francisco 1515 to 1516
Changed rank Dan Fox San_Francisco 1516 to 1517
Changed rank Erin D San_Francisco 1517 to 1518
Changed rank Stephen Banister San_Francisco 1518 to 1519
Changed rank Chris Wahl San_Francisco 1519 to 1520
Changed rank Andrew Wang San_Francisco 1520 to 1521
Changed rank ian curtis San_Francisco 1521 to 1522
Changed rank Terra Conlon San_Francisco 1522 to 1523
Changed rank Zack Dkon San_Francisco 1523 to 1524
Changed rank Alex Zhang San_Francisco 1524 to 1525
Changed rank Karolis Karalevičius San_Francisco 1525 to 1526
Changed rank Ario Bighettini San_Francisco 1526 to 1527
Changed rank michael halper San_Francisco 1527 to 1528
Changed rank Keith Torluemke San_Francisco 1528 to 1529
Changed rank raph tse San_Francisco 1529 to 1530
Changed rank Cosmo  Catalano San_Francisco 1530 to 1531
Changed rank Graham Keggi San_Francisco 1531 to 1532
Changed rank Anton Vynogradenko San_Francisco 1532 to 1533
Changed rank Zachary Smith San_Francisco 1533 to 1534
Changed rank Adam Smith San_Francisco 1534 to 1535
Changed rank Rex Moar San_Francisco 1535 to 1536
Changed rank Ed James San_Francisco 1536 to 1537
Changed rank Tom Powrie San_Francisco 1537 to 1538
Changed rank Adam Robertson San_Francisco 1538 to 1539
Changed rank Patrick Hogan San_Francisco 1539 to 1540
Changed rank Keith Manson San_Francisco 1540 to 1541
Changed rank Josh Jacobson San_Francisco 1541 to 1542
Changed rank Josh Boilard San_Francisco 1542 to 1543
Changed rank Nick Kordesch San_Francisco 1543 to 1544
Changed rank Mayumi Yoshida San_Francisco 1544 to 1545
Changed rank Sindy Cho San_Francisco 1545 to 1546
Changed rank Mike Chino San_Francisco 1546 to 1547
Changed rank Andrew  Birchett San_Francisco 1547 to 1548
Changed rank David Kastner San_Francisco 1548 to 1549
Changed rank Steve Engelbrecht San_Francisco 1549 to 1550
Changed rank Allegra Fisher San_Francisco 1550 to 1551
Changed rank steven portela San_Francisco 1551 to 1552
Changed rank Shumpei Ogawa San_Francisco 1552 to 1553
Changed rank jim smith San_Francisco 1553 to 1554
Changed rank Guillaume Golsong San_Francisco 1554 to 1555
Changed rank Oliver Plattner San_Francisco 1555 to 1556
Changed rank David Ronco San_Francisco 1556 to 1557
Changed rank william kuntz San_Francisco 1557 to 1558
Changed rank Annie Vranizan San_Francisco 1558 to 1559
Changed rank Jean-Michel Boujon San_Francisco 1559 to 1560
Changed rank Mike Gvillo San_Francisco 1560 to 1561
Changed rank Hugo Verweij San_Francisco 1561 to 1562
Changed rank Patrick Traughber San_Francisco 1562 to 1563
Changed rank Matthew Triska San_Francisco 1563 to 1564
Changed rank matt flesher San_Francisco 1564 to 1565
Changed rank David Glenn San_Francisco 1565 to 1566
Changed rank Kevin Colosimo San_Francisco 1566 to 1567
Changed rank Josh Marcley San_Francisco 1567 to 1568
Changed rank Stephen Grenholm San_Francisco 1568 to 1569
Changed rank Bridgette Lery San_Francisco 1569 to 1570
Changed rank Nathaniel Sears San_Francisco 1570 to 1571
Changed rank Adam de Smith San_Francisco 1571 to 1572
Changed rank KT Shig San_Francisco 1572 to 1573
Changed rank chris esparza San_Francisco 1573 to 1574
Changed rank Kent Hiroi San_Francisco 1574 to 1575
Changed rank James Sabry San_Francisco 1575 to 1576
Changed rank Varun Pemmaraju San_Francisco 1576 to 1577
Changed rank Mat Gordon San_Francisco 1577 to 1578
Changed rank Brian Ort San_Francisco 1578 to 1579
Changed rank Andrew Axley San_Francisco 1579 to 1580
Changed rank Willem V San_Francisco 1580 to 1581
Changed rank Tim Norman San_Francisco 1581 to 1582
Changed rank Colin Dougherty San_Francisco 1582 to 1583
Changed rank Julia Pivnick San_Francisco 1583 to 1584
Changed rank Joanne engel San_Francisco 1584 to 1585
Changed rank James Woodcock San_Francisco 1585 to 1586
Changed rank Patrick Mulligan San_Francisco 1586 to 1587
Changed rank Michael Lei San_Francisco 1587 to 1588
Changed rank Ellen Haller San_Francisco 1588 to 1589
Changed rank Steven Barcikowski San_Francisco 1589 to 1590
Changed rank Nayvin Chew San_Francisco 1590 to 1591
Changed rank Anthony Locke San_Francisco 1591 to 1592
Changed rank Steven Szabados San_Francisco 1592 to 1593
Changed rank Sterling Eckard San_Francisco 1593 to 1594
Changed rank Rob Woolfson San_Francisco 1594 to 1595
Changed rank Matt Klene San_Francisco 1595 to 1596
Changed rank Lawrence Lee San_Francisco 1596 to 1597
Changed rank Duncan Boehle San_Francisco 1597 to 1598
Changed rank Andrew Bowman San_Francisco 1598 to 1599
Changed rank sean langley San_Francisco 1599 to 1600
Changed rank Michael D San_Francisco 1600 to 1601
Changed rank Dan Barahona San_Francisco 1601 to 1602
Changed rank Jennifer Baer San_Francisco 1602 to 1603
Changed rank Jay Parkhill San_Francisco 1603 to 1604
Changed rank Mark Crockett San_Francisco 1604 to 1605
Changed rank Bob Schultz San_Francisco 1605 to 1606
Changed rank oren abrams San_Francisco 1606 to 1607
Changed rank Brigg BLOOMQUIST San_Francisco 1607 to 1608
Changed rank Steven Atneosen San_Francisco 1608 to 1609
Changed rank Simon Longbottom San_Francisco 1609 to 1610
Changed rank Ido M San_Francisco 1610 to 1611
Changed rank Cameron Shafer San_Francisco 1611 to 1612
Changed rank Frank Clark San_Francisco 1612 to 1613
Changed rank Andrew Roger San_Francisco 1613 to 1614
Changed rank Brian Short San_Francisco 1614 to 1615
Changed rank Peter Gwinn San_Francisco 1615 to 1616
Changed rank Andrew Olson San_Francisco 1616 to 1617
Changed rank Paul Bressie San_Francisco 1617 to 1618
Changed rank David Lewis San_Francisco 1618 to 1619
Changed rank Val Brown San_Francisco 1619 to 1620
Changed rank Zachary Browne San_Francisco 1620 to 1621
Changed rank Priscilla Mok San_Francisco 1621 to 1622
Changed rank Russell Fleming San_Francisco 1622 to 1623
Changed rank Felipe Dest San_Francisco 1623 to 1624
Changed rank Mitch Wiggins San_Francisco 1624 to 1625
Changed rank dave pugh San_Francisco 1625 to 1626
Changed rank Patrick Kitto San_Francisco 1626 to 1627
Changed rank TJ Nahigian San_Francisco 1627 to 1628
Changed rank Matt Coelho San_Francisco 1628 to 1629
Changed rank Mark Anderson San_Francisco 1629 to 1630
Changed rank Tobin Shreeve San_Francisco 1630 to 1631
Changed rank Tal Schwartz San_Francisco 1631 to 1632
Changed rank Meg Meal San_Francisco 1632 to 1633
Changed rank Nitin C San_Francisco 1633 to 1634
Changed rank Ryan Goepfert San_Francisco 1634 to 1635
Changed rank J Hennig San_Francisco 1635 to 1636
Changed rank Andres Mino San_Francisco 1636 to 1637
Changed rank Luke Leonhard San_Francisco 1637 to 1638
Changed rank Chad Pajari San_Francisco 1638 to 1639
Changed rank Laura O'Meara San_Francisco 1639 to 1640
Changed rank Matthew  Beaudin San_Francisco 1640 to 1641
Changed rank Justin Philpott San_Francisco 1641 to 1642
Changed rank Bora Kem San_Francisco 1642 to 1643
Changed rank Shaun Malligan San_Francisco 1643 to 1644
Changed rank Jared Franzoia San_Francisco 1644 to 1645
Changed rank Borracho Billy San_Francisco 1645 to 1646
Changed rank Tim Acker San_Francisco 1646 to 1647
Changed rank Jack Read San_Francisco 1647 to 1648
Changed rank Peter Fong San_Francisco 1648 to 1649
Changed rank Douche McQueen San_Francisco 1649 to 1650
Changed rank John Chamberlin San_Francisco 1650 to 1651
Changed rank galen pewtherer San_Francisco 1651 to 1652
Changed rank Parteek Saran San_Francisco 1652 to 1653
Changed rank Mc Rosen San_Francisco 1653 to 1654
Changed rank Jason Lorentzen San_Francisco 1654 to 1655
Changed rank Liam Foley San_Francisco 1655 to 1656
Changed rank Ned Rockson San_Francisco 1656 to 1657
Changed rank Diana Theriault San_Francisco 1657 to 1658
Changed rank Jamie Jorski San_Francisco 1658 to 1659
Changed rank John Bass San_Francisco 1659 to 1660
Changed rank David King San_Francisco 1660 to 1661
Changed rank rick monetta San_Francisco 1661 to 1662
Changed rank David Raff San_Francisco 1662 to 1663
Changed rank Mark Manning San_Francisco 1663 to 1664
Changed rank John Rojas San_Francisco 1664 to 1665
Changed rank Michael Spaulding San_Francisco 1665 to 1666
Changed rank Danny Mendez San_Francisco 1666 to 1667
Changed rank Kevin Brennan San_Francisco 1667 to 1668
Changed rank Cesar Guillen San_Francisco 1668 to 1669
Changed rank Matt Brendal San_Francisco 1669 to 1670
Changed rank Pete Stock San_Francisco 1670 to 1671
Changed rank Laurence Delisle San_Francisco 1671 to 1672
Changed rank Danny Dvinov San_Francisco 1672 to 1673
Changed rank Karen Martell San_Francisco 1673 to 1674
Changed rank Ray Smith San_Francisco 1674 to 1675
Changed rank Carlito Tuason San_Francisco 1675 to 1676
Changed rank Thomas Ciszewski San_Francisco 1676 to 1677
Changed rank Ian Armitage San_Francisco 1677 to 1678
Changed rank Paul Chomsky San_Francisco 1678 to 1679
Changed rank Chetan Gupta San_Francisco 1679 to 1680
Changed rank Drew Pollock San_Francisco 1680 to 1681
Changed rank Wayne Grout San_Francisco 1681 to 1682
Changed rank Daniel  Mudimbe San_Francisco 1682 to 1683
Changed rank Zack Fagin San_Francisco 1683 to 1684
Changed rank Gabe  Krenza San_Francisco 1684 to 1685
Changed rank Jonathan Russell San_Francisco 1685 to 1686
Changed rank Stephen Lewchuk San_Francisco 1686 to 1687
Changed rank Bram De Martelaere San_Francisco 1687 to 1688
Changed rank Tracy Lorenz San_Francisco 1688 to 1689
Changed rank Donald Brenner San_Francisco 1689 to 1690
Changed rank David Easthope San_Francisco 1690 to 1691
Changed rank Eugene Wei San_Francisco 1691 to 1692
Changed rank Shane Frykholm San_Francisco 1692 to 1693
Changed rank Sarah Davenport San_Francisco 1693 to 1694
Changed rank Fast Eddie San_Francisco 1694 to 1695
Changed rank Peter Nachtrieb San_Francisco 1695 to 1696
Changed rank Stephen Arod Shirreffs San_Francisco 1696 to 1697
Changed rank Angela Navarro San_Francisco 1697 to 1698
Changed rank Quyen Luong San_Francisco 1698 to 1699
Changed rank Manny S San_Francisco 1699 to 1700
Changed rank John Kerr San_Francisco 1700 to 1701
Changed rank Scott Johnson San_Francisco 1701 to 1702
Changed rank Alex Chen San_Francisco 1702 to 1703
Changed rank Scott Cronin San_Francisco 1703 to 1704
Changed rank David Lorsch San_Francisco 1704 to 1705
Changed rank toby mason San_Francisco 1705 to 1706
Changed rank Archie Sebastian San_Francisco 1706 to 1707
Changed rank Pete Giese San_Francisco 1707 to 1708
Changed rank scott nygaard San_Francisco 1708 to 1709
Changed rank david albert San_Francisco 1709 to 1710
Changed rank Raja Bisharat San_Francisco 1710 to 1711
Changed rank Hailey Manning San_Francisco 1711 to 1712
Changed rank Noah Danyon San_Francisco 1712 to 1713
Changed rank Onyanga Dean San_Francisco 1713 to 1714
Changed rank Joseph Ison San_Francisco 1714 to 1715
Changed rank Tom Kreta San_Francisco 1715 to 1716
Changed rank Lane O'Connor San_Francisco 1716 to 1717
Changed rank Ben Burningham San_Francisco 1717 to 1718
Changed rank Aron Carroll San_Francisco 1718 to 1719
Changed rank Charlie Karr San_Francisco 1719 to 1720
Changed rank Bill Ehlers San_Francisco 1720 to 1721
Changed rank shannon assad San_Francisco 1721 to 1722
Changed rank doug edmonds San_Francisco 1722 to 1723
Changed rank Paul Niemeyer San_Francisco 1723 to 1724
Changed rank Heidi Klingebiel San_Francisco 1724 to 1725
Changed rank Ryan Tiret San_Francisco 1725 to 1726
Changed rank Benji Gribnau San_Francisco 1726 to 1727
Changed rank Christopher Altchek San_Francisco 1727 to 1728
Changed rank Pete Irving San_Francisco 1728 to 1729
Changed rank Philip Graham San_Francisco 1729 to 1730
Changed rank Justin Haaga San_Francisco 1730 to 1731
Changed rank Chris Degenaar San_Francisco 1731 to 1732
Changed rank Bruno Junqueira San_Francisco 1732 to 1733
Changed rank Warren Lain San_Francisco 1733 to 1734
Changed rank Ethan Jenkins San_Francisco 1734 to 1735
Changed rank Cat Cabalo San_Francisco 1735 to 1736
Changed rank Michael Flynn San_Francisco 1736 to 1737
Changed rank Dan Diephouse San_Francisco 1737 to 1738
Changed rank James Hsu San_Francisco 1738 to 1739
Changed rank Tobias Knaup San_Francisco 1739 to 1740
Changed rank Alexa Riddle San_Francisco 1740 to 1741
Changed rank Joe Beare San_Francisco 1741 to 1742
Changed rank Adam Millman San_Francisco 1742 to 1743
Changed rank Talia Rudee San_Francisco 1743 to 1744
Changed rank Edgar Gonzàlez i Pellicer San_Francisco 1744 to 1745
Changed rank jessica hidalgo San_Francisco 1745 to 1746
Changed rank Team MichSar San_Francisco 1746 to 1747
Changed rank Jan Chipchase San_Francisco 1747 to 1748
Changed rank Rob  Crow San_Francisco 1748 to 1749
Changed rank Matt Bond San_Francisco 1749 to 1750
Changed rank Francis Castaneda San_Francisco 1750 to 1751
Changed rank Jesse Czelusta San_Francisco 1751 to 1752
Changed rank Audric Collignon San_Francisco 1752 to 1753
Changed rank Craig Dalton San_Francisco 1753 to 1754
Changed rank Davin Fan San_Francisco 1754 to 1755
Changed rank Peter Wen San_Francisco 1755 to 1756
Changed rank Eric Newberg San_Francisco 1756 to 1757
Changed rank Kamal Ndousse San_Francisco 1757 to 1758
Changed rank Jive Turkey San_Francisco 1758 to 1759
Changed rank James Trousdale San_Francisco 1759 to 1760
Changed rank Alexi Kostibas San_Francisco 1760 to 1761
Changed rank Jonathan Bender San_Francisco 1761 to 1762
Changed rank Ion Feldman San_Francisco 1762 to 1763
Changed rank Jeff Mishler San_Francisco 1763 to 1764
Changed rank Alexei S San_Francisco 1764 to 1765
Changed rank jessie sandler San_Francisco 1765 to 1766
Changed rank Kevin Weberling San_Francisco 1766 to 1767
Changed rank Zach Perret San_Francisco 1767 to 1768
Changed rank Harrison Lee San_Francisco 1768 to 1769
Changed rank Henrich Liska San_Francisco 1769 to 1770
Changed rank Victor Poon San_Francisco 1770 to 1771
Changed rank Jordan Gottlieb San_Francisco 1771 to 1772
Changed rank Ben Arent San_Francisco 1772 to 1773
Changed rank Alex Shulman San_Francisco 1773 to 1774
Changed rank Rob Curran San_Francisco 1774 to 1775
Changed rank Jay Simons San_Francisco 1775 to 1776
Changed rank David S San_Francisco 1776 to 1777
Changed rank Zach Stewart San_Francisco 1777 to 1778
Changed rank Cole England San_Francisco 1778 to 1779
Changed rank Howard Chung San_Francisco 1779 to 1780
Changed rank William Fong San_Francisco 1780 to 1781
Changed rank jason saret San_Francisco 1781 to 1782
Changed rank Mark Ferlatte San_Francisco 1782 to 1783
Changed rank David Wolfe San_Francisco 1783 to 1784
Changed rank matt scherling San_Francisco 1784 to 1785
Changed rank Sal Tavormina San_Francisco 1785 to 1786
Changed rank Paul Magaletti San_Francisco 1786 to 1787
Changed rank Eric Hoepner San_Francisco 1787 to 1788
Changed rank Raymond Ha San_Francisco 1788 to 1789
Changed rank Michael Knighten San_Francisco 1789 to 1790
Changed rank Katie Meza San_Francisco 1790 to 1791
Changed rank Rob Balian San_Francisco 1791 to 1792
Changed rank Connor Spencer San_Francisco 1792 to 1793
Changed rank Leyland Kato San_Francisco 1793 to 1794
Changed rank J Enberg San_Francisco 1794 to 1795
Changed rank Derek Nowak San_Francisco 1795 to 1796
Changed rank Nathaniel Ng San_Francisco 1796 to 1797
Changed rank Michael Riyanto San_Francisco 1797 to 1798
Changed rank Evan Kuchar San_Francisco 1798 to 1799
Changed rank Sean Duffy San_Francisco 1799 to 1800
Changed rank brent schavitz San_Francisco 1800 to 1801
Changed rank gregg schulze San_Francisco 1801 to 1802
Changed rank Emily Coreris San_Francisco 1802 to 1803
Changed rank Erin Beitel San_Francisco 1803 to 1804
Changed rank ryan branciforte San_Francisco 1804 to 1805
Changed rank Paul Dravis San_Francisco 1805 to 1806
Changed rank Matthew Drake San_Francisco 1806 to 1807
Changed rank Yoeri De Pauw San_Francisco 1807 to 1808
Changed rank Lukas Bergstrom San_Francisco 1808 to 1809
Changed rank Paul Andam San_Francisco 1809 to 1810
Changed rank Andy Booth San_Francisco 1810 to 1811
Changed rank Leonid Gutarov San_Francisco 1811 to 1812
Changed rank Harry Dicks San_Francisco 1812 to 1813
Changed rank Harrison Worner San_Francisco 1813 to 1814
Changed rank mads christensen San_Francisco 1814 to 1815
Changed rank Ian Bannister San_Francisco 1815 to 1816
Changed rank Justin Bucktrout San_Francisco 1816 to 1817
Changed rank Robin Kraft San_Francisco 1817 to 1818
Changed rank Samuel Rabinowitz San_Francisco 1818 to 1819
Changed rank Will Tipton San_Francisco 1819 to 1820
Changed rank John Beck San_Francisco 1820 to 1821
Changed rank Emma Porteus San_Francisco 1821 to 1822
Changed rank husain kurwa San_Francisco 1822 to 1823
Changed rank jason monberg San_Francisco 1823 to 1824
Changed rank Will Danse San_Francisco 1824 to 1825
Changed rank Keith Shotts San_Francisco 1825 to 1826
Changed rank Duke Kang San_Francisco 1826 to 1827
Changed rank Jerome Sicard San_Francisco 1827 to 1828
Changed rank Brad Terrell San_Francisco 1828 to 1829
Changed rank Camron Shahmirzadi San_Francisco 1829 to 1830
Changed rank Mark Smethers San_Francisco 1830 to 1831
Changed rank Tomas Apodaca San_Francisco 1831 to 1832
Changed rank Dick Lambe San_Francisco 1832 to 1833
Changed rank Ethan Lo San_Francisco 1833 to 1834
Changed rank Shannon Day San_Francisco 1834 to 1835
Changed rank Eric Freeman San_Francisco 1835 to 1836
Changed rank Greg Amundson San_Francisco 1836 to 1837
Changed rank Bosticman ! San_Francisco 1837 to 1838
Changed rank Jodi McLean San_Francisco 1838 to 1839
Changed rank Enrique Rojas San_Francisco 1839 to 1840
Changed rank Scott Wylie San_Francisco 1840 to 1841
Changed rank Mac M San_Francisco 1841 to 1842
Changed rank mikethe barber San_Francisco 1842 to 1843
Changed rank melanie raines San_Francisco 1843 to 1844
Changed rank High Life San_Francisco 1844 to 1845
Changed rank Jason Haney San_Francisco 1845 to 1846
Changed rank Jordan Taylor San_Francisco 1846 to 1847
Changed rank peter scott San_Francisco 1847 to 1848
Changed rank Jacob Stultz San_Francisco 1848 to 1849
Changed rank Lil Cane Mane San_Francisco 1849 to 1850
Changed rank kinney horn San_Francisco 1850 to 1851
Changed rank Cleveland Motley San_Francisco 1851 to 1852
Changed rank Tim Woo San_Francisco 1852 to 1853
Changed rank Jeremy 2 San_Francisco 1853 to 1854
Changed rank Ben Wallace San_Francisco 1854 to 1855
Changed rank Scott Christopher San_Francisco 1855 to 1856
Changed rank Yannis Cosmadopoulos San_Francisco 1856 to 1857
Changed rank Nanda Doddapaneni San_Francisco 1857 to 1858
Changed rank Arlo Jamrog San_Francisco 1858 to 1859
Changed rank George Janour San_Francisco 1859 to 1860
Changed rank Michael Reynolds San_Francisco 1860 to 1861
Changed rank Cheryl Shwe San_Francisco 1861 to 1862
Changed rank Justin Smith San_Francisco 1862 to 1863
Changed rank Nate Clemensen San_Francisco 1863 to 1864
Changed rank david rudolf San_Francisco 1864 to 1865
Changed rank Jonathan Dreyfus San_Francisco 1865 to 1866
Changed rank James Partridge San_Francisco 1866 to 1867
Changed rank Show-Pei (aka Robert) Ho San_Francisco 1867 to 1868
Changed rank William Dixon San_Francisco 1868 to 1869
Changed rank Jamie McJunkin San_Francisco 1869 to 1870
Changed rank Ollie NZ San_Francisco 1870 to 1871
Changed rank Norbert Hu San_Francisco 1871 to 1872
Changed rank heather ferne farnham San_Francisco 1872 to 1873
Changed rank Jason Pineda San_Francisco 1873 to 1874
Changed rank Nhut D San_Francisco 1874 to 1875
Changed rank Avi Saranga San_Francisco 1875 to 1876
Changed rank Aylwin Villanueva San_Francisco 1876 to 1877
Changed rank Erin Hunter San_Francisco 1877 to 1878
Changed rank Henry Heisler San_Francisco 1878 to 1879
Changed rank Bryan Hill San_Francisco 1879 to 1880
Changed rank Josh Weissburg San_Francisco 1880 to 1881
Changed rank Andy Muesse San_Francisco 1881 to 1882
Changed rank Gordon Whitehouse San_Francisco 1882 to 1883
Changed rank Christopher Cohen San_Francisco 1883 to 1884
Changed rank Eran Frohman San_Francisco 1884 to 1885
Changed rank Brian Wallace San_Francisco 1885 to 1886
Changed rank Mark Eppley San_Francisco 1886 to 1887
Changed rank dave fiore San_Francisco 1887 to 1888
Changed rank Tristan Cameron San_Francisco 1888 to 1889
Changed rank Old Tammer San_Francisco -1 to 1953
Changed rank Magic Mike San_Francisco -1 to 1954
Changed rank Courtney M. Winterbauer San_Francisco 1953 to 1955
Changed rank Rebecca Wall San_Francisco 1954 to 1956
Changed rank Pedro Valente San_Francisco 1955 to 1957
Changed rank Matty Morin San_Francisco 1956 to 1958
Changed rank Nate Schorer San_Francisco 1957 to 1959
Changed rank Neil Mitchell San_Francisco 1958 to 1960
Changed rank Laura Faye San_Francisco 1959 to 1961
Changed rank Anirvan Awatramani San_Francisco 1960 to 1962
Changed rank Juan Aristizabal San_Francisco 1961 to 1963
Changed rank Janice Nicol San_Francisco 1962 to 1964
Changed rank McLean Smithson San_Francisco 1963 to 1965
Changed rank Michael Pabarcus San_Francisco 1964 to 1966
Changed rank Justin Pumpr San_Francisco 1965 to 1967
Changed rank Steve Mardenfeld San_Francisco 1966 to 1968
Changed rank Greg Schuler San_Francisco 1967 to 1969
Changed rank Jason Hesse San_Francisco 1968 to 1970
Changed rank Matt Allen San_Francisco 1969 to 1971
Changed rank Matt White San_Francisco 1970 to 1972
Changed rank Brandon Franklin San_Francisco 1971 to 1973
Changed rank Christian Vigeland San_Francisco 1972 to 1974
Changed rank Rick Cox San_Francisco 1973 to 1975
Changed rank Brian Davis San_Francisco 1974 to 1976
Changed rank Luke Lavin San_Francisco 1975 to 1977
Changed rank Bob Slawson San_Francisco 1976 to 1978
Changed rank philip gadd San_Francisco 1977 to 1979
Changed rank Maddy Nakada San_Francisco 1978 to 1980
Changed rank Paul Matz San_Francisco 1979 to 1981
Changed rank David Brownschidle San_Francisco 1980 to 1982
Changed rank Adil Ansari San_Francisco 1981 to 1983
Changed rank cliff romig San_Francisco 1982 to 1984
Changed rank Felipe Collin San_Francisco 1983 to 1985
Changed rank millen paschich San_Francisco 1984 to 1986
Changed rank Tom Nofziger San_Francisco 1985 to 1987
Changed rank Ray Vander Veen San_Francisco 1986 to 1988
Changed rank Nate Cook San_Francisco 1987 to 1989
Changed rank Lwood SF San_Francisco 1988 to 1990
Changed rank Ashton Smith San_Francisco 1989 to 1991
Changed rank Abhishek Bhatnagar San_Francisco 1990 to 1992
Changed rank Eric Brandt San_Francisco 1991 to 1993
Changed rank Brian Quan San_Francisco 1992 to 1994
Changed rank Freddie Liversidge San_Francisco 1993 to 1995
Changed rank Justin Rochell San_Francisco 1994 to 1996
Changed rank Ben Parrell San_Francisco 1995 to 1997
Changed rank Jesper Christiansen San_Francisco 1996 to 1998
Changed rank brooksopher rogers San_Francisco 1997 to 1999
Changed rank Paul Rivera San_Francisco 1998 to 2000
Changed rank suzanne manugian San_Francisco 1999 to 2001
Changed rank Alejandro Villarreal San_Francisco 2000 to 2002
Changed rank Ched Lejano San_Francisco 2001 to 2003
Changed rank Kevin Vaarsi San_Francisco 2002 to 2004
Changed rank Darin Rosas San_Francisco 2003 to 2005
Changed rank Lee Dukes San_Francisco 2004 to 2006
Changed rank Christopher  Miller San_Francisco 2005 to 2007
Changed rank Mike Skalnik San_Francisco 2006 to 2008
Changed rank Gordon Mackenzie San_Francisco 2007 to 2009
Changed rank ROBERT CARDIN San_Francisco 2008 to 2010
Changed rank Rudi Rughoonundon San_Francisco 2009 to 2011
Changed rank Evan Weaver San_Francisco 2010 to 2012
Changed rank Matt Ebert San_Francisco 2011 to 2013
Changed rank Shawn  Magee  San_Francisco 2012 to 2014
Changed rank Devon Proctor San_Francisco 2013 to 2015
Changed rank Dan Becker San_Francisco 2014 to 2016
Changed rank Whitman Hall San_Francisco 2015 to 2017
Changed rank Kevin Leong San_Francisco 2016 to 2018
Changed rank mark  riedy San_Francisco 2017 to 2019
Changed rank Kurt Wolfgang San_Francisco 2018 to 2020
Changed rank Sani Obhodas San_Francisco 2019 to 2021
Changed rank Charlie Eckart San_Francisco 2020 to 2022
Changed rank Samuel Arkin San_Francisco 2021 to 2023
Changed rank Zach Rickenbach San_Francisco 2022 to 2024
Changed rank Oscar Aguilera San_Francisco 2023 to 2025
Changed rank frances james San_Francisco 2024 to 2026
Changed rank Gregory Anderson San_Francisco 2025 to 2027
Changed rank Christopher Silber San_Francisco 2026 to 2028
Changed rank Geoffrey Gomez San_Francisco 2027 to 2029
Changed rank AJ Asver San_Francisco 2028 to 2030
Changed rank Jorge Martinez-Vargas San_Francisco 2029 to 2031
Changed rank Alex Collins San_Francisco 2030 to 2032
Changed rank Mark Jacobstein San_Francisco 2031 to 2033
Changed rank Greg Fong San_Francisco 2032 to 2034
Changed rank Monique van Schaik San_Francisco 2033 to 2035
Changed rank Jia Yn Chen San_Francisco 2034 to 2036
Changed rank H. DeWan San_Francisco 2035 to 2037
Changed rank Brenden Matthews San_Francisco 2036 to 2038
Changed rank Lance Kennedy San_Francisco 2037 to 2039
Changed rank Greg Robley San_Francisco 2038 to 2040
Changed rank Nathan Winn San_Francisco 2039 to 2041
Changed rank Petr Cvengros San_Francisco 2040 to 2042
Changed rank Daniel Robinson San_Francisco 2041 to 2043
Changed rank Scott Johnston San_Francisco 2042 to 2044
Changed rank Zachary Davenport San_Francisco 2043 to 2045
Changed rank Steve Jones San_Francisco 2044 to 2046
Changed rank pablo v San_Francisco 2045 to 2047
Changed rank Jessica Cu San_Francisco 2046 to 2048
Changed rank Shanna Sauer San_Francisco 2047 to 2049
Changed rank Doug Milliken San_Francisco 2048 to 2050
Changed rank Sam Garetano San_Francisco 2049 to 2051
Changed rank Joanna Clinch San_Francisco 2050 to 2052
Changed rank Christine Gould San_Francisco 2051 to 2053
Changed rank Lindsay Bailey San_Francisco 2052 to 2054
Changed rank Jess Hyman San_Francisco 2053 to 2055
Changed rank Kyle Yugawa San_Francisco 2054 to 2056
Changed rank Nate T San_Francisco 2055 to 2057
Changed rank Brian Wiedenmeier San_Francisco 2056 to 2058
Changed rank Addison Nuding San_Francisco 2057 to 2059
Changed rank Rob  Lettieri San_Francisco 2058 to 2060
Changed rank Hunter Veloz San_Francisco 2059 to 2061
Changed rank Rosamaria Cavalho San_Francisco 2060 to 2062
Changed rank Ben Schwartz San_Francisco 2061 to 2063
Changed rank jeffrey cusack San_Francisco 2062 to 2064
Changed rank Charlie Wärendh San_Francisco 2063 to 2065
Changed rank Chuck Davidson San_Francisco 2064 to 2066
Changed rank jeff bowers San_Francisco 2065 to 2067
Changed rank Jack Verdon San_Francisco 2066 to 2068
Changed rank Chipper Nicodemus San_Francisco 2067 to 2069
Changed rank Toshi Y San_Francisco 2068 to 2070
Changed rank Daniel Valles San_Francisco 2069 to 2071
Changed rank Steven Smith San_Francisco 2070 to 2072
Changed rank MCH 29er N SF San_Francisco 2071 to 2073
Changed rank Arnaud Hebert San_Francisco 2072 to 2074
Changed rank Colin Brumelle San_Francisco -1 to 2075
Changed rank Durelle Schacter San_Francisco 2073 to 2076
Changed rank Raphael Braschoss San_Francisco 2074 to 2077
Changed rank Jerome Thomere San_Francisco 2075 to 2078
Changed rank Bill Cuevas San_Francisco 2076 to 2079
Changed rank Peter Friday San_Francisco 2077 to 2080
Changed rank Johnny Ballard San_Francisco 2078 to 2081
Changed rank Rusty Lile San_Francisco 2079 to 2082
Changed rank Alex Lasnik San_Francisco 2080 to 2083
Changed rank Aidan Simpson San_Francisco 2081 to 2084
Changed rank David Small San_Francisco 2082 to 2085
Changed rank Jim Heinlein San_Francisco 2083 to 2086
Changed rank Alex Rosenfeld San_Francisco 2084 to 2087
Changed rank mike gallucci San_Francisco 2085 to 2088
Changed rank Sora Chong San_Francisco 2086 to 2089
Changed rank Devon Martin San_Francisco 2087 to 2090
Changed rank Catherine Chang San_Francisco 2088 to 2091
Changed rank Jonathan Archer San_Francisco 2089 to 2092
Changed rank Laura Barnum San_Francisco 2090 to 2093
Changed rank Nate Downs San_Francisco 2091 to 2094
Changed rank Jessica Ludy San_Francisco 2092 to 2095
Changed rank Jeffrey Skokan San_Francisco 2093 to 2096
Changed rank Kevin Shay San_Francisco 2094 to 2097
Changed rank Andrew Lee San_Francisco 2095 to 2098
Changed rank pablinski ∆ San_Francisco 2096 to 2099
Changed rank Kevin Buckholtz San_Francisco 2097 to 2100
Changed rank Jeffrey Sall San_Francisco 2098 to 2101
Changed rank Mike Welch San_Francisco 2099 to 2102
Changed rank Andrew Jordan San_Francisco 2100 to 2103
Changed rank Brian Stadtmiller San_Francisco 2101 to 2104
Changed rank Todd Coleman San_Francisco 2102 to 2105
Changed rank Don Powell San_Francisco 2103 to 2106
Changed rank Brandon Desch San_Francisco 2104 to 2107
Changed rank Eric Lambrecht San_Francisco 2105 to 2108
Changed rank Matthew Fuhr San_Francisco 2106 to 2109
Changed rank Matthew Hanculak San_Francisco 2107 to 2110
Changed rank Aran Rhee San_Francisco 2108 to 2111
Changed rank sean campbell San_Francisco 2109 to 2112
Changed rank Brian Nelson San_Francisco 2110 to 2113
Changed rank Lem Oandasan San_Francisco 2111 to 2114
Changed rank Leo Chow San_Francisco 2112 to 2115
Changed rank Hanna Hart San_Francisco 2113 to 2116
Changed rank Ilya Björn Feldman San_Francisco 2114 to 2117
Changed rank Rat Catcher San_Francisco 2115 to 2118
Changed rank Charles Dilworth San_Francisco 2116 to 2119
Changed rank Clarke Bishop San_Francisco 2117 to 2120
Changed rank John-Elliott Kirk San_Francisco 2118 to 2121
Changed rank Adam Bozanich San_Francisco -1 to 2122
Changed rank ! Pott Z San_Francisco 2119 to 2123
Changed rank Chad Burton San_Francisco 2120 to 2124
Changed rank Sophia Chen San_Francisco 2121 to 2125
Changed rank Jeremiah Blume San_Francisco 2122 to 2126
Changed rank Megan Crocker San_Francisco 2123 to 2127
Changed rank Big D San_Francisco 2124 to 2128
Changed rank Malcolm Yeung San_Francisco 2125 to 2129
Changed rank Erick Martinez San_Francisco 2126 to 2130
Changed rank Ken L San_Francisco 2127 to 2131
Changed rank Peter yyyy San_Francisco 2128 to 2132
Changed rank OrIando SC San_Francisco 2129 to 2133
Changed rank jhenrick james dadula San_Francisco 2130 to 2134
Changed rank Vladimir Golli San_Francisco 2131 to 2135
Changed rank Nick Thomas San_Francisco 2132 to 2136
Changed rank Courtney O'donnell  San_Francisco 2133 to 2137
Changed rank David Oliver San_Francisco 2134 to 2138
Changed rank Greg Schuster San_Francisco 2135 to 2139
Changed rank Andrew Boni San_Francisco 2136 to 2140
Changed rank Gordon  Gray  San_Francisco 2137 to 2141
Changed rank Emer Pacleb San_Francisco 2138 to 2142
Changed rank Tim Lillis San_Francisco 2139 to 2143
Changed rank Wellington Sculley San_Francisco 2140 to 2144
Changed rank Matthew Penfold San_Francisco 2141 to 2145
Changed rank Adam Schwarcz San_Francisco 2142 to 2146
Changed rank Erik Noland San_Francisco 2143 to 2147
Changed rank Stephen Hayes San_Francisco 2144 to 2148
Changed rank CHAD DAVIDSON San_Francisco 2145 to 2149
Changed rank Eric Davis San_Francisco 2146 to 2150
Changed rank Wolverine's Toolface San_Francisco 2147 to 2151
Changed rank Caroline Dezendorf San_Francisco 2148 to 2152
Changed rank Jeffrey Veen San_Francisco 2149 to 2153
Changed rank john jameston San_Francisco 2150 to 2154
Changed rank Bret Gorden San_Francisco 2151 to 2155
Changed rank Allen Miao San_Francisco 2152 to 2156
Changed rank Ryaz Song San_Francisco 2153 to 2157
Changed rank Chris Papazian San_Francisco 2154 to 2158
Changed rank Kelley Kruze San_Francisco 2155 to 2159
Changed rank Kelley Prebil San_Francisco 2156 to 2160
Changed rank scott sharpe San_Francisco 2157 to 2161
Changed rank Tom Roth San_Francisco 2158 to 2162
Changed rank S.O.H.C. (Cam Cooper) San_Francisco 2159 to 2163
Changed rank r c San_Francisco 2160 to 2164
Changed rank Eileen Smith San_Francisco 2161 to 2165
Changed rank Julie Cushen San_Francisco 2162 to 2166
Changed rank Will Van Cleave San_Francisco 2163 to 2167
Changed rank Eugene Berson San_Francisco 2164 to 2168
Changed rank Jonathan Yip San_Francisco 2165 to 2169
Changed rank Mike Lee San_Francisco 2166 to 2170
Changed rank Joe Monahan San_Francisco 2167 to 2171
Changed rank Brad Azevedo San_Francisco 2168 to 2172
Changed rank Tate Thompson San_Francisco 2169 to 2173
Changed rank Andrew Euretig San_Francisco 2170 to 2174
Changed rank Frank Schott San_Francisco 2171 to 2175
Changed rank Andrew Zizzi San_Francisco 2172 to 2176
Changed rank graeme thomson San_Francisco 2173 to 2177
Changed rank Gary Resnick San_Francisco 2174 to 2178
Changed rank Michael Spiegel San_Francisco 2175 to 2179
Changed rank Alison  Jackson San_Francisco 2176 to 2180
Changed rank Alex Schuth San_Francisco 2177 to 2181
Changed rank Brendan Dahl San_Francisco 2178 to 2182
Changed rank David Supan San_Francisco 2179 to 2183
Changed rank Kevin Donlon San_Francisco 2180 to 2184
Changed rank kevin white San_Francisco 2181 to 2185
Changed rank Jeremy Solomon San_Francisco 2182 to 2186
Changed rank Bremner Morris San_Francisco 2183 to 2187
Changed rank MaryJo Fitzgerald San_Francisco 2184 to 2188
Changed rank Alan Michels San_Francisco 2185 to 2189
Changed rank John B San_Francisco 2186 to 2190
Changed rank kyle minor San_Francisco 2187 to 2191
Changed rank Chris Duhn San_Francisco 2188 to 2192
Changed rank Jeri Jirsa San_Francisco 2189 to 2193
Changed rank Samar Soriano San_Francisco 2190 to 2194
Changed rank Nolan Ehrstrom San_Francisco 2191 to 2195
Changed rank Shawne Portman / Trail Head Racing San_Francisco 2192 to 2196
Changed rank Eric Constantin San_Francisco 2193 to 2197
Changed rank Andy Elkind San_Francisco 2194 to 2198
Changed rank Robert Peters San_Francisco 2195 to 2199
Changed rank T J San_Francisco 2196 to 2200
Changed rank sean t San_Francisco 2197 to 2201
Changed rank Jesse Edelsberg San_Francisco 2198 to 2202
Changed rank Mitchell Fox San_Francisco 2199 to 2203
Changed rank kyle hubby San_Francisco 2200 to 2204
Changed rank John Maniquis San_Francisco 2201 to 2205
Changed rank Greg Modic San_Francisco 2202 to 2206
Changed rank Billy Driscoll San_Francisco 2203 to 2207
Changed rank david nelson San_Francisco 2204 to 2208
Changed rank Solomon Berg San_Francisco 2205 to 2209
Changed rank Jonathan Fry San_Francisco 2206 to 2210
Changed rank Karen K San_Francisco 2207 to 2211
Changed rank Anna Marie Clifton San_Francisco 2208 to 2212
Changed rank Irina Lozhkina San_Francisco 2209 to 2213
Changed rank Ron Lewkiewicz San_Francisco 2210 to 2214
Changed rank Rob Smith San_Francisco 2211 to 2215
Changed rank Cinzia Bianchi San_Francisco 2212 to 2216
Changed rank Mr. Peyton San_Francisco 2213 to 2217
Changed rank Matt O'Donnell San_Francisco 2214 to 2218
Changed rank Gabe Rankin San_Francisco 2215 to 2219
Changed rank Daniel Gruver San_Francisco 2216 to 2220
Changed rank Florian Gilles San_Francisco 2217 to 2221
Changed rank James Pan San_Francisco 2218 to 2222
Changed rank Sean Greathouse San_Francisco 2219 to 2223
Changed rank Jed Aruejo San_Francisco 2220 to 2224
Changed rank Nathan Aragon San_Francisco 2221 to 2225
Changed rank Ksenya Gusak San_Francisco 2222 to 2226
Changed rank Alexandra Kenin San_Francisco 2223 to 2227
Changed rank Benjamin Tryon San_Francisco 2224 to 2228
Changed rank Thomas Fokker San_Francisco 2225 to 2229
Changed rank Gina Giampaolo San_Francisco 2226 to 2230
Changed rank the marin San_Francisco 2227 to 2231
Changed rank Robert Kanes San_Francisco 2228 to 2232
Changed rank Jeff Ridgeway San_Francisco 2229 to 2233
Changed rank David Glasser San_Francisco 2230 to 2234
Changed rank sarah  summer San_Francisco 2231 to 2235
Changed rank Corey Williams San_Francisco 2232 to 2236
Changed rank Lance Crow San_Francisco 2233 to 2237
Changed rank Diogo Ribeiro San_Francisco 2234 to 2238
Changed rank Michael Leung San_Francisco 2235 to 2239
Changed rank Andrew Keay San_Francisco 2236 to 2240
Changed rank Justin Lindsey San_Francisco 2237 to 2241
Changed rank Max Schultz San_Francisco 2238 to 2242
Changed rank Bradley Sugarman San_Francisco 2239 to 2243
Changed rank Kira Bulger San_Francisco 2240 to 2244
Changed rank Ariane Pollock San_Francisco 2241 to 2245
Changed rank Matt Hiller San_Francisco 2242 to 2246
Changed rank Christopher Colebourn San_Francisco 2243 to 2247
Changed rank Christian Clever San_Francisco 2244 to 2248
Changed rank Ina-Yoko Teutenberg San_Francisco 2245 to 2249
Changed rank Chadwick Turnbuckle San_Francisco 2246 to 2250
Changed rank Dae Park San_Francisco 2247 to 2251
Changed rank Paul Hicks San_Francisco 2248 to 2252
Changed rank David Duffy San_Francisco 2249 to 2253
Changed rank John-Paul Rutledge San_Francisco 2250 to 2254
Changed rank John May San_Francisco 2251 to 2255
Changed rank Matthew Perkins San_Francisco 2252 to 2256
Changed rank Marcio von Muhlen San_Francisco 2253 to 2257
Changed rank Margaret Thompson San_Francisco 2254 to 2258
Changed rank Noel Kopp San_Francisco 2255 to 2259
Changed rank Tuhin Kumar San_Francisco 2256 to 2260
Changed rank Stephen Mah San_Francisco 2259 to 2261
Changed rank Roman K San_Francisco 2260 to 2262
Changed rank Stewart Kellar San_Francisco 2261 to 2263
Changed rank Paul Summers San_Francisco 2262 to 2264
Changed rank Darren Richards San_Francisco 2263 to 2265
Changed rank Jeffrey Mathews San_Francisco 2264 to 2266
Changed rank Andrew Aviza San_Francisco 2265 to 2267
Changed rank Ray Macias San_Francisco 2266 to 2268
Changed rank Alexandre Bolze San_Francisco 2267 to 2269
Changed rank Eric MacD San_Francisco 2268 to 2270
Changed rank Jay Abrams San_Francisco 2269 to 2271
Changed rank Stephen Comstock San_Francisco 2270 to 2272
Changed rank Randy Rosales San_Francisco 2271 to 2273
Changed rank Dennis Harvey San_Francisco 2272 to 2274
Changed rank Allen Hom San_Francisco 2273 to 2275
Changed rank Dan Bernards San_Francisco 2274 to 2276
Changed rank Dana Hue San_Francisco 2275 to 2277
Changed rank V YCucu Cocoa Puffs San_Francisco 2276 to 2278
Changed rank Kenneth S San_Francisco 2277 to 2279
Changed rank Will O'Brien San_Francisco 2278 to 2280
Changed rank Drew Oliner San_Francisco 2279 to 2281
Changed rank Misha Shemyakin San_Francisco 2280 to 2282
Changed rank Makita Jim San_Francisco 2281 to 2283
Changed rank Jorah Wyer San_Francisco 2282 to 2284
Changed rank Michael H San_Francisco 2283 to 2285
Changed rank Scott Hirsch San_Francisco 2284 to 2286
Deleted score: Levey Tran 12 Mt. Hamilton
Deleted score: Matt Delaney 11 Mt. Hamilton
Deleted score: Mark Schroeder 10 Mt. Hamilton
Deleted score: Diane Hayford 10 Mt. Hamilton
Deleted score: mike fisher 8 Mt. Hamilton
Deleted score: James Smith 7 Mt. Hamilton
Deleted score: Jason Wong 6 Mt. Hamilton
Deleted score: Mark McLoughlin 6 Mt. Hamilton
Deleted score: Lior Weiss 4 Mt. Hamilton
Deleted score: Paul Korkowski 4 Mt. Hamilton
Deleted score: Yong Sohn 2 Mt. Hamilton
Changed rank Gino Gabuyo SF_Bay_Area 61 to 23
Changed rank Brian Szykowny SF_Bay_Area 23 to 24
Changed rank Craig Hicks SF_Bay_Area 24 to 25
Changed rank Steven Tortorelli SF_Bay_Area 25 to 26
Changed rank Jason Haney SF_Bay_Area 26 to 27
Changed rank David Mongan SF_Bay_Area 27 to 28
Changed rank max noda SF_Bay_Area 28 to 29
Changed rank Jeff Kazan SF_Bay_Area 29 to 30
Changed rank Kyle Peter SF_Bay_Area 30 to 31
Changed rank Justin Sorensen SF_Bay_Area 31 to 32
Changed rank Dean Wilcox SF_Bay_Area 32 to 33
Changed rank Kenny Leduc SF_Bay_Area 33 to 34
Changed rank jeff lyon SF_Bay_Area 34 to 35
Changed rank matt davis SF_Bay_Area 35 to 36
Changed rank Adnan Kadir SF_Bay_Area 36 to 37
Changed rank raviv moore SF_Bay_Area 37 to 38
Changed rank Rachel Hsu SF_Bay_Area 38 to 39
Changed rank Scott Gradia SF_Bay_Area 39 to 40
Changed rank Ronan Murray SF_Bay_Area 40 to 41
Changed rank Andrew Cole SF_Bay_Area 41 to 42
Changed rank Alan Schacter SF_Bay_Area 42 to 43
Changed rank Erin Grimm SF_Bay_Area 43 to 44
Changed rank Farzani Farzan SF_Bay_Area 44 to 45
Changed rank Marshall Alexander SF_Bay_Area 45 to 46
Changed rank JAIME MADRIGAL SF_Bay_Area 46 to 47
Changed rank Dave Anderson SF_Bay_Area 47 to 48
Changed rank Jake Stangel SF_Bay_Area 48 to 49
Changed rank David King SF_Bay_Area 49 to 50
Changed rank Kathy Nelson SF_Bay_Area 50 to 51
Changed rank Ryan Gee SF_Bay_Area 51 to 52
Changed rank Matthew Prior SF_Bay_Area 52 to 53
Changed rank Jerome TAVE SF_Bay_Area 53 to 54
Changed rank Reid Griggs SF_Bay_Area 112 to 55
Changed rank Francisco Pino SF_Bay_Area 54 to 56
Changed rank Christopher Thomas SF_Bay_Area 55 to 57
Changed rank Ryan Chen SF_Bay_Area 56 to 58
Changed rank Brett Nelson SF_Bay_Area 57 to 59
Changed rank Jason van Wijk SF_Bay_Area 58 to 60
Changed rank Mark Schroeder SF_Bay_Area 59 to 61
Changed rank Moises Mojica SF_Bay_Area 60 to 62
Changed rank Thomas  Newmeyer SF_Bay_Area 62 to 63
Changed rank Doogie Labbe SF_Bay_Area 63 to 64
Changed rank Westford Abbott SF_Bay_Area 64 to 65
Changed rank Ben Demaree SF_Bay_Area 65 to 66
Changed rank Matthew Tracey-Cook SF_Bay_Area 66 to 67
Changed rank Bingo . SF_Bay_Area 67 to 68
Changed rank Jett Chandler SF_Bay_Area 68 to 69
Changed rank Nick Kreeger SF_Bay_Area 69 to 70
Changed rank evan murphy SF_Bay_Area 70 to 71
Changed rank Cooper Shanks SF_Bay_Area 71 to 72
Changed rank Virgilio Pigliucci SF_Bay_Area 72 to 73
Changed rank Robert Easley SF_Bay_Area 73 to 74
Changed rank Nicholas Castellano SF_Bay_Area 74 to 75
Changed rank Richard Castellano SF_Bay_Area 75 to 76
Changed rank Cameron Bronstein SF_Bay_Area 76 to 77
Changed rank Thomas Gross SF_Bay_Area 77 to 78
Changed rank Rich  del Valle p/b NLP & FSB SF_Bay_Area 78 to 79
Changed rank Thibault Jeannès SF_Bay_Area 79 to 80
Changed rank Moritz Steiner SF_Bay_Area 80 to 81
Changed rank Cameron Piper SF_Bay_Area 81 to 82
Changed rank Rob Schell SF_Bay_Area 82 to 83
Changed rank Ernie  Watenpaugh SF_Bay_Area 83 to 84
Changed rank Damon Campbell SF_Bay_Area 84 to 85
Changed rank Steve Archer SF_Bay_Area 85 to 86
Changed rank Chris Bosco SF_Bay_Area 86 to 87
Changed rank Dave  Short  SF_Bay_Area 87 to 88
Changed rank Ed Nicolson SF_Bay_Area 88 to 89
Changed rank Christian Humpert SF_Bay_Area 89 to 90
Changed rank Kevin Metcalfe SF_Bay_Area 90 to 91
Changed rank ryan  vanderleun SF_Bay_Area 91 to 92
Changed rank Kris Jones SF_Bay_Area 92 to 93
Changed rank Dick Drummond SF_Bay_Area 93 to 94
Changed rank Marc Potts SF_Bay_Area 94 to 95
Changed rank Garrett Hankins SF_Bay_Area 95 to 96
Changed rank MarkyMark & The FunkyBunch SF_Bay_Area 96 to 97
Changed rank mark  riedy SF_Bay_Area 97 to 98
Changed rank Chris Yu SF_Bay_Area 98 to 99
Changed rank Derek Stedman SF_Bay_Area 99 to 100
Changed rank Greg  Hillson : Bar Fly SF_Bay_Area 100 to 101
Changed rank Justin Lawrance SF_Bay_Area 101 to 102
Changed rank Jonathan Sandoval SF_Bay_Area 102 to 103
Changed rank Aria Kiani SF_Bay_Area 103 to 104
Changed rank Stephen Quay SF_Bay_Area 104 to 105
Changed rank Stephen C. SF_Bay_Area 105 to 106
Changed rank Peter Gillespie SF_Bay_Area 106 to 107
Changed rank Peter K SF_Bay_Area 107 to 108
Changed rank Scott Bromstead SF_Bay_Area 108 to 109
Changed rank Ansel Dickey SF_Bay_Area 109 to 110
Changed rank Tyler Brandt SF_Bay_Area 110 to 111
Changed rank Luiggi Zuniga SF_Bay_Area 111 to 112
Changed rank Crist Clark SF_Bay_Area -1 to 364
Changed rank Jack Rexer SF_Bay_Area 364 to 365
Changed rank Scott La Perle SF_Bay_Area 365 to 366
Changed rank Scott Cook SF_Bay_Area 366 to 367
Changed rank jd bergmann SF_Bay_Area 367 to 368
Changed rank Dennis Van Hoof SF_Bay_Area 368 to 369
Changed rank Eric Fernandez SF_Bay_Area 369 to 370
Changed rank Erik Joule (EJ) SF_Bay_Area 370 to 371
Changed rank David Kelly SF_Bay_Area 371 to 372
Changed rank Ben Jamin SF_Bay_Area 372 to 373
Changed rank Dr S SF_Bay_Area 373 to 374
Changed rank Steve Nunamaker SF_Bay_Area 374 to 375
Changed rank David Zimmerman SF_Bay_Area 375 to 376
Changed rank Andrew Jae SF_Bay_Area 1549 to 377
Changed rank J T SF_Bay_Area 376 to 378
Changed rank Craig Snider SF_Bay_Area 377 to 379
Changed rank Heather McDonald SF_Bay_Area 378 to 380
Changed rank nicholas semansky SF_Bay_Area 379 to 381
Changed rank Willie Chen SF_Bay_Area 380 to 382
Changed rank Matthew Brill SF_Bay_Area 381 to 383
Changed rank Dan Jones SF_Bay_Area 382 to 384
Changed rank Stephen Akridge SF_Bay_Area 383 to 385
Changed rank tom huang SF_Bay_Area 384 to 386
Changed rank Brian Bailey SF_Bay_Area 385 to 387
Changed rank Alphonse Le-Duc SF_Bay_Area 386 to 388
Changed rank Miguel Vargas SF_Bay_Area 387 to 389
Changed rank Teddy Hess SF_Bay_Area 388 to 390
Changed rank Salar . SF_Bay_Area 389 to 391
Changed rank Christopher Childs SF_Bay_Area 1351 to 392
Changed rank luca benedini SF_Bay_Area 390 to 393
Changed rank Matt B SF_Bay_Area 391 to 394
Changed rank Fredrik Nilsson SF_Bay_Area 392 to 395
Changed rank Jason Johnson SF_Bay_Area 393 to 396
Changed rank Rainier Schaefer SF_Bay_Area 394 to 397
Changed rank Scott Krahn SF_Bay_Area 395 to 398
Changed rank Chris Lyman SF_Bay_Area 396 to 399
Changed rank Mike Urbina SF_Bay_Area 397 to 400
Changed rank Eric Toschi SF_Bay_Area 398 to 401
Changed rank Micah Lerner SF_Bay_Area 399 to 402
Changed rank Chris Degenaar SF_Bay_Area 400 to 403
Changed rank Cheryl Becker SF_Bay_Area 401 to 404
Changed rank Edward Kronfli -Santa Clara University- SF_Bay_Area 402 to 405
Changed rank Craig Auzenne SF_Bay_Area 403 to 406
Changed rank Alexis Benson SF_Bay_Area 404 to 407
Changed rank Rob Beard SF_Bay_Area 405 to 408
Changed rank AJ Kennedy SF_Bay_Area 406 to 409
Changed rank andrew macdonell SF_Bay_Area 407 to 410
Changed rank Jake Lasley(T-Town Bicycles) SF_Bay_Area 408 to 411
Changed rank Craig Stewart SF_Bay_Area 409 to 412
Changed rank Chris Kurrle SF_Bay_Area 410 to 413
Changed rank david brown SF_Bay_Area 411 to 414
Changed rank justin abarabar SF_Bay_Area 412 to 415
Changed rank Eric Balfus SF_Bay_Area 413 to 416
Changed rank David Whitenack SF_Bay_Area 414 to 417
Changed rank John Fulton SF_Bay_Area 415 to 418
Changed rank Alison  Jackson SF_Bay_Area 416 to 419
Changed rank Chris Sota SF_Bay_Area 417 to 420
Changed rank roberto florenz hauft SF_Bay_Area 418 to 421
Changed rank Reed Albergotti SF_Bay_Area 419 to 422
Changed rank Brian Fuller SF_Bay_Area 420 to 423
Changed rank Steve Anthony SF_Bay_Area 421 to 424
Changed rank Rachel Haas SF_Bay_Area 422 to 425
Changed rank paul mcintyre SF_Bay_Area 423 to 426
Changed rank Eric Kisslinger SF_Bay_Area 424 to 427
Changed rank Paul Lees SF_Bay_Area 425 to 428
Changed rank perry harmony SF_Bay_Area 426 to 429
Changed rank Kevin Head SF_Bay_Area 427 to 430
Changed rank Spencer Noe SF_Bay_Area 428 to 431
Changed rank Eric Chodoroff SF_Bay_Area 429 to 432
Changed rank Stu MacLennan SF_Bay_Area 430 to 433
Changed rank M B SF_Bay_Area 431 to 434
Changed rank philippe goix SF_Bay_Area 432 to 435
Changed rank Bryan Grundy SF_Bay_Area 433 to 436
Changed rank Joe Bond SF_Bay_Area 434 to 437
Changed rank Peter Nicholson SF_Bay_Area 435 to 438
Changed rank B K SF_Bay_Area 436 to 439
Changed rank Nick N SF_Bay_Area 437 to 440
Changed rank Pia Scaroni SF_Bay_Area 438 to 441
Changed rank Alec Sadewhite SF_Bay_Area 439 to 442
Changed rank Courtney Nelson SF_Bay_Area 440 to 443
Changed rank Peter Smith SF_Bay_Area 441 to 444
Changed rank Brendan Harney SF_Bay_Area 442 to 445
Changed rank Bob Gobey SF_Bay_Area 443 to 446
Changed rank Max Mehech SF_Bay_Area 444 to 447
Changed rank Joe Kayser SF_Bay_Area 445 to 448
Changed rank Marco B SF_Bay_Area 446 to 449
Changed rank Paul Carpenter SF_Bay_Area 447 to 450
Changed rank Justin Maxwell SF_Bay_Area 448 to 451
Changed rank Chris  Reed SF_Bay_Area 449 to 452
Changed rank Carl Butler SF_Bay_Area 450 to 453
Changed rank Matthew Price SF_Bay_Area 451 to 454
Changed rank Barry Schwarz SF_Bay_Area 452 to 455
Changed rank Mark P SF_Bay_Area 453 to 456
Changed rank Shiff Amatic SF_Bay_Area 454 to 457
Changed rank Tom Rocks SF_Bay_Area 455 to 458
Changed rank Jeroen Post SF_Bay_Area 456 to 459
Changed rank Eric Chao SF_Bay_Area 457 to 460
Changed rank Nic Drexler SF_Bay_Area 458 to 461
Changed rank Mark Anderson SF_Bay_Area 459 to 462
Changed rank Chris Cain SF_Bay_Area 460 to 463
Changed rank Dan Reynolds SF_Bay_Area 461 to 464
Changed rank Ray Macias SF_Bay_Area 462 to 465
Changed rank Ted Nordhaus SF_Bay_Area 463 to 466
Changed rank Chris Tucher SF_Bay_Area 464 to 467
Changed rank Mitch Bailey SF_Bay_Area 465 to 468
Changed rank Ram G SF_Bay_Area 466 to 469
Changed rank Vic Deornelas SF_Bay_Area 467 to 470
Changed rank Jerry Wickham SF_Bay_Area 468 to 471
Changed rank Jae Lim SF_Bay_Area 469 to 472
Changed rank Luke Mcalpine SF_Bay_Area 470 to 473
Changed rank John Fox SF_Bay_Area 471 to 474
Changed rank Frank Ravizza SF_Bay_Area 472 to 475
Changed rank Tony Markwick SF_Bay_Area 473 to 476
Changed rank Raymond Tonsing SF_Bay_Area 474 to 477
Changed rank Zack Isaacs SF_Bay_Area 475 to 478
Changed rank Pete Christensen SF_Bay_Area 476 to 479
Changed rank David Vrane SF_Bay_Area 477 to 480
Changed rank Tyler Willis SF_Bay_Area 478 to 481
Changed rank Daniel Erman SF_Bay_Area 479 to 482
Changed rank Neil Evans SF_Bay_Area 480 to 483
Changed rank Katherine Bettis SF_Bay_Area 481 to 484
Changed rank FRED BEHOTEGUY SF_Bay_Area 482 to 485
Changed rank Ario Bighettini SF_Bay_Area 483 to 486
Changed rank Garret Bean SF_Bay_Area 484 to 487
Changed rank Ron Canada SF_Bay_Area 485 to 488
Changed rank Jeff Pierce SF_Bay_Area 486 to 489
Changed rank Michael Dunn SF_Bay_Area 487 to 490
Changed rank Caroline Lea SF_Bay_Area 488 to 491
Changed rank Eric Scalera SF_Bay_Area 489 to 492
Changed rank Trent Eves / Concept Cyclery / CCS SF_Bay_Area 490 to 493
Changed rank Michael Ubieta SF_Bay_Area 491 to 494
Changed rank Nate Cornman SF_Bay_Area 492 to 495
Changed rank Strava Tard SF_Bay_Area 493 to 496
Changed rank Jordan Rogers-Smith SF_Bay_Area 494 to 497
Changed rank Frederic  Lequient SF_Bay_Area 495 to 498
Changed rank Justin Hintz SF_Bay_Area 496 to 499
Changed rank Chris Sontag SF_Bay_Area 497 to 500
Changed rank Hamish McEwen SF_Bay_Area 498 to 501
Changed rank Kevin Schneider SF_Bay_Area 499 to 502
Changed rank Jim Perreira SF_Bay_Area 500 to 503
Changed rank Jimbo Williams SF_Bay_Area 501 to 504
Changed rank Ron Arnaldo SF_Bay_Area 502 to 505
Changed rank Caleb Bushner SF_Bay_Area 503 to 506
Changed rank Steve Crocker SF_Bay_Area 1281 to 507
Changed rank Shaena Berlin SF_Bay_Area 504 to 508
Changed rank Ben Kraft SF_Bay_Area 505 to 509
Changed rank Paul Pisacane  SF_Bay_Area 506 to 510
Changed rank Koen Denecker SF_Bay_Area 507 to 511
Changed rank Matt H SF_Bay_Area 508 to 512
Changed rank Tony Busino SF_Bay_Area 509 to 513
Changed rank Adrian Mendoza SF_Bay_Area 510 to 514
Changed rank Dan Rugani SF_Bay_Area 511 to 515
Changed rank Tom Powrie SF_Bay_Area 512 to 516
Changed rank Ruslan Gilfanov SF_Bay_Area 513 to 517
Changed rank Steve H SF_Bay_Area 514 to 518
Changed rank **Camel Fathoms** SF_Bay_Area 515 to 519
Changed rank Ben Allen SF_Bay_Area 516 to 520
Changed rank Mike Wood SF_Bay_Area 517 to 521
Changed rank Bo Hebenstreit SF_Bay_Area 518 to 522
Changed rank Michael Reynolds SF_Bay_Area 519 to 523
Changed rank Paul  van der Waal SF_Bay_Area 520 to 524
Changed rank Tord Fredriksen SF_Bay_Area 521 to 525
Changed rank Nicolas Torzec SF_Bay_Area 522 to 526
Changed rank Steve Hochman SF_Bay_Area 523 to 527
Changed rank Peter Crawford SF_Bay_Area 524 to 528
Changed rank Andrew Schmidt SF_Bay_Area 525 to 529
Changed rank Christopher McGovern SF_Bay_Area 526 to 530
Changed rank Bill Murray SF_Bay_Area 527 to 531
Changed rank Andrea Symons SF_Bay_Area 528 to 532
Changed rank Dan Mueller SF_Bay_Area 529 to 533
Changed rank Weston Drechsel SF_Bay_Area 530 to 534
Changed rank Liam Sherlock SF_Bay_Area 531 to 535
Changed rank Kieran Sherlock SF_Bay_Area 532 to 536
Changed rank Ian Bensco SF_Bay_Area 533 to 537
Changed rank Greg Black SF_Bay_Area 534 to 538
Changed rank Chris Ott SF_Bay_Area 535 to 539
Changed rank Mexi . SF_Bay_Area 536 to 540
Changed rank Ralf VonSosen SF_Bay_Area 537 to 541
Changed rank mike scaglione SF_Bay_Area 538 to 542
Changed rank Voost @ Jon SF_Bay_Area 539 to 543
Changed rank Richard F SF_Bay_Area 540 to 544
Changed rank Sean Frost SF_Bay_Area 541 to 545
Changed rank millen paschich SF_Bay_Area 542 to 546
Changed rank Patrick Miller SF_Bay_Area 543 to 547
Changed rank Patrick Minotti SF_Bay_Area 544 to 548
Changed rank Dean Pogni SF_Bay_Area 545 to 549
Changed rank Yee Feng SF_Bay_Area 546 to 550
Changed rank Chris Ashley SF_Bay_Area 547 to 551
Changed rank Jason Brown SF_Bay_Area 548 to 552
Changed rank steve johnson SF_Bay_Area 549 to 553
Changed rank Jesse Moore SF_Bay_Area 550 to 554
Changed rank chris osborn SF_Bay_Area 551 to 555
Changed rank Toby Long SF_Bay_Area 552 to 556
Changed rank Timothy Lee SF_Bay_Area 553 to 557
Changed rank Tracy Kubo SF_Bay_Area 554 to 558
Changed rank Dennis Wuthrich SF_Bay_Area 555 to 559
Changed rank Stian Maurstad SF_Bay_Area 556 to 560
Changed rank Troy Ault SF_Bay_Area 557 to 561
Changed rank Peter Shenk SF_Bay_Area 558 to 562
Changed rank Bruce Gardner SF_Bay_Area 559 to 563
Changed rank Pete Irwin SF_Bay_Area 560 to 564
Changed rank Rick Crawford SF_Bay_Area 561 to 565
Changed rank Kimberly Shenk SF_Bay_Area 562 to 566
Changed rank Matt Green SF_Bay_Area 563 to 567
Changed rank Unknown Rider SF_Bay_Area 564 to 568
Changed rank Chris Jackson SF_Bay_Area 565 to 569
Changed rank Kent Fitzgerald  SF_Bay_Area 566 to 570
Changed rank Chuck Edwall SF_Bay_Area 567 to 571
Changed rank Amador Vargas SF_Bay_Area 568 to 572
Changed rank Nicole Hood- UCLA Triathlon  SF_Bay_Area 569 to 573
Changed rank Chris Ashton SF_Bay_Area 570 to 574
Changed rank Matthew  Barger SF_Bay_Area 571 to 575
Changed rank Bernard De Jager SF_Bay_Area 572 to 576
Changed rank Doug Turk SF_Bay_Area 573 to 577
Changed rank John Sevic SF_Bay_Area 574 to 578
Changed rank Steve Salvador SF_Bay_Area 575 to 579
Changed rank Kevin MacDonald SF_Bay_Area 576 to 580
Changed rank Troy Wendt SF_Bay_Area 577 to 581
Changed rank David Adornato SF_Bay_Area 578 to 582
Changed rank Sourav Das SF_Bay_Area 579 to 583
Changed rank Andrew Smith SF_Bay_Area 580 to 584
Changed rank Ian Pund SF_Bay_Area 581 to 585
Changed rank David Lorsch SF_Bay_Area 582 to 586
Changed rank George Lee SF_Bay_Area 583 to 587
Changed rank Stephen Chang SF_Bay_Area 584 to 588
Changed rank Rita Jett SF_Bay_Area 585 to 589
Changed rank terry curley SF_Bay_Area 586 to 590
Changed rank Brian Daum SF_Bay_Area 587 to 591
Changed rank Գևորգ  Նահապետյան (Green Machine) SF_Bay_Area 588 to 592
Changed rank Deejay Stevens SF_Bay_Area 589 to 593
Changed rank Jiangyang Zhang SF_Bay_Area 590 to 594
Changed rank Cale Bonds SF_Bay_Area 591 to 595
Changed rank Jake Moritz SF_Bay_Area 592 to 596
Changed rank Paul Bonifacio SF_Bay_Area 593 to 597
Changed rank Derald Sue SF_Bay_Area 594 to 598
Changed rank Silas Patlove SF_Bay_Area 595 to 599
Changed rank Roupen Nahabedian SF_Bay_Area 596 to 600
Changed rank Justin Kennedy SF_Bay_Area 597 to 601
Changed rank Ryan Steinwert SF_Bay_Area -1 to 602
Changed rank Jef Bruggeman SF_Bay_Area 598 to 603
Changed rank Ben Tappe SF_Bay_Area 599 to 604
Changed rank Jon Meals SF_Bay_Area 600 to 605
Changed rank Mark C SF_Bay_Area 601 to 606
Changed rank Dan Swanson SF_Bay_Area 602 to 607
Changed rank Douglas Samp SF_Bay_Area 603 to 608
Changed rank David Frank SF_Bay_Area 604 to 609
Changed rank Daniel Robinson SF_Bay_Area 605 to 610
Changed rank Matt Even SF_Bay_Area 606 to 611
Changed rank Dave Cockburn SF_Bay_Area 607 to 612
Changed rank Eric Cheung SF_Bay_Area 608 to 613
Changed rank ann elizabeth book SF_Bay_Area 609 to 614
Changed rank Mykola Makowsky  SF_Bay_Area 610 to 615
Changed rank Ricardo Wells SF_Bay_Area 611 to 616
Changed rank Greg Liefooghe SF_Bay_Area 612 to 617
Changed rank jeremy loader SF_Bay_Area 613 to 618
Changed rank Mark Thompson SF_Bay_Area 614 to 619
Changed rank Nayvin Chew SF_Bay_Area 615 to 620
Changed rank Captain Steve SF_Bay_Area 616 to 621
Changed rank Brian D SF_Bay_Area 617 to 622
Changed rank Matt Fox SF_Bay_Area 618 to 623
Changed rank Michael Coughlan SF_Bay_Area 619 to 624
Changed rank ryan P SF_Bay_Area 620 to 625
Changed rank Old Tammer SF_Bay_Area 621 to 626
Changed rank Rob Cosaro SF_Bay_Area 622 to 627
Changed rank Roddy Gilchrist SF_Bay_Area 623 to 628
Changed rank James S SF_Bay_Area 624 to 629
Changed rank Neil Rapmund SF_Bay_Area 625 to 630
Changed rank Ted Zuhlsdorf SF_Bay_Area 626 to 631
Changed rank Stephen Shum SF_Bay_Area 627 to 632
Changed rank Jason Thorpe SF_Bay_Area 628 to 633
Changed rank Wacek Godycki SF_Bay_Area 629 to 634
Changed rank Kyle Fiori SF_Bay_Area 630 to 635
Changed rank Chris Waddling SF_Bay_Area 631 to 636
Changed rank Bear NorCal SF_Bay_Area 632 to 637
Changed rank Jeremie Showa SF_Bay_Area 633 to 638
Changed rank Bart Niechwiej SF_Bay_Area 634 to 639
Changed rank Will Scheel SF_Bay_Area 635 to 640
Changed rank Kelsey Withrow SF_Bay_Area 636 to 641
Changed rank Jacob Crabill SF_Bay_Area 637 to 642
Changed rank Larry Zweigbaum SF_Bay_Area 638 to 643
Changed rank Ed Irvine SF_Bay_Area 639 to 644
Changed rank Connor Benton SF_Bay_Area 640 to 645
Changed rank James Vu SF_Bay_Area 641 to 646
Changed rank Rich Beeler SF_Bay_Area 642 to 647
Changed rank Daniel Aminzade SF_Bay_Area 643 to 648
Changed rank dave pugh SF_Bay_Area 644 to 649
Changed rank Michael Kowalchuk SF_Bay_Area 645 to 650
Changed rank Scott Snow SF_Bay_Area 646 to 651
Changed rank David Price SF_Bay_Area 647 to 652
Changed rank Ken Rees SF_Bay_Area 648 to 653
Changed rank Dan Pannell SF_Bay_Area 649 to 654
Changed rank Mathias Jacquelin SF_Bay_Area 650 to 655
Changed rank Eric  Daly SF_Bay_Area 651 to 656
Changed rank Craig Beacock SF_Bay_Area 652 to 657
Changed rank Marty Scott SF_Bay_Area 653 to 658
Changed rank Paul Wieczorek SF_Bay_Area 654 to 659
Changed rank Michael Kent SF_Bay_Area 655 to 660
Changed rank Philip Levy SF_Bay_Area 656 to 661
Changed rank Josh Springsted SF_Bay_Area 657 to 662
Changed rank Josh Rovner SF_Bay_Area 658 to 663
Changed rank Matt Coelho SF_Bay_Area 659 to 664
Changed rank Luigi Petrone SF_Bay_Area 660 to 665
Changed rank Mark Normandin SF_Bay_Area 661 to 666
Changed rank Steven Webb SF_Bay_Area 1775 to 667
Changed rank K D SF_Bay_Area 662 to 668
Changed rank Amy Cameron SF_Bay_Area 663 to 669
Changed rank Nicolas Rollin SF_Bay_Area 664 to 670
Changed rank Alex N SF_Bay_Area 665 to 671
Changed rank Gregg Stephenson SF_Bay_Area 666 to 672
Changed rank Brandon Sepp SF_Bay_Area 667 to 673
Changed rank Tiomoid Fada SF_Bay_Area 668 to 674
Changed rank Joshua Tofig SF_Bay_Area 669 to 675
Changed rank Nicholaus Slone SF_Bay_Area 670 to 676
Changed rank Sandor Delgado SF_Bay_Area 671 to 677
Changed rank Ron  Dow SF_Bay_Area 672 to 678
Changed rank Artem Ptashnick SF_Bay_Area 673 to 679
Changed rank Artem Ptashnick SF_Bay_Area 674 to 680
Changed rank Matt Marks SF_Bay_Area 675 to 681
Changed rank Nick Quiroz SF_Bay_Area 676 to 682
Changed rank Devin Yeates SF_Bay_Area 677 to 683
Changed rank Marcello Pedersen SF_Bay_Area 678 to 684
Changed rank David Schrier SF_Bay_Area 679 to 685
Changed rank Lydia Collins SF_Bay_Area 680 to 686
Changed rank jerry  mcnamara SF_Bay_Area 681 to 687
Changed rank Jared Hart SF_Bay_Area 682 to 688
Changed rank Ian O'Donnell SF_Bay_Area 683 to 689
Changed rank Rob Evans SF_Bay_Area 684 to 690
Changed rank Andrew G SF_Bay_Area 685 to 691
Changed rank French Fry SF_Bay_Area 686 to 692
Changed rank Bryan Davis SF_Bay_Area 687 to 693
Changed rank Larry Nolan SF_Bay_Area 688 to 694
Changed rank Dave Moran SF_Bay_Area 689 to 695
Changed rank Graham Smith SF_Bay_Area 690 to 696
Changed rank Craig Haupt SF_Bay_Area 691 to 697
Changed rank Kris Resellmo SF_Bay_Area 692 to 698
Changed rank Andy  Slopsema SF_Bay_Area 693 to 699
Changed rank steve richardson SF_Bay_Area -1 to 700
Changed rank JJ Sagwagon SF_Bay_Area 694 to 701
Changed rank stevo lee SF_Bay_Area 695 to 702
Changed rank Daniel Chao SF_Bay_Area 696 to 703
Changed rank Jason Rahlwes SF_Bay_Area 697 to 704
Changed rank mark shahinian SF_Bay_Area 698 to 705
Changed rank Shannon Sibold SF_Bay_Area 699 to 706
Changed rank Peter Cathcart SF_Bay_Area 700 to 707
Changed rank Zak Stern SF_Bay_Area 701 to 708
Changed rank Matt Phipps-Taylor SF_Bay_Area 702 to 709
Changed rank Alexandre Aybes-Gille SF_Bay_Area 703 to 710
Changed rank Mike Pollack SF_Bay_Area 704 to 711
Changed rank Iain McNeil SF_Bay_Area 705 to 712
Changed rank John Nguyen SF_Bay_Area -1 to 713
Changed rank Eric Welsh SF_Bay_Area 706 to 714
Changed rank Dan Vu Quoc SF_Bay_Area 707 to 715
Changed rank Ivan Lopez SF_Bay_Area 708 to 716
Changed rank Tyler Elliott SF_Bay_Area 709 to 717
Changed rank Steve Harris SF_Bay_Area 710 to 718
Changed rank Ty Nguyen SF_Bay_Area 711 to 719
Changed rank Greg Wang SF_Bay_Area 712 to 720
Changed rank Darryl Bruce SF_Bay_Area 713 to 721
Changed rank Ben Liu SF_Bay_Area 714 to 722
Changed rank Hal Johnson SF_Bay_Area 715 to 723
Changed rank Dave Smiddy SF_Bay_Area 716 to 724
Changed rank Barry Schwartz SF_Bay_Area 717 to 725
Changed rank Dan Magaw SF_Bay_Area 718 to 726
Changed rank Sean Doe SF_Bay_Area 719 to 727
Changed rank Jeremy Weinman SF_Bay_Area 720 to 728
Changed rank Chris Davis SF_Bay_Area 721 to 729
Changed rank Jeff Landry SF_Bay_Area 722 to 730
Changed rank john malmquist SF_Bay_Area 723 to 731
Changed rank Beth Reid SF_Bay_Area 724 to 732
Changed rank Eric Murphy SF_Bay_Area 725 to 733
Changed rank Michael Munrow SF_Bay_Area 726 to 734
Changed rank Becky Siegel SF_Bay_Area 727 to 735
Changed rank Kristen Howell SF_Bay_Area 728 to 736
Changed rank Travis Alongi SF_Bay_Area 729 to 737
Changed rank Kenneth Jung SF_Bay_Area 730 to 738
Changed rank Paul Vetter SF_Bay_Area 731 to 739
Changed rank Bob Steed SF_Bay_Area 732 to 740
Changed rank Beverly Chaney SF_Bay_Area 733 to 741
Changed rank Doyle Dixon SF_Bay_Area 734 to 742
Changed rank Isaac @ Rumbleship . SF_Bay_Area 735 to 743
Changed rank Mark Mastoras SF_Bay_Area 736 to 744
Changed rank Scott Hodson SF_Bay_Area 737 to 745
Changed rank Todd Meier SF_Bay_Area 738 to 746
Changed rank Picky Nicky SF_Bay_Area 739 to 747
Changed rank Amity Gregg SF_Bay_Area 740 to 748
Changed rank Brian Rogers SF_Bay_Area 741 to 749
Changed rank Willem Sillevis Smitt SF_Bay_Area 742 to 750
Changed rank Dean Machine SF_Bay_Area 743 to 751
Changed rank Chad Nordwall SF_Bay_Area 744 to 752
Changed rank { KOVA } SF_Bay_Area 745 to 753
Changed rank John Winckler SF_Bay_Area 746 to 754
Changed rank James  Chang SF_Bay_Area 747 to 755
Changed rank Tony Andrade SF_Bay_Area 748 to 756
Changed rank Justin Bucktrout SF_Bay_Area 749 to 757
Changed rank Carlos Valle SF_Bay_Area 750 to 758
Changed rank John Matson SF_Bay_Area 751 to 759
Changed rank mikethe barber SF_Bay_Area 752 to 760
Changed rank Bruce Richter (SJCyclist) SF_Bay_Area 753 to 761
Changed rank Tim Chaplin SF_Bay_Area 754 to 762
Changed rank Dan Beringhele SF_Bay_Area 755 to 763
Changed rank Adrian Bennett SF_Bay_Area 756 to 764
Changed rank Chad Seeger SF_Bay_Area 757 to 765
Changed rank Kurt Brown SF_Bay_Area 758 to 766
Changed rank Bob Fusco SF_Bay_Area 759 to 767
Changed rank Nate Koenig SF_Bay_Area 760 to 768
Changed rank Michael  Seretan SF_Bay_Area 761 to 769
Changed rank Philipp Moeller SF_Bay_Area 762 to 770
Changed rank Marco Lei SF_Bay_Area 763 to 771
Changed rank Paul Niemeyer SF_Bay_Area 764 to 772
Changed rank James Leonard SF_Bay_Area 765 to 773
Changed rank Kevin Ku SF_Bay_Area 766 to 774
Changed rank Tom Hood SF_Bay_Area 767 to 775
Changed rank Ian G SF_Bay_Area 768 to 776
Changed rank Edward Wallace SF_Bay_Area 769 to 777
Changed rank Hanna Muegge SF_Bay_Area 770 to 778
Changed rank Val Brown SF_Bay_Area 771 to 779
Changed rank Eduardo Abe SF_Bay_Area 772 to 780
Changed rank Christopher Bunag SF_Bay_Area 773 to 781
Changed rank Rob Becker SF_Bay_Area 774 to 782
Changed rank Andrew Axley SF_Bay_Area 775 to 783
Changed rank Erik Kristjanson SF_Bay_Area 776 to 784
Changed rank Jim Gardner SF_Bay_Area 777 to 785
Changed rank Meredith Stowe Christie SF_Bay_Area 778 to 786
Changed rank Jiri c SF_Bay_Area 779 to 787
Changed rank Sterling Watson SF_Bay_Area 780 to 788
Changed rank Mikal Davies SF_Bay_Area 781 to 789
Changed rank Bosticman ! SF_Bay_Area 782 to 790
Changed rank Jason William SF_Bay_Area 783 to 791
Changed rank Derek Y SF_Bay_Area 784 to 792
Changed rank Scott Steinwert SF_Bay_Area -1 to 793
Changed rank Garry Jackson SF_Bay_Area 785 to 794
Changed rank Cedric Latreille SF_Bay_Area 786 to 795
Changed rank aaron barcheck SF_Bay_Area 787 to 796
Changed rank Thomas Szegvary SF_Bay_Area 788 to 797
Changed rank James Gracey SF_Bay_Area 789 to 798
Changed rank Luke Levine SF_Bay_Area 790 to 799
Changed rank Karen Shakespear Koenig SF_Bay_Area 791 to 800
Changed rank Michael Wilkins/ FSB Cyling Team SF_Bay_Area 792 to 801
Changed rank Joseph Dinh SF_Bay_Area 793 to 802
Changed rank chad cose SF_Bay_Area 794 to 803
Changed rank Brian Gokey SF_Bay_Area 795 to 804
Changed rank Tad Osada SF_Bay_Area 796 to 805
Changed rank Luke C SF_Bay_Area 797 to 806
Changed rank Luca R SF_Bay_Area 798 to 807
Changed rank Trey Guinn SF_Bay_Area 799 to 808
Changed rank Aaron Vitale SF_Bay_Area 800 to 809
Changed rank Jeff Donnelly SF_Bay_Area 801 to 810
Changed rank Nick Thomas SF_Bay_Area 802 to 811
Changed rank James Pile SF_Bay_Area 803 to 812
Changed rank Ted Perry SF_Bay_Area 804 to 813
Changed rank Ron LeBard SF_Bay_Area 805 to 814
Changed rank Brian Kaemmer SF_Bay_Area 806 to 815
Changed rank Karen Jones SF_Bay_Area 807 to 816
Changed rank Lisa Kennish SF_Bay_Area 808 to 817
Changed rank Photo Rhetoric SF_Bay_Area 809 to 818
Changed rank Rod Swift SF_Bay_Area 810 to 819
Changed rank Dave Sams SF_Bay_Area 811 to 820
Changed rank Mark  Gibbon SF_Bay_Area 812 to 821
Changed rank stephanie l SF_Bay_Area 813 to 822
Changed rank J chebot SF_Bay_Area 814 to 823
Changed rank Stephen Husted SF_Bay_Area 815 to 824
Changed rank Eric Hjort SF_Bay_Area 816 to 825
Changed rank Peter Cracknell SF_Bay_Area 817 to 826
Changed rank Harry Matthews SF_Bay_Area 818 to 827
Changed rank John Blessing SF_Bay_Area 819 to 828
Changed rank Cory Lermo SF_Bay_Area 820 to 829
Changed rank Matthew Stewart SF_Bay_Area 821 to 830
Changed rank Matt Miesnieks SF_Bay_Area 822 to 831
Changed rank Blaise D SF_Bay_Area 823 to 832
Changed rank Tom Armbruster SF_Bay_Area 824 to 833
Changed rank david shinsky SF_Bay_Area -1 to 834
Changed rank andrew murray SF_Bay_Area 825 to 835
Changed rank Mike Shwe SF_Bay_Area 826 to 836
Changed rank Eric Follestad SF_Bay_Area 827 to 837
Changed rank Mark Massey SF_Bay_Area 828 to 838
Changed rank pedro romero SF_Bay_Area 829 to 839
Changed rank Chris O'Keefe SF_Bay_Area 830 to 840
Changed rank Chris Bulger SF_Bay_Area 831 to 841
Changed rank Mark Slavonia SF_Bay_Area 832 to 842
Changed rank Nolan S SF_Bay_Area 833 to 843
Changed rank Naoki Iwakami SF_Bay_Area 834 to 844
Changed rank Wes Morrill SF_Bay_Area 835 to 845
Changed rank Fred Stanke SF_Bay_Area 836 to 846
Changed rank epharmacist OG SF_Bay_Area 837 to 847
Changed rank Craig Falls SF_Bay_Area 838 to 848
Changed rank Todd Diemer SF_Bay_Area 839 to 849
Changed rank Luke Jeater SF_Bay_Area 840 to 850
Changed rank David Stockwell SF_Bay_Area 841 to 851
Changed rank Drew S SF_Bay_Area 842 to 852
Changed rank michael halper SF_Bay_Area 843 to 853
Changed rank Sonny Van Hook SF_Bay_Area 844 to 854
Changed rank Lukas Colberg SF_Bay_Area 845 to 855
Changed rank Geoffrey Smith SF_Bay_Area 846 to 856
Changed rank marcelo quiroz SF_Bay_Area 847 to 857
Changed rank Scott  Mellberg SF_Bay_Area 848 to 858
Changed rank Javier Sanchez SF_Bay_Area 849 to 859
Changed rank Sarabeth Maciey SF_Bay_Area 850 to 860
Changed rank peter eberle SF_Bay_Area 851 to 861
Changed rank Ed Schultz SF_Bay_Area 852 to 862
Changed rank Steve Balentine SF_Bay_Area 853 to 863
Changed rank Paul Bezy SF_Bay_Area 854 to 864
Changed rank Berit Gamsky SF_Bay_Area 855 to 865
Changed rank David Hover SF_Bay_Area 856 to 866
Changed rank Brody Larson SF_Bay_Area 857 to 867
Changed rank Steven Overheul SF_Bay_Area 858 to 868
Changed rank Jason Arth SF_Bay_Area 859 to 869
Changed rank Corey Smith SF_Bay_Area -1 to 870
Changed rank Miki Ohoka SF_Bay_Area 860 to 871
Changed rank Chris Cover SF_Bay_Area 861 to 872
Changed rank Matt White SF_Bay_Area 862 to 873
Changed rank Martin Klaus SF_Bay_Area 863 to 874
Changed rank Danny P SF_Bay_Area 864 to 875
Changed rank Taylor Carrington SF_Bay_Area 865 to 876
Changed rank Robin Young SF_Bay_Area 866 to 877
Changed rank Jon Cover SF_Bay_Area 867 to 878
Changed rank Mark Ruder SF_Bay_Area 868 to 879
Changed rank Larry Moberly SF_Bay_Area 869 to 880
Changed rank Froste Wiström SF_Bay_Area 870 to 881
Changed rank B E SF_Bay_Area 871 to 882
Changed rank Janet Gardner SF_Bay_Area 872 to 883
Changed rank Melvictor Tiongson SF_Bay_Area 873 to 884
Changed rank Clive Heke SF_Bay_Area 874 to 885
Changed rank Greg Modic SF_Bay_Area 875 to 886
Changed rank Timothy Thacher SF_Bay_Area 876 to 887
Changed rank David Archard SF_Bay_Area 877 to 888
Changed rank Darryl Smith SF_Bay_Area 878 to 889
Changed rank James Smith SF_Bay_Area 879 to 890
Changed rank Greg Finley SF_Bay_Area 880 to 891
Changed rank Conrad Bates SF_Bay_Area 881 to 892
Changed rank Geoffrey Mahalak SF_Bay_Area 882 to 893
Changed rank Kaffeine Keiser SF_Bay_Area 883 to 894
Changed rank Jason Fritz SF_Bay_Area 884 to 895
Changed rank Andrew D SF_Bay_Area 885 to 896
Changed rank Scott Henderson SF_Bay_Area 886 to 897
Changed rank Armando Feliciano SF_Bay_Area 887 to 898
Changed rank Richard Peate SF_Bay_Area 888 to 899
Changed rank Mike Ling SF_Bay_Area 889 to 900
Changed rank Robert Martinez SF_Bay_Area 890 to 901
Changed rank Parker GrosS SF_Bay_Area 891 to 902
Changed rank sandrine micoleau SF_Bay_Area 892 to 903
Changed rank Jan Smidek SF_Bay_Area 893 to 904
Changed rank Engling Yeo SF_Bay_Area 894 to 905
Changed rank Fred Flores SF_Bay_Area 895 to 906
Changed rank Nate Downs SF_Bay_Area 896 to 907
Changed rank Freddy Rustrian  SF_Bay_Area 897 to 908
Changed rank Courtney Hill SF_Bay_Area 898 to 909
Changed rank bill mcmillan SF_Bay_Area 899 to 910
Changed rank Matthias Lux SF_Bay_Area 900 to 911
Changed rank Samantha Fox SF_Bay_Area 901 to 912
Changed rank mike riordan SF_Bay_Area 902 to 913
Changed rank Geoff Rilling SF_Bay_Area 903 to 914
Changed rank Nicole Dolney SF_Bay_Area 904 to 915
Changed rank Maddog Michael Battin SF_Bay_Area 905 to 916
Changed rank Pat Mahoney SF_Bay_Area 906 to 917
Changed rank john simarro SF_Bay_Area 907 to 918
Changed rank scott dudley SF_Bay_Area 908 to 919
Changed rank Steve Anderson  SF_Bay_Area 909 to 920
Changed rank Chris Maddox SF_Bay_Area 910 to 921
Changed rank Daniel Weintraub SF_Bay_Area 911 to 922
Changed rank Eric Hardrath SF_Bay_Area 912 to 923
Changed rank Bob Yang SF_Bay_Area 913 to 924
Changed rank Neal Herman SF_Bay_Area 914 to 925
Changed rank Tasha Rossi SF_Bay_Area 915 to 926
Changed rank Joe  Hardegger SF_Bay_Area 916 to 927
Changed rank Scott Thomas SF_Bay_Area 917 to 928
Changed rank Kurt Wallace SF_Bay_Area 918 to 929
Changed rank Brianna Baird SF_Bay_Area 919 to 930
Changed rank Kwun Han SF_Bay_Area 920 to 931
Changed rank Aaron Schneider SF_Bay_Area 921 to 932
Changed rank Dan Bledsoe SF_Bay_Area 922 to 933
Changed rank greg robinson SF_Bay_Area 923 to 934
Changed rank Philip Ginsberg SF_Bay_Area 924 to 935
Changed rank David Escandon SF_Bay_Area 925 to 936
Changed rank Jon Usvathongkul SF_Bay_Area 926 to 937
Changed rank Alex Braunstein SF_Bay_Area 927 to 938
Changed rank Frank Kratzer SF_Bay_Area 928 to 939
Changed rank Collin Huston SF_Bay_Area 929 to 940
Changed rank Scott Overfield SF_Bay_Area 930 to 941
Changed rank Jason Benford SF_Bay_Area 931 to 942
Changed rank Stephanie Snaman SF_Bay_Area 932 to 943
Changed rank Ben Weber SF_Bay_Area 933 to 944
Changed rank Richard Miles SF_Bay_Area 934 to 945
Changed rank Parmender Dahiya SF_Bay_Area 935 to 946
Changed rank Karen Arnold SF_Bay_Area 936 to 947
Changed rank Sara Mann SF_Bay_Area 937 to 948
Changed rank Vincent de Martel SF_Bay_Area 938 to 949
Changed rank Don Powell SF_Bay_Area 939 to 950
Changed rank Michael Burke SF_Bay_Area 940 to 951
Changed rank Paul Webb SF_Bay_Area 941 to 952
Changed rank benny van de voorde SF_Bay_Area 942 to 953
Changed rank Paul Church SF_Bay_Area 943 to 954
Changed rank Elliott Nolan SF_Bay_Area 944 to 955
Changed rank Liz Bensmith SF_Bay_Area 945 to 956
Changed rank Luis Butron SF_Bay_Area 946 to 957
Changed rank Mark Dyer SF_Bay_Area 947 to 958
Changed rank Robert Fujii SF_Bay_Area 948 to 959
Changed rank Vicky Atkinson SF_Bay_Area 949 to 960
Changed rank Cesar Guillen SF_Bay_Area 950 to 961
Changed rank Josh Frieman SF_Bay_Area 951 to 962
Changed rank Michael Schubert SF_Bay_Area 952 to 963
Changed rank David Spector SF_Bay_Area 953 to 964
Changed rank Andy Crews SF_Bay_Area 954 to 965
Changed rank Jason Shearer SF_Bay_Area 955 to 966
Changed rank raymond a gibson SF_Bay_Area 956 to 967
Changed rank Sheng Huang SF_Bay_Area 957 to 968
Changed rank Donald   J SF_Bay_Area 958 to 969
Changed rank Anne Valta SF_Bay_Area 959 to 970
Changed rank Michael Gray SF_Bay_Area 960 to 971
Changed rank Sundar Dorai-Raj SF_Bay_Area 961 to 972
Changed rank Darryl Johnson SF_Bay_Area 962 to 973
Changed rank Mark Guadagni SF_Bay_Area 963 to 974
Changed rank Christopher Altchek SF_Bay_Area 964 to 975
Changed rank Sami Laine SF_Bay_Area 965 to 976
Changed rank Galina Merzh SF_Bay_Area 1595 to 977
Changed rank Matt Sawchuk SF_Bay_Area 966 to 978
Changed rank Kyle Glasser SF_Bay_Area 967 to 979
Changed rank Keith Prince SF_Bay_Area 968 to 980
Changed rank Colin Ng SF_Bay_Area 969 to 981
Changed rank Jeo Valenzuela SF_Bay_Area -1 to 982
Changed rank Brett Dewey SF_Bay_Area 970 to 983
Changed rank Lindsey Sunden SF_Bay_Area 971 to 984
Changed rank Nhut D SF_Bay_Area 972 to 985
Changed rank David Eliott Gutierrez SF_Bay_Area 973 to 986
Changed rank Rikke K F Jeppesen SF_Bay_Area 974 to 987
Changed rank David Reeckmann SF_Bay_Area 975 to 988
Changed rank michael moritz SF_Bay_Area 976 to 989
Changed rank Dustin White SF_Bay_Area 977 to 990
Changed rank Gary Premo SF_Bay_Area 1330 to 991
Changed rank Tri Geek SF_Bay_Area 978 to 992
Changed rank Dan Brehmer SF_Bay_Area 979 to 993
Changed rank John Porter SF_Bay_Area 980 to 994
Changed rank Winnie Brehmer SF_Bay_Area 981 to 995
Changed rank Robert Arnold SF_Bay_Area 982 to 996
Changed rank Brent Thill SF_Bay_Area 983 to 997
Changed rank Osman Isvan SF_Bay_Area 984 to 998
Changed rank anthony spinale SF_Bay_Area 985 to 999
Changed rank Karl Vance SF_Bay_Area 986 to 1000
Changed rank Trent Graves SF_Bay_Area 987 to 1001
Changed rank Jeremy Friedenthal SF_Bay_Area 988 to 1002
Changed rank John Ireland SF_Bay_Area 989 to 1003
Changed rank Chatura Atapattu SF_Bay_Area 990 to 1004
Changed rank Brooks Sizemore SF_Bay_Area 991 to 1005
Changed rank Peter Rubin SF_Bay_Area 992 to 1006
Changed rank Doctor T SF_Bay_Area 993 to 1007
Changed rank Juan  Gonzalez  SF_Bay_Area 994 to 1008
Changed rank Kevin Jacoubowsky SF_Bay_Area 995 to 1009
Changed rank Stephan Quicksilver SF_Bay_Area 996 to 1010
Changed rank Justin Morgan SF_Bay_Area 997 to 1011
Changed rank David Yu SF_Bay_Area 998 to 1012
Changed rank Simon Purdon SF_Bay_Area 999 to 1013
Changed rank Tere Dixon SF_Bay_Area 1000 to 1014
Changed rank Jeremiah Johnson SF_Bay_Area 1001 to 1015
Changed rank Ken Griffie SF_Bay_Area 1002 to 1016
Changed rank Bret Lobree SF_Bay_Area 1003 to 1017
Changed rank Richard Burton SF_Bay_Area 1004 to 1018
Changed rank Scott Mowbray SF_Bay_Area 1005 to 1019
Changed rank John Walters SF_Bay_Area 1006 to 1020
Changed rank Bao T./ FSB Cycling Team SF_Bay_Area 1007 to 1021
Changed rank Michal Krauze SF_Bay_Area 1008 to 1022
Changed rank JB Louvet SF_Bay_Area 1009 to 1023
Changed rank Elle Anderson SF_Bay_Area 1010 to 1024
Changed rank Bike Telemetry SF_Bay_Area 1011 to 1025
Changed rank stefan brunnschweiler SF_Bay_Area 1012 to 1026
Changed rank Greg Vermersch SF_Bay_Area 1013 to 1027
Changed rank Mark Kahn SF_Bay_Area 1014 to 1028
Changed rank Neil Simpkin SF_Bay_Area 1015 to 1029
Changed rank Brad Cann SF_Bay_Area 1016 to 1030
Changed rank C W SF_Bay_Area 1017 to 1031
Changed rank Jonathan Steele SF_Bay_Area 1018 to 1032
Changed rank Joey Wattoo SF_Bay_Area 1019 to 1033
Changed rank Stephen Collins SF_Bay_Area 1020 to 1034
Changed rank Ed James SF_Bay_Area 1021 to 1035
Changed rank Joe Gabana SF_Bay_Area 1022 to 1036
Changed rank Paige Lansing SF_Bay_Area 1023 to 1037
Changed rank Mark Bregman SF_Bay_Area 1024 to 1038
Changed rank Eduardo F. Llach SF_Bay_Area 1025 to 1039
Changed rank Darren Aliga SF_Bay_Area 1026 to 1040
Changed rank Daniel Movsesyan SF_Bay_Area 1027 to 1041
Changed rank Wayne Rickenbacker SF_Bay_Area 1028 to 1042
Changed rank Nick Hopman SF_Bay_Area 1029 to 1043
Changed rank Richie V SF_Bay_Area 1030 to 1044
Changed rank Mark C SF_Bay_Area 1031 to 1045
Changed rank Armin Samii SF_Bay_Area 1032 to 1046
Changed rank Leo Gioia SF_Bay_Area 1033 to 1047
Changed rank Eric Leimbach SF_Bay_Area 1034 to 1048
Changed rank michael anderson SF_Bay_Area 1035 to 1049
Changed rank Bryce Dillon SF_Bay_Area 1036 to 1050
Changed rank George Constas SF_Bay_Area 1037 to 1051
Changed rank Han Chou SF_Bay_Area 1038 to 1052
Changed rank One Less Roadie SF_Bay_Area 1039 to 1053
Changed rank Jaco Sadie SF_Bay_Area 1040 to 1054
Changed rank denis glenn SF_Bay_Area 1041 to 1055
Changed rank Alan Dreyfuss SF_Bay_Area 1042 to 1056
Changed rank Bob Machlin SF_Bay_Area 1043 to 1057
Changed rank Shawn Gilmour SF_Bay_Area 1044 to 1058
Changed rank Noutai Ronaldis SF_Bay_Area 1045 to 1059
Changed rank Tom Mac SF_Bay_Area 1046 to 1060
Changed rank Tom Diep SF_Bay_Area 1047 to 1061
Changed rank Wilson Tai SF_Bay_Area 1048 to 1062
Changed rank Mark Fiori SF_Bay_Area 1049 to 1063
Changed rank Greg P SF_Bay_Area 1050 to 1064
Changed rank roberto oya SF_Bay_Area 1051 to 1065
Changed rank Dennis Lui SF_Bay_Area 1052 to 1066
Changed rank Daniel Parkes SF_Bay_Area 1053 to 1067
Changed rank Brynje Enderle ⚜ SF_Bay_Area 1054 to 1068
Changed rank Pat l SF_Bay_Area 1055 to 1069
Changed rank Mark Hemhauser SF_Bay_Area 1056 to 1070
Changed rank Andrew Fisher SF_Bay_Area 1057 to 1071
Changed rank Rob Jonas SF_Bay_Area 1058 to 1072
Changed rank Michael Horvath SF_Bay_Area 1059 to 1073
Changed rank chris atienza (Team Smegmaz) SF_Bay_Area 1060 to 1074
Changed rank Ian Stott SF_Bay_Area 1061 to 1075
Changed rank William Knudson SF_Bay_Area 1062 to 1076
Changed rank Carla Richard SF_Bay_Area 1063 to 1077
Changed rank Giles Douglas SF_Bay_Area 1064 to 1078
Changed rank David Schwartz SF_Bay_Area 1065 to 1079
Changed rank Andrew Goessling SF_Bay_Area 1066 to 1080
Changed rank Erik Camacho SF_Bay_Area 1067 to 1081
Changed rank Kevin Spratt SF_Bay_Area 1068 to 1082
Changed rank Peter Brisbo SF_Bay_Area 1069 to 1083
Changed rank Mark  Alford SF_Bay_Area 1070 to 1084
Changed rank Andreas Furtner SF_Bay_Area 1071 to 1085
Changed rank Kenny Tsuda SF_Bay_Area 1072 to 1086
Changed rank Nathan McClun SF_Bay_Area 1073 to 1087
Changed rank Taylor Cody SF_Bay_Area 1074 to 1088
Changed rank Drew Schleck SF_Bay_Area 1075 to 1089
Changed rank Paper Shreder SF_Bay_Area 1076 to 1090
Changed rank Stephan Herrera SF_Bay_Area 1077 to 1091
Changed rank Robert James SF_Bay_Area 1078 to 1092
Changed rank Arne Tonning SF_Bay_Area 1079 to 1093
Changed rank Scott Rossi SF_Bay_Area 1080 to 1094
Changed rank T . SF_Bay_Area 1081 to 1095
Changed rank lisa mcclun SF_Bay_Area 1082 to 1096
Changed rank Nick Ladwig SF_Bay_Area 1083 to 1097
Changed rank Ethan Hollinshead SF_Bay_Area 1084 to 1098
Changed rank Shawn Connell SF_Bay_Area 1085 to 1099
Changed rank Nicholas Rice SF_Bay_Area 1086 to 1100
Changed rank Robert Lennie SF_Bay_Area 1087 to 1101
Changed rank Pete G SF_Bay_Area 1088 to 1102
Changed rank laurent schaller SF_Bay_Area -1 to 1103
Changed rank Jon Geary SF_Bay_Area 1089 to 1104
Changed rank Blaine N SF_Bay_Area 1090 to 1105
Changed rank Jon Gundersen SF_Bay_Area 1091 to 1106
Changed rank Saurabh Bhasin SF_Bay_Area 1092 to 1107
Changed rank Hilmar Ebersbach SF_Bay_Area 1093 to 1108
Changed rank Leslie Tighe SF_Bay_Area 1094 to 1109
Changed rank James Ernst SF_Bay_Area 1095 to 1110
Changed rank Rex Rutherford SF_Bay_Area 1096 to 1111
Changed rank Brian Eddy SF_Bay_Area 1097 to 1112
Changed rank Chris Ulbrich SF_Bay_Area 1098 to 1113
Changed rank Ian Hill SF_Bay_Area 1099 to 1114
Changed rank Laura Marshall SF_Bay_Area 1100 to 1115
Changed rank Ivan Lorkovic SF_Bay_Area 1101 to 1116
Changed rank Jennifer Ivey SF_Bay_Area 1102 to 1117
Changed rank Marshall Jackson SF_Bay_Area 1103 to 1118
Changed rank Brian Francois SF_Bay_Area 1104 to 1119
Changed rank Dave Weisberg SF_Bay_Area 1105 to 1120
Changed rank David Winton SF_Bay_Area 1106 to 1121
Changed rank Tom Mercer SF_Bay_Area 1107 to 1122
Changed rank Stephanie Kubik SF_Bay_Area 1108 to 1123
Changed rank Chris Hornier SF_Bay_Area 1109 to 1124
Changed rank Martin Smrt SF_Bay_Area 1110 to 1125
Changed rank David Murphy SF_Bay_Area 1111 to 1126
Changed rank Brad O'Donnell SF_Bay_Area 1112 to 1127
Changed rank Randy Batsell SF_Bay_Area 1113 to 1128
Changed rank David King SF_Bay_Area 1114 to 1129
Changed rank Steve Lee SF_Bay_Area 1115 to 1130
Changed rank Steve Belcher SF_Bay_Area 1116 to 1131
Changed rank Ryan Mahaffey SF_Bay_Area 1117 to 1132
Changed rank Diego Del Pino SF_Bay_Area 1118 to 1133
Changed rank Rick Orr SF_Bay_Area 1119 to 1134
Changed rank Chuong Ma SF_Bay_Area 1120 to 1135
Changed rank Stuart Hamilton SF_Bay_Area 1121 to 1136
Changed rank Dan Becker SF_Bay_Area 1122 to 1137
Changed rank Hilary Perchard SF_Bay_Area 1123 to 1138
Changed rank Tom Woolley SF_Bay_Area 1124 to 1139
Changed rank TY. B SF_Bay_Area 1125 to 1140
Changed rank Jan Sekerka SF_Bay_Area 1126 to 1141
Changed rank Karl Watanabe SF_Bay_Area 1127 to 1142
Changed rank Daniel Dedrick SF_Bay_Area 1128 to 1143
Changed rank Michael Hoban SF_Bay_Area 1129 to 1144
Changed rank Boris F SF_Bay_Area 1130 to 1145
Changed rank Darren Nix | 42Floors SF_Bay_Area 1131 to 1146
Changed rank Jun Soriano SF_Bay_Area 1132 to 1147
Changed rank Richard Valenzuela  SF_Bay_Area 1133 to 1148
Changed rank Alec Simpson SF_Bay_Area 1134 to 1149
Changed rank Justin Dyer SF_Bay_Area 1135 to 1150
Changed rank Erikaceae Thompson SF_Bay_Area 1136 to 1151
Changed rank Matty O'Reilly SF_Bay_Area 1137 to 1152
Changed rank Gary Resnick SF_Bay_Area 1138 to 1153
Changed rank Mike Jacoubowsky SF_Bay_Area 1139 to 1154
Changed rank Jason Mills SF_Bay_Area 1140 to 1155
Changed rank Malcolm Brown SF_Bay_Area -1 to 1156
Changed rank Marc De Leenheer SF_Bay_Area 1141 to 1157
Changed rank Brandon West SF_Bay_Area 1142 to 1158
Changed rank Andrew Mihal SF_Bay_Area 1143 to 1159
Changed rank Cape Skollie SF_Bay_Area 1144 to 1160
Changed rank N.Y. Budu SF_Bay_Area 1145 to 1161
Changed rank sardine machine SF_Bay_Area 1146 to 1162
Changed rank Sean Kammann SF_Bay_Area 1147 to 1163
Changed rank Joe Zitomer SF_Bay_Area 1148 to 1164
Changed rank Ryan Hamilton SF_Bay_Area 1149 to 1165
Changed rank Kyle Fukuchi SF_Bay_Area 1150 to 1166
Changed rank Daryl Hemenway SF_Bay_Area 1151 to 1167
Changed rank Kristen Gentilucci SF_Bay_Area 1152 to 1168
Changed rank Wilson Deng SF_Bay_Area -1 to 1169
Changed rank J Herpel SF_Bay_Area 1153 to 1170
Changed rank Robert Goldsmith SF_Bay_Area 1154 to 1171
Changed rank Ryan Spurlock SF_Bay_Area 1155 to 1172
Changed rank Bill Brier SF_Bay_Area 1156 to 1173
Changed rank Tim Nufire SF_Bay_Area 1157 to 1174
Changed rank Serenity Marshall SF_Bay_Area 1158 to 1175
Changed rank Benjamin Livesey SF_Bay_Area 1159 to 1176
Changed rank Florian Buijs SF_Bay_Area 1160 to 1177
Changed rank Christopher Munoz SF_Bay_Area 1161 to 1178
Changed rank Tim Fraguglia SF_Bay_Area 1162 to 1179
Changed rank Big  Broom SF_Bay_Area 1163 to 1180
Changed rank sj craig SF_Bay_Area 1164 to 1181
Changed rank Sam Nudelman SF_Bay_Area 1165 to 1182
Changed rank Gareth Nettleton SF_Bay_Area 1166 to 1183
Changed rank Scott W SF_Bay_Area 1167 to 1184
Changed rank Louis Draper SF_Bay_Area 1168 to 1185
Changed rank Marc Tremblay SF_Bay_Area 1169 to 1186
Changed rank Rob Gray SF_Bay_Area 1170 to 1187
Changed rank Mike D. SF_Bay_Area 1171 to 1188
Changed rank Ryan Schaub SF_Bay_Area 1172 to 1189
Changed rank Simon Klima SF_Bay_Area 1173 to 1190
Changed rank Mike Fraguglia SF_Bay_Area 1174 to 1191
Changed rank Mauricio Bustos SF_Bay_Area 1175 to 1192
Changed rank Steffen E SF_Bay_Area 1176 to 1193
Changed rank paul birich SF_Bay_Area 1177 to 1194
Changed rank Kira M SF_Bay_Area 1178 to 1195
Changed rank Mike Machado SF_Bay_Area 1179 to 1196
Changed rank Brandon Wilcox SF_Bay_Area 1180 to 1197
Changed rank Denis Golovin SF_Bay_Area 1181 to 1198
Changed rank Hugo Angelmar SF_Bay_Area 1182 to 1199
Changed rank David Campbell SF_Bay_Area 1183 to 1200
Changed rank Fred  May SF_Bay_Area 1184 to 1201
Changed rank Kari Lam SF_Bay_Area 1185 to 1202
Changed rank Harpreet B SF_Bay_Area 1186 to 1203
Changed rank Mark Wheeler SF_Bay_Area 1187 to 1204
Changed rank Hans Gouwens SF_Bay_Area 1188 to 1205
Changed rank Victor Loh SF_Bay_Area 1189 to 1206
Changed rank Mark Seedall SF_Bay_Area 1190 to 1207
Changed rank Lorenzo Riano SF_Bay_Area 1191 to 1208
Changed rank Cherie Schmelter SF_Bay_Area 1192 to 1209
Changed rank Geoff Kaplan SF_Bay_Area 1193 to 1210
Changed rank Enuf Theatrix SF_Bay_Area 1194 to 1211
Changed rank J Payne SF_Bay_Area 1195 to 1212
Changed rank Colin Brumelle SF_Bay_Area 1196 to 1213
Changed rank Frank Drobot SF_Bay_Area 1197 to 1214
Changed rank Christopher Einarsrud SF_Bay_Area 1198 to 1215
Changed rank Curtis Hong SF_Bay_Area 1199 to 1216
Changed rank The Flying Finn SF_Bay_Area 1200 to 1217
Changed rank Kalani Hines SF_Bay_Area 1201 to 1218
Changed rank David Kurzrock SF_Bay_Area 1202 to 1219
Changed rank White Bike SF_Bay_Area 1203 to 1220
Changed rank Adam C SF_Bay_Area 1204 to 1221
Changed rank Nate Schaumberg SF_Bay_Area 1205 to 1222
Changed rank dan shore SF_Bay_Area 1206 to 1223
Changed rank Rich Lee SF_Bay_Area 1207 to 1224
Changed rank Todd McMahon SF_Bay_Area 1208 to 1225
Changed rank Andrew Law SF_Bay_Area 1209 to 1226
Changed rank Clayton Markel SF_Bay_Area 1210 to 1227
Changed rank Mike Desrosiers SF_Bay_Area 1211 to 1228
Changed rank David Karam SF_Bay_Area 1212 to 1229
Changed rank Griffin Wigert SF_Bay_Area 1213 to 1230
Changed rank K nizzy SF_Bay_Area 1214 to 1231
Changed rank David Soward SF_Bay_Area 1215 to 1232
Changed rank Arnim Polster SF_Bay_Area 1216 to 1233
Changed rank rob reed SF_Bay_Area 1217 to 1234
Changed rank Chris Chase SF_Bay_Area 1218 to 1235
Changed rank Stevie Chow SF_Bay_Area 1219 to 1236
Changed rank Pulley Cat 10 SF_Bay_Area 1220 to 1237
Changed rank Robert Cox SF_Bay_Area 1221 to 1238
Changed rank Michael Collier SF_Bay_Area 1222 to 1239
Changed rank Gary Phelps SF_Bay_Area 1223 to 1240
Changed rank Sarah U SF_Bay_Area 1224 to 1241
Changed rank Ben Verwer SF_Bay_Area 1225 to 1242
Changed rank lee dangllar SF_Bay_Area 1226 to 1243
Changed rank Tom Stallings SF_Bay_Area 1227 to 1244
Changed rank Michael Chen SF_Bay_Area 1228 to 1245
Changed rank Patrick Wheeler SF_Bay_Area 1229 to 1246
Changed rank Beckie  Wood SF_Bay_Area 1230 to 1247
Changed rank Ian Dennis SF_Bay_Area 1231 to 1248
Changed rank Cal Erdman SF_Bay_Area 1232 to 1249
Changed rank Kevin Leong SF_Bay_Area 1233 to 1250
Changed rank Richard Dreyer SF_Bay_Area 1234 to 1251
Changed rank Hanno Botha SF_Bay_Area 1235 to 1252
Changed rank Brian Escobar SF_Bay_Area 1236 to 1253
Changed rank Ginger Kroft SF_Bay_Area 1237 to 1254
Changed rank Peter Anderson-Sprecher SF_Bay_Area 1238 to 1255
Changed rank Ethan Frankel SF_Bay_Area 1239 to 1256
Changed rank Raj the Lemur SF_Bay_Area 1240 to 1257
Changed rank Ethan E. SF_Bay_Area 1241 to 1258
Changed rank Stony McGee SF_Bay_Area 1242 to 1259
Changed rank Mei Yan SF_Bay_Area 1243 to 1260
Changed rank Chris Wheeler SF_Bay_Area 1244 to 1261
Changed rank Ryan Drew SF_Bay_Area 1245 to 1262
Changed rank Kevin Watts SF_Bay_Area 1246 to 1263
Changed rank Nicholas Tran SF_Bay_Area 1247 to 1264
Changed rank Andrew Perry SF_Bay_Area 1248 to 1265
Changed rank Christoph Maurath SF_Bay_Area 1249 to 1266
Changed rank Terry Salzer SF_Bay_Area 1250 to 1267
Changed rank Bill Pratt SF_Bay_Area 1251 to 1268
Changed rank Kevin Salyer SF_Bay_Area 1252 to 1269
Changed rank Brian Scott SF_Bay_Area 1253 to 1270
Changed rank Chris Lopez SF_Bay_Area 1254 to 1271
Changed rank Dr.J Sang SF_Bay_Area 1255 to 1272
Changed rank Emily McD SF_Bay_Area 1256 to 1273
Changed rank Sindy Cho SF_Bay_Area 1257 to 1274
Changed rank Philippe Gauthier SF_Bay_Area 1258 to 1275
Changed rank Luc Vincent SF_Bay_Area 1259 to 1276
Changed rank Andrew Min SF_Bay_Area 1260 to 1277
Changed rank Lee Povey SF_Bay_Area 1261 to 1278
Changed rank pelle pelle SF_Bay_Area 1262 to 1279
Changed rank Matt Wiebe SF_Bay_Area 1263 to 1280
Changed rank James MacDonald SF_Bay_Area 1264 to 1281
Changed rank Knight Rider SF_Bay_Area 1265 to 1282
Changed rank Anne-Julie Dudemaine SF_Bay_Area 1266 to 1283
Changed rank frank povich SF_Bay_Area 1267 to 1284
Changed rank D Rohler SF_Bay_Area 1268 to 1285
Changed rank Alex Goldhammer SF_Bay_Area 1269 to 1286
Changed rank Clay Callaway SF_Bay_Area 1270 to 1287
Changed rank Fernando de la Peña SF_Bay_Area 1271 to 1288
Changed rank Daniel Bomfim SF_Bay_Area 1272 to 1289
Changed rank David Schaefer SF_Bay_Area 1273 to 1290
Changed rank Barrett Price SF_Bay_Area 1274 to 1291
Changed rank JR Matthews SF_Bay_Area 1275 to 1292
Changed rank john Pomidor SF_Bay_Area 1276 to 1293
Changed rank Preston Parry SF_Bay_Area 1277 to 1294
Changed rank Isabelle Magnin SF_Bay_Area 1278 to 1295
Changed rank Keith gardiner SF_Bay_Area 1279 to 1296
Changed rank Max Motschwiller SF_Bay_Area 1280 to 1297
Changed rank Mike Souza SF_Bay_Area 1282 to 1298
Changed rank Russ Erickson SF_Bay_Area 1283 to 1299
Changed rank Karl Braitberg SF_Bay_Area 1284 to 1300
Changed rank Dylan DiBona SF_Bay_Area 1285 to 1301
Changed rank Jeff Beaulac SF_Bay_Area 1286 to 1302
Changed rank Jonathan Frost SF_Bay_Area 1287 to 1303
Changed rank claudia zinn SF_Bay_Area 1288 to 1304
Changed rank ryan branciforte SF_Bay_Area 1289 to 1305
Changed rank Mark Little SF_Bay_Area 1290 to 1306
Changed rank stephanie pappas SF_Bay_Area 1291 to 1307
Changed rank Ata Puma SF_Bay_Area 1292 to 1308
Changed rank Aki Yamakawa SF_Bay_Area 1293 to 1309
Changed rank Phil Cowlishaw SF_Bay_Area 1294 to 1310
Changed rank dave p SF_Bay_Area 1295 to 1311
Changed rank William von Kaenel SF_Bay_Area 1296 to 1312
Changed rank Kim Pardini SF_Bay_Area 1297 to 1313
Changed rank Johnny Sisomphone // Lost Dog Cycling SF_Bay_Area 1298 to 1314
Changed rank David Blackmon SF_Bay_Area 1299 to 1315
Changed rank Holger Tamm SF_Bay_Area 1300 to 1316
Changed rank Chrissy Blaisdell SF_Bay_Area 1301 to 1317
Changed rank Robert Tang SF_Bay_Area 1302 to 1318
Changed rank Ian Mathias SF_Bay_Area 1303 to 1319
Changed rank Calvin Hu SF_Bay_Area 1304 to 1320
Changed rank Jamie Morganstern SF_Bay_Area 1305 to 1321
Changed rank Tom Cunin SF_Bay_Area 1306 to 1322
Changed rank Erin Palm SF_Bay_Area 1307 to 1323
Changed rank Jarish Cohen SF_Bay_Area 1308 to 1324
Changed rank Michael Spiegel SF_Bay_Area 1309 to 1325
Changed rank Joe Flannery SF_Bay_Area 1310 to 1326
Changed rank Randall Dietel SF_Bay_Area 1311 to 1327
Changed rank Chris Coando SF_Bay_Area 1312 to 1328
Changed rank Jason L SF_Bay_Area 1313 to 1329
Changed rank Sébastien Windal SF_Bay_Area 1314 to 1330
Changed rank Jay Prescott SF_Bay_Area 1315 to 1331
Changed rank Nia Ransom SF_Bay_Area 1316 to 1332
Changed rank Shane Barnes SF_Bay_Area 1317 to 1333
Changed rank Ben Swiggett SF_Bay_Area 1318 to 1334
Changed rank ethan fried SF_Bay_Area -1 to 1335
Changed rank Chad Pajari SF_Bay_Area 1319 to 1336
Changed rank Graham Koetz SF_Bay_Area 1320 to 1337
Changed rank Mark Sobelson SF_Bay_Area 1321 to 1338
Changed rank G ™ SF_Bay_Area 1322 to 1339
Changed rank Pietro Brezzo SF_Bay_Area 1323 to 1340
Changed rank Wayne Greet SF_Bay_Area 1324 to 1341
Changed rank lisa b SF_Bay_Area 1325 to 1342
Changed rank Matthew Santillan SF_Bay_Area 1326 to 1343
Changed rank Ron Lewkiewicz SF_Bay_Area 1327 to 1344
Changed rank Eric Gray SF_Bay_Area 1328 to 1345
Changed rank Brandon Reif SF_Bay_Area 1329 to 1346
Changed rank Russell Montello SF_Bay_Area 1331 to 1347
Changed rank Jonah Sabino SF_Bay_Area 1332 to 1348
Changed rank Jose Fernandez SF_Bay_Area 1333 to 1349
Changed rank chris wenzel SF_Bay_Area 1334 to 1350
Changed rank Louie Machado/ FSB Bike Team SF_Bay_Area 1335 to 1351
Changed rank Chuck D SF_Bay_Area 1336 to 1352
Changed rank Joe Taylor SF_Bay_Area 1337 to 1353
Changed rank Peter Gilberd SF_Bay_Area 1338 to 1354
Changed rank Steve Soby SF_Bay_Area 1339 to 1355
Changed rank Gregory Clift SF_Bay_Area 1340 to 1356
Changed rank Anne Olson SF_Bay_Area 1341 to 1357
Changed rank Allan  Sherlock SF_Bay_Area 1342 to 1358
Changed rank Allison Ipson SF_Bay_Area 1343 to 1359
Changed rank Jim McCormick SF_Bay_Area -1 to 1360
Changed rank Richard Dweck SF_Bay_Area 1344 to 1361
Changed rank Alan Bickett SF_Bay_Area 1345 to 1362
Changed rank Paul Katzer SF_Bay_Area 1346 to 1363
Changed rank Han Hong SF_Bay_Area 1347 to 1364
Changed rank Lance Durst SF_Bay_Area 1348 to 1365
Changed rank Nunzio Basso SF_Bay_Area 1349 to 1366
Changed rank Jeff Lai SF_Bay_Area 1350 to 1367
Changed rank John Miller SF_Bay_Area 1352 to 1368
Changed rank David Bradley SF_Bay_Area 1353 to 1369
Changed rank Tom Myers SF_Bay_Area 1354 to 1370
Changed rank Kris  Korth SF_Bay_Area 1355 to 1371
Changed rank Diogo Ribeiro SF_Bay_Area 1356 to 1372
Changed rank Stuart McLeod SF_Bay_Area 1357 to 1373
Changed rank J l SF_Bay_Area 1358 to 1374
Changed rank Al  Martin SF_Bay_Area 1359 to 1375
Changed rank robert picard SF_Bay_Area 1360 to 1376
Changed rank Curtis Hansen SF_Bay_Area 1361 to 1377
Changed rank katie kindt SF_Bay_Area 1362 to 1378
Changed rank Rick Suralta SF_Bay_Area 1363 to 1379
Changed rank Erik Strom SF_Bay_Area 1364 to 1380
Changed rank Virginia Myers SF_Bay_Area 1365 to 1381
Changed rank Jordan Rosen SF_Bay_Area 1366 to 1382
Changed rank Andrew Salter SF_Bay_Area 1367 to 1383
Changed rank Chris C SF_Bay_Area 1368 to 1384
Changed rank Patrick Herlihy SF_Bay_Area 1369 to 1385
Changed rank Jhonny Aplesead SF_Bay_Area 1370 to 1386
Changed rank Cliff Eclarino SF_Bay_Area 1371 to 1387
Changed rank Rob Abbey SF_Bay_Area 1372 to 1388
Changed rank Andy B SF_Bay_Area 1373 to 1389
Changed rank Dalmacio Pamanian SF_Bay_Area 1374 to 1390
Changed rank Ali Hamed SF_Bay_Area 1375 to 1391
Changed rank Jim Merithew SF_Bay_Area 1376 to 1392
Changed rank Megumi Nakamura SF_Bay_Area 1377 to 1393
Changed rank Michelle Shulman SF_Bay_Area 1378 to 1394
Changed rank Benn Eifert SF_Bay_Area 1379 to 1395
Changed rank Lance Conard SF_Bay_Area 1380 to 1396
Changed rank J L SF_Bay_Area 1381 to 1397
Changed rank David Oliver SF_Bay_Area 1382 to 1398
Changed rank Dick DiGennaro SF_Bay_Area 1383 to 1399
Changed rank Sean Lee SF_Bay_Area 1384 to 1400
Changed rank Just  Kenny SF_Bay_Area 1385 to 1401
Changed rank Marvin Ruiz SF_Bay_Area 1386 to 1402
Changed rank Alan Adams SF_Bay_Area 1387 to 1403
Changed rank Leina Bryson SF_Bay_Area 1388 to 1404
Changed rank Laudalino Just Laudalino SF_Bay_Area 1389 to 1405
Changed rank Bill Lauer SF_Bay_Area 1390 to 1406
Changed rank Adam Schneiberg SF_Bay_Area 1391 to 1407
Changed rank Tomek Rabczak SF_Bay_Area 1392 to 1408
Changed rank Robert Bolen SF_Bay_Area 1393 to 1409
Changed rank Ashley Masen SF_Bay_Area 1394 to 1410
Changed rank cody youngblood SF_Bay_Area 1395 to 1411
Changed rank Joshua Yaguda SF_Bay_Area 1396 to 1412
Changed rank Patrick Sullivan SF_Bay_Area 1397 to 1413
Changed rank Eric Williams SF_Bay_Area 1398 to 1414
Changed rank Tim Durkin SF_Bay_Area 1399 to 1415
Changed rank joel boeckman SF_Bay_Area 1400 to 1416
Changed rank Josiah Burrow SF_Bay_Area 1401 to 1417
Changed rank Peter Maloney SF_Bay_Area 1402 to 1418
Changed rank Andy Karabatsos SF_Bay_Area 1403 to 1419
Changed rank william keller SF_Bay_Area 1404 to 1420
Changed rank Robert Love SF_Bay_Area 1405 to 1421
Changed rank Ben Ginsberg SF_Bay_Area 1406 to 1422
Changed rank Eli Latimerlo SF_Bay_Area 1407 to 1423
Changed rank Martin Kunz SF_Bay_Area 1408 to 1424
Changed rank Anthony Luna SF_Bay_Area 1409 to 1425
Changed rank Yvonne Yip SF_Bay_Area 1410 to 1426
Changed rank chrostopher  muffoletto SF_Bay_Area 1411 to 1427
Changed rank Steve Fancy SF_Bay_Area 1412 to 1428
Changed rank Tom Driscoll SF_Bay_Area 1413 to 1429
Changed rank Jim Trah SF_Bay_Area 1414 to 1430
Changed rank Long Tang SF_Bay_Area 1415 to 1431
Changed rank Christine B. SF_Bay_Area 1416 to 1432
Changed rank Obviously Doping SF_Bay_Area 1417 to 1433
Changed rank Chris Meyer SF_Bay_Area 1418 to 1434
Changed rank Alan Burr SF_Bay_Area 1419 to 1435
Changed rank Eric Forster SF_Bay_Area 1420 to 1436
Changed rank Kurt Langeland SF_Bay_Area 1421 to 1437
Changed rank Stephanie Kaplan SF_Bay_Area 1422 to 1438
Changed rank vincent bell SF_Bay_Area 1423 to 1439
Changed rank Chris McIntosh SF_Bay_Area 1424 to 1440
Changed rank Drew Pollock SF_Bay_Area 1425 to 1441
Changed rank Kimberly Goodell SF_Bay_Area 1426 to 1442
Changed rank Tara Kurihara SF_Bay_Area 1427 to 1443
Changed rank Ryan Leary SF_Bay_Area -1 to 1444
Changed rank Rich Howell SF_Bay_Area 1428 to 1445
Changed rank Brian Drue SF_Bay_Area 1429 to 1446
Changed rank henrik jones SF_Bay_Area 1430 to 1447
Changed rank Michael Machlin SF_Bay_Area 1431 to 1448
Changed rank barry rotman SF_Bay_Area 1432 to 1449
Changed rank Stefan Groschupf SF_Bay_Area -1 to 1450
Changed rank Quico Spaen SF_Bay_Area 1433 to 1451
Changed rank Harald te Nijenhuis SF_Bay_Area 1434 to 1452
Changed rank mike brosius SF_Bay_Area 1435 to 1453
Changed rank Tim Plumb SF_Bay_Area 1436 to 1454
Changed rank Henning Andersen SF_Bay_Area 1437 to 1455
Changed rank Lizzy Adams SF_Bay_Area 1438 to 1456
Changed rank Mike G SF_Bay_Area 1439 to 1457
Changed rank Thomas Schreiter SF_Bay_Area 1440 to 1458
Changed rank David Shih SF_Bay_Area 1441 to 1459
Changed rank Tim Gill SF_Bay_Area 1442 to 1460
Changed rank Dennis Casido SF_Bay_Area 1443 to 1461
Changed rank Gene de la Cruz SF_Bay_Area 1444 to 1462
Changed rank Doc Smith SF_Bay_Area 1445 to 1463
Changed rank Phil Pesta SF_Bay_Area 1446 to 1464
Changed rank Aaron Simmons SF_Bay_Area 1447 to 1465
Changed rank Brian Ward SF_Bay_Area 1448 to 1466
Changed rank Cj Julian SF_Bay_Area 1449 to 1467
Changed rank Hilmar Ebersbach SF_Bay_Area 1450 to 1468
Changed rank Andy Brooks SF_Bay_Area 1451 to 1469
Changed rank Neil Mussallem SF_Bay_Area 1452 to 1470
Changed rank Lauren Barnard SF_Bay_Area 1453 to 1471
Changed rank Sol Bechtold SF_Bay_Area 1454 to 1472
Changed rank Heidi Klingebiel SF_Bay_Area 1455 to 1473
Changed rank Rob Delfosse SF_Bay_Area 1456 to 1474
Changed rank Brent Leaman SF_Bay_Area 1457 to 1475
Changed rank Mike Mahan SF_Bay_Area 1458 to 1476
Changed rank Marc Goroff SF_Bay_Area 1459 to 1477
Changed rank keith rohrlick SF_Bay_Area 1460 to 1478
Changed rank Matt Wyman SF_Bay_Area 1461 to 1479
Changed rank Andrew Roger SF_Bay_Area 1462 to 1480
Changed rank Alex Valencia SF_Bay_Area 1463 to 1481
Changed rank Schu Fly SF_Bay_Area 1464 to 1482
Changed rank Mike Sieber SF_Bay_Area 1465 to 1483
Changed rank jw Shadowlessfeet SF_Bay_Area 1466 to 1484
Changed rank Stephanie Guest SF_Bay_Area 1467 to 1485
Changed rank Alan Vaughn SF_Bay_Area 1468 to 1486
Changed rank Cheryl Shwe SF_Bay_Area 1469 to 1487
Changed rank Grant Lundberg SF_Bay_Area 1470 to 1488
Changed rank Gregory P Smith SF_Bay_Area 1471 to 1489
Changed rank Peter C Ingram SF_Bay_Area 1472 to 1490
Changed rank Bremner Morris SF_Bay_Area 1473 to 1491
Changed rank Phil Brotherton SF_Bay_Area 1474 to 1492
Changed rank Dan Harrelson SF_Bay_Area 1475 to 1493
Changed rank LS McPhate SF_Bay_Area 1476 to 1494
Changed rank c walker SF_Bay_Area 1477 to 1495
Changed rank christian radutiu SF_Bay_Area 1478 to 1496
Changed rank Mark Koenig SF_Bay_Area 1479 to 1497
Changed rank Little Italy D SF_Bay_Area 1480 to 1498
Changed rank Rico de los Santos SF_Bay_Area 1481 to 1499
Changed rank Matt Johnson SF_Bay_Area 1482 to 1500
Changed rank Craig Pennington SF_Bay_Area 1483 to 1501
Changed rank John Briden SF_Bay_Area 1484 to 1502
Changed rank Allan Erbes SF_Bay_Area 1485 to 1503
Changed rank john muratet SF_Bay_Area 1486 to 1504
Changed rank KIRSTEN MCDANIEL SF_Bay_Area 1487 to 1505
Changed rank gerard post SF_Bay_Area 1488 to 1506
Changed rank Alex Bird SF_Bay_Area 1489 to 1507
Changed rank Haam-Baak Shin SF_Bay_Area 1490 to 1508
Changed rank Daniel Samblanet SF_Bay_Area 1491 to 1509
Changed rank David Swain SF_Bay_Area 1492 to 1510
Changed rank Tzach Segal SF_Bay_Area 1493 to 1511
Changed rank joe kastner SF_Bay_Area 1494 to 1512
Changed rank Walt Diamond SF_Bay_Area 1495 to 1513
Changed rank Michele Lomelino Valencia SF_Bay_Area 1496 to 1514
Changed rank Dana Kipp SF_Bay_Area 1497 to 1515
Changed rank Mark Elgood SF_Bay_Area 1498 to 1516
Changed rank Ethan Bold SF_Bay_Area 1499 to 1517
Changed rank Keith Morris SF_Bay_Area 1500 to 1518
Changed rank Maurice Daroy SF_Bay_Area 1501 to 1519
Changed rank Michael Martin SF_Bay_Area 1502 to 1520
Changed rank Nicky Fox SF_Bay_Area 1503 to 1521
Changed rank Samuel Arkin SF_Bay_Area 1504 to 1522
Changed rank Khoa Tran SF_Bay_Area 1505 to 1523
Changed rank Greg Moore SF_Bay_Area 1506 to 1524
Changed rank Pete Stock SF_Bay_Area 1507 to 1525
Changed rank Michael Young SF_Bay_Area 1508 to 1526
Changed rank Eva Silverstein SF_Bay_Area 1509 to 1527
Changed rank Jeffrey Cowling SF_Bay_Area 1510 to 1528
Changed rank Taylor Tulip-Close SF_Bay_Area 1511 to 1529
Changed rank Blair Gallant SF_Bay_Area -1 to 1530
Changed rank bob stoll SF_Bay_Area 1512 to 1531
Changed rank Christopher Coppersmith SF_Bay_Area 1513 to 1532
Changed rank Matt DeLand SF_Bay_Area 1514 to 1533
Changed rank The  Force SF_Bay_Area 1515 to 1534
Changed rank doug hahn SF_Bay_Area 1516 to 1535
Changed rank The Suitcase SF_Bay_Area 1517 to 1536
Changed rank Karrie Hutch SF_Bay_Area 1518 to 1537
Changed rank Stephen Coddington SF_Bay_Area 1519 to 1538
Changed rank Edward Dorsey SF_Bay_Area 1520 to 1539
Changed rank Andy Wong SF_Bay_Area 1521 to 1540
Changed rank Sonny Yeoh SF_Bay_Area 1522 to 1541
Changed rank Daniel R Gonzalez SF_Bay_Area 1523 to 1542
Changed rank Lon Baker SF_Bay_Area 1524 to 1543
Changed rank Charles Peters SF_Bay_Area 1525 to 1544
Changed rank G T SF_Bay_Area 1526 to 1545
Changed rank Mike 'Mr. Crash' Solis SF_Bay_Area 1527 to 1546
Changed rank Nick Cofod SF_Bay_Area 1528 to 1547
Changed rank Kiwi Biker SF_Bay_Area 1529 to 1548
Changed rank . Nova SF_Bay_Area 1530 to 1549
Changed rank Mount  Bike SF_Bay_Area -1 to 1550
Changed rank Eric Newberg SF_Bay_Area 1531 to 1551
Changed rank Thomas Ivey SF_Bay_Area 1532 to 1552
Changed rank Ron Olson SF_Bay_Area 1533 to 1553
Changed rank Julien Guy SF_Bay_Area 1534 to 1554
Changed rank Keith Grundy SF_Bay_Area 1535 to 1555
Changed rank Zachary Hilton SF_Bay_Area 1536 to 1556
Changed rank Mark Oliver SF_Bay_Area 1537 to 1557
Changed rank Scott Smith SF_Bay_Area 1538 to 1558
Changed rank Suzanne Butler SF_Bay_Area 1539 to 1559
Changed rank Brian Dayton SF_Bay_Area 1540 to 1560
Changed rank Evan Sharp SF_Bay_Area 1541 to 1561
Changed rank phung nguyen SF_Bay_Area 1542 to 1562
Changed rank Marcelo Mourier SF_Bay_Area 1543 to 1563
Changed rank Andy Booth SF_Bay_Area 1544 to 1564
Changed rank Sarah Swigart SF_Bay_Area 1545 to 1565
Changed rank Sergio Galicia SF_Bay_Area 1546 to 1566
Changed rank Chris Baker SF_Bay_Area 1547 to 1567
Changed rank Vanessa McDonnell SF_Bay_Area 1548 to 1568
Changed rank Matthew Penfold SF_Bay_Area 1550 to 1569
Changed rank PHIL CHIN SF_Bay_Area 1551 to 1570
Changed rank Leonel Quinteros SF_Bay_Area 1552 to 1571
Changed rank Jay Gilson SF_Bay_Area 1553 to 1572
Changed rank Ann E SF_Bay_Area 1554 to 1573
Changed rank Nate Keller SF_Bay_Area 1555 to 1574
Changed rank max kanevsky SF_Bay_Area 1556 to 1575
Changed rank Johan Knaven SF_Bay_Area 1557 to 1576
Changed rank Dan Horndasch SF_Bay_Area 1558 to 1577
Changed rank Laura M SF_Bay_Area 1559 to 1578
Changed rank Geoff Hayden SF_Bay_Area 1560 to 1579
Changed rank Carol Hamilton SF_Bay_Area 1561 to 1580
Changed rank Jon Longden SF_Bay_Area 1562 to 1581
Changed rank Danny Dvinov SF_Bay_Area 1563 to 1582
Changed rank Laura Hipp SF_Bay_Area 1564 to 1583
Changed rank Kent Sasaki SF_Bay_Area 1565 to 1584
Changed rank Sean Lamb SF_Bay_Area 1566 to 1585
Changed rank Russell Preston SF_Bay_Area 1567 to 1586
Changed rank Giles Goodwin SF_Bay_Area 1568 to 1587
Changed rank Reza Montazeri SF_Bay_Area 1569 to 1588
Changed rank Justin Chin SF_Bay_Area 1570 to 1589
Changed rank Megan Diamond SF_Bay_Area 1571 to 1590
Changed rank Simon T SF_Bay_Area 1572 to 1591
Changed rank Sean Pollock SF_Bay_Area 1573 to 1592
Changed rank Jason Gonzales SF_Bay_Area 1574 to 1593
Changed rank Michael Saccone SF_Bay_Area 1575 to 1594
Changed rank Randy Shelton SF_Bay_Area 1576 to 1595
Changed rank Scott Murry SF_Bay_Area 1577 to 1596
Changed rank Gabor Toth SF_Bay_Area 1578 to 1597
Changed rank M Chan SF_Bay_Area 1579 to 1598
Changed rank Erik Soule SF_Bay_Area 1580 to 1599
Changed rank Mark Berghoff SF_Bay_Area 1581 to 1600
Changed rank Brad Taft SF_Bay_Area 1582 to 1601
Changed rank steven goldstein SF_Bay_Area 1583 to 1602
Changed rank Peter Mavridis SF_Bay_Area 1584 to 1603
Changed rank joe longo SF_Bay_Area 1585 to 1604
Changed rank Mike Sullivan SF_Bay_Area 1586 to 1605
Changed rank derrick rebello SF_Bay_Area 1587 to 1606
Changed rank Anne Widera SF_Bay_Area 1588 to 1607
Changed rank Ben Miller SF_Bay_Area 1589 to 1608
Changed rank Rick Iijima SF_Bay_Area 1590 to 1609
Changed rank Matthew Smith SF_Bay_Area 1591 to 1610
Changed rank Emily Gann SF_Bay_Area 1592 to 1611
Changed rank Naz Hamid SF_Bay_Area 1593 to 1612
Changed rank j old SF_Bay_Area 1594 to 1613
Changed rank Paul Giani SF_Bay_Area 1596 to 1614
Changed rank John Bela SF_Bay_Area 1597 to 1615
Changed rank Stacey Murphy SF_Bay_Area 1598 to 1616
Changed rank Anna Levine SF_Bay_Area 1599 to 1617
Changed rank Simon David SF_Bay_Area 1600 to 1618
Changed rank Fabien Cesari SF_Bay_Area 1601 to 1619
Changed rank Dave Del Fiugo SF_Bay_Area 1602 to 1620
Changed rank Kim Yokers SF_Bay_Area 1603 to 1621
Changed rank Ben FR SF_Bay_Area 1604 to 1622
Changed rank Andy Greenwood SF_Bay_Area 1605 to 1623
Changed rank Holger Scheller SF_Bay_Area 1606 to 1624
Changed rank david sexton SF_Bay_Area 1607 to 1625
Changed rank Graham Doorley SF_Bay_Area 1608 to 1626
Changed rank Tom Kreta SF_Bay_Area 1609 to 1627
Changed rank Jon Beckham SF_Bay_Area 1610 to 1628
Changed rank dave s (ziscwg) SF_Bay_Area 1611 to 1629
Changed rank Carl Werner SF_Bay_Area 1612 to 1630
Changed rank Kevin Parks SF_Bay_Area 1613 to 1631
Changed rank pablinski ∆ SF_Bay_Area 1614 to 1632
Changed rank Ken Wu SF_Bay_Area 1615 to 1633
Changed rank Andy Miller SF_Bay_Area 1616 to 1634
Changed rank Sam Rezkalla SF_Bay_Area 1617 to 1635
Changed rank Maria Curran SF_Bay_Area 1618 to 1636
Changed rank Scott Wikstrom SF_Bay_Area 1619 to 1637
Changed rank e prather SF_Bay_Area -1 to 1638
Changed rank Nunya Bidness  SF_Bay_Area 1620 to 1639
Changed rank Brian Kahn SF_Bay_Area 1621 to 1640
Changed rank Jan Lui SF_Bay_Area 1622 to 1641
Changed rank scott morey SF_Bay_Area 1623 to 1642
Changed rank Chas Blackford SF_Bay_Area 1624 to 1643
Changed rank Michael Tung SF_Bay_Area 1625 to 1644
Changed rank Steve Mallard SF_Bay_Area 1626 to 1645
Changed rank Martin Voogel SF_Bay_Area 1627 to 1646
Changed rank James Riley SF_Bay_Area 1628 to 1647
Changed rank Richard Castle SF_Bay_Area 1629 to 1648
Changed rank Steven A SF_Bay_Area 1630 to 1649
Changed rank Dylan Nord SF_Bay_Area 1631 to 1650
Changed rank Mike Headley SF_Bay_Area 1632 to 1651
Changed rank Simon Gardiner SF_Bay_Area 1633 to 1652
Changed rank Jason Folkens SF_Bay_Area 1634 to 1653
Changed rank Kevin DeBella SF_Bay_Area 1635 to 1654
Changed rank Alena Kernasovska SF_Bay_Area 1636 to 1655
Changed rank Eric Walstad SF_Bay_Area 1637 to 1656
Changed rank Brian Sullivan SF_Bay_Area 1638 to 1657
Changed rank Mitch Method SF_Bay_Area 1639 to 1658
Changed rank Tyler C. SF_Bay_Area 1640 to 1659
Changed rank Vincent Tsai SF_Bay_Area 1641 to 1660
Changed rank Michael Beetham SF_Bay_Area 1642 to 1661
Changed rank Jason Wither SF_Bay_Area 1643 to 1662
Changed rank Jon Schneider SF_Bay_Area 1644 to 1663
Changed rank Alex Wong SF_Bay_Area 1645 to 1664
Changed rank Matthew Ryan SF_Bay_Area 1646 to 1665
Changed rank Zahan Malkani SF_Bay_Area 1647 to 1666
Changed rank Scott  Cramer SF_Bay_Area 1648 to 1667
Changed rank Lorri Lee Lown SF_Bay_Area 1649 to 1668
Changed rank eddie  - SF_Bay_Area 1650 to 1669
Changed rank Rick Schaffel SF_Bay_Area 1651 to 1670
Changed rank patrick pichette SF_Bay_Area 1652 to 1671
Changed rank Patrick Middleton SF_Bay_Area 1653 to 1672
Changed rank Ryan Zol SF_Bay_Area 1654 to 1673
Changed rank PJ Berg SF_Bay_Area 1655 to 1674
Changed rank Anatoly Yakovenko SF_Bay_Area 1656 to 1675
Changed rank Laurent Droin SF_Bay_Area 1657 to 1676
Changed rank Harry Dennis SF_Bay_Area 1658 to 1677
Changed rank Jeremy Cotton SF_Bay_Area 1659 to 1678
Changed rank khaled fustok SF_Bay_Area 1660 to 1679
Changed rank Midland . SF_Bay_Area 1661 to 1680
Changed rank Jenn Chan SF_Bay_Area 1662 to 1681
Changed rank Felipe Salum SF_Bay_Area 1977 to 1682
Changed rank Eric Piekarczyk SF_Bay_Area 1663 to 1683
Changed rank Theresa Healy SF_Bay_Area 1664 to 1684
Changed rank Edward Siahaan SF_Bay_Area 1665 to 1685
Changed rank Al Dietz SF_Bay_Area 1666 to 1686
Changed rank Andy Pfeiffer SF_Bay_Area 1667 to 1687
Changed rank Julien Phalip SF_Bay_Area 1668 to 1688
Changed rank Dana LaMastra SF_Bay_Area 1669 to 1689
Changed rank Paul Dolan SF_Bay_Area 1670 to 1690
Changed rank Jerry Hitchcock SF_Bay_Area 1671 to 1691
Changed rank michael roberts SF_Bay_Area 1672 to 1692
Changed rank Mark Johnson SF_Bay_Area 1673 to 1693
Changed rank Colin Daw SF_Bay_Area 1674 to 1694
Changed rank Alex Brown SF_Bay_Area 1675 to 1695
Changed rank Bob Daw SF_Bay_Area 1676 to 1696
Changed rank Tim Cole SF_Bay_Area 1677 to 1697
Changed rank JG D SF_Bay_Area 1678 to 1698
Changed rank Jeff Scott SF_Bay_Area 1679 to 1699
Changed rank Clive Walker SF_Bay_Area 1680 to 1700
Changed rank Dana  TM SF_Bay_Area 1681 to 1701
Changed rank James Bikes Green SF_Bay_Area 1682 to 1702
Changed rank todd Lattin SF_Bay_Area 1683 to 1703
Changed rank Lisa Ruder SF_Bay_Area 1684 to 1704
Changed rank Kyle Beikirch SF_Bay_Area 1685 to 1705
Changed rank Andrew Valentine SF_Bay_Area 1686 to 1706
Changed rank Mike Galarza SF_Bay_Area 1687 to 1707
Changed rank mayo suyat SF_Bay_Area 1688 to 1708
Changed rank Eric Helbush SF_Bay_Area 1689 to 1709
Changed rank erik andrejko SF_Bay_Area 1690 to 1710
Changed rank Nicholas Smith SF_Bay_Area 1691 to 1711
Changed rank Wagner Sousa SF_Bay_Area 1692 to 1712
Changed rank spoons . SF_Bay_Area 1693 to 1713
Changed rank Paul Capewell SF_Bay_Area 1694 to 1714
Changed rank Michelle Swantek SF_Bay_Area 1695 to 1715
Changed rank Adrian Brinton SF_Bay_Area 1696 to 1716
Changed rank Marisa Woodley SF_Bay_Area 1697 to 1717
Changed rank Coach Don Williams SF_Bay_Area 1698 to 1718
Changed rank hani juha SF_Bay_Area 1699 to 1719
Changed rank Jesus Guijarro SF_Bay_Area 1700 to 1720
Changed rank Stephano Pantolli SF_Bay_Area 1701 to 1721
Changed rank John Wallace SF_Bay_Area 1702 to 1722
Changed rank Christina Pascarzi SF_Bay_Area 1703 to 1723
Changed rank Stephen Wickland SF_Bay_Area 1704 to 1724
Changed rank Erik Dabel SF_Bay_Area 1705 to 1725
Changed rank Ted Ketai SF_Bay_Area 1706 to 1726
Changed rank Jeff DuBois SF_Bay_Area 1707 to 1727
Changed rank Ben Wallace SF_Bay_Area 1708 to 1728
Changed rank Mark Foster SF_Bay_Area 1709 to 1729
Changed rank Steve Mawhinney SF_Bay_Area 1710 to 1730
Changed rank Kevin Ruud SF_Bay_Area 1711 to 1731
Changed rank G T SF_Bay_Area 1712 to 1732
Changed rank Daniel Considine SF_Bay_Area 1713 to 1733
Changed rank Ed Schaffer SF_Bay_Area 1714 to 1734
Changed rank Dennis Dizon SF_Bay_Area 1715 to 1735
Changed rank Bryan Tibbs SF_Bay_Area 1716 to 1736
Changed rank Chuck Dulken SF_Bay_Area 1717 to 1737
Changed rank Michael Hannaford SF_Bay_Area 1718 to 1738
Changed rank Jisi Guo SF_Bay_Area 1719 to 1739
Changed rank sean honda SF_Bay_Area 1720 to 1740
Changed rank Laurie Kramer SF_Bay_Area 1721 to 1741
Changed rank Simon Ellis SF_Bay_Area 1722 to 1742
Changed rank Enrique Pasos SF_Bay_Area 1723 to 1743
Changed rank Danny Smith SF_Bay_Area 1724 to 1744
Changed rank Simon Wright SF_Bay_Area 1725 to 1745
Changed rank Wade Strauss SF_Bay_Area 1726 to 1746
Changed rank Lukas Camra SF_Bay_Area 1727 to 1747
Changed rank todd smith SF_Bay_Area 1728 to 1748
Changed rank Matt Stauffer SF_Bay_Area 1729 to 1749
Changed rank Carl Owada SF_Bay_Area 1730 to 1750
Changed rank Sue Moerer SF_Bay_Area 1731 to 1751
Changed rank Daniel Kaplan SF_Bay_Area 1732 to 1752
Changed rank Jolene  Lu SF_Bay_Area 1733 to 1753
Changed rank Bob Corman SF_Bay_Area 1734 to 1754
Changed rank Phill Hight SF_Bay_Area 1735 to 1755
Changed rank Mike Wan SF_Bay_Area 1736 to 1756
Changed rank Vuchko Jebina SF_Bay_Area 1737 to 1757
Changed rank Willem V SF_Bay_Area 1738 to 1758
Changed rank Mf N SF_Bay_Area 1739 to 1759
Changed rank Mike Gordon SF_Bay_Area 1740 to 1760
Changed rank Jason Ross SF_Bay_Area 1741 to 1761
Changed rank Brian Gates SF_Bay_Area 1742 to 1762
Changed rank Jeff Williams SF_Bay_Area 1743 to 1763
Changed rank Matt Wolpin SF_Bay_Area 1744 to 1764
Changed rank John Holm SF_Bay_Area 1745 to 1765
Changed rank Melissa Chalot SF_Bay_Area 1746 to 1766
Changed rank Scott Penzarella SF_Bay_Area 1747 to 1767
Changed rank Martin Coronel SF_Bay_Area 1748 to 1768
Changed rank Nicolas Bock SF_Bay_Area 1749 to 1769
Changed rank Mark Pryor SF_Bay_Area 1750 to 1770
Changed rank Steve McClanahan SF_Bay_Area 1751 to 1771
Changed rank Laurențiu Dascălu SF_Bay_Area 1752 to 1772
Changed rank Kyle Swartz SF_Bay_Area 1753 to 1773
Changed rank david nelson SF_Bay_Area 1754 to 1774
Changed rank bob luxenberg SF_Bay_Area 1755 to 1775
Changed rank Jun A SF_Bay_Area 1756 to 1776
Changed rank Quintin Mecke SF_Bay_Area 1757 to 1777
Changed rank Roy Reichwein SF_Bay_Area -1 to 1778
Changed rank Gerald Rooney SF_Bay_Area 1758 to 1779
Changed rank Josh Seaman  SF_Bay_Area 1759 to 1780
Changed rank Steve Dorsey SF_Bay_Area 1760 to 1781
Changed rank Garrick Heuer SF_Bay_Area 1761 to 1782
Changed rank Levi Sommer SF_Bay_Area 1762 to 1783
Changed rank James De Jesus SF_Bay_Area 1763 to 1784
Changed rank Dave Pechner SF_Bay_Area -1 to 1785
Changed rank Phil Tercero SF_Bay_Area 1764 to 1786
Changed rank Charlie Cunningham SF_Bay_Area 1765 to 1787
Changed rank Maureen Gaffney SF_Bay_Area 1766 to 1788
Changed rank Vita Sekerka SF_Bay_Area 1767 to 1789
Changed rank Heat Map SF_Bay_Area 1768 to 1790
Changed rank DAVID FOWLER SF_Bay_Area 1769 to 1791
Changed rank jessica chan :) SF_Bay_Area 1770 to 1792
Changed rank Jeff Hall SF_Bay_Area 1771 to 1793
Changed rank Ryan LaBarre SF_Bay_Area 1772 to 1794
Changed rank Brahim Satoutah SF_Bay_Area 1773 to 1795
Changed rank Alexandra Augustin SF_Bay_Area 1774 to 1796
Changed rank Hon Li SF_Bay_Area 1776 to 1797
Changed rank Michael Yamada SF_Bay_Area 1777 to 1798
Changed rank Jim Rowland SF_Bay_Area 1778 to 1799
Changed rank Corey Siegel SF_Bay_Area 1779 to 1800
Changed rank Matt Kihlthau SF_Bay_Area 1780 to 1801
Changed rank Steve Hainlen SF_Bay_Area 1781 to 1802
Changed rank Peter Hottenstein SF_Bay_Area 1782 to 1803
Changed rank Scott Niedzwiecki SF_Bay_Area 1783 to 1804
Changed rank Bruce Garretson SF_Bay_Area 1784 to 1805
Changed rank Sarah Burke SF_Bay_Area 1785 to 1806
Changed rank Benjamin Hornberger SF_Bay_Area 1786 to 1807
Changed rank Martin Kemnec SF_Bay_Area 1787 to 1808
Changed rank Ed Thomas SF_Bay_Area 1788 to 1809
Changed rank Sean Seng SF_Bay_Area 1789 to 1810
Changed rank Daniel Roberts SF_Bay_Area 1790 to 1811
Changed rank ryan morris SF_Bay_Area 1791 to 1812
Changed rank Bridgette Lery SF_Bay_Area 1792 to 1813
Changed rank Chris Jones SF_Bay_Area 1793 to 1814
Changed rank pradeep bisht SF_Bay_Area 1794 to 1815
Changed rank John Hopwood SF_Bay_Area 1795 to 1816
Changed rank clay stark SF_Bay_Area 1796 to 1817
Changed rank shiloh ballard SF_Bay_Area 1797 to 1818
Changed rank Paula Galvez-Anzano SF_Bay_Area 1798 to 1819
Changed rank agustin fonts SF_Bay_Area 1799 to 1820
Changed rank Cameron Stewart SF_Bay_Area 1800 to 1821
Changed rank Leah Toeniskoetter SF_Bay_Area 1801 to 1822
Changed rank Kim Heiser SF_Bay_Area 1802 to 1823
Changed rank Chris Dunn SF_Bay_Area 1803 to 1824
Changed rank Patrick Wolf SF_Bay_Area 1804 to 1825
Changed rank Tera Muir SF_Bay_Area 1805 to 1826
Changed rank Jaciara Mello SF_Bay_Area 1806 to 1827
Changed rank Anthony Tran SF_Bay_Area 1807 to 1828
Changed rank P O R T O > SF_Bay_Area 1808 to 1829
Changed rank Brandon Ray SF_Bay_Area 1809 to 1830
Changed rank Jeff Dickison SF_Bay_Area 1810 to 1831
Changed rank Maria L SF_Bay_Area 1811 to 1832
Changed rank Ted Macauley SF_Bay_Area 1812 to 1833
Changed rank Barry Zuckerman SF_Bay_Area 1813 to 1834
Changed rank Ichy Bunghole SF_Bay_Area 1814 to 1835
Changed rank Jesse Avery SF_Bay_Area 1815 to 1836
Changed rank Gina Lapekas SF_Bay_Area 1816 to 1837
Changed rank Alexander Aprelev SF_Bay_Area 1817 to 1838
Changed rank chris schilling SF_Bay_Area 1818 to 1839
Changed rank Steven Scott SF_Bay_Area 1819 to 1840
Changed rank Sean Macnew SF_Bay_Area 1820 to 1841
Changed rank Eamon O'Gorman SF_Bay_Area 1821 to 1842
Changed rank Sonny Cubillo SF_Bay_Area 1822 to 1843
Changed rank Spencer Fast SF_Bay_Area 1823 to 1844
Changed rank Michael  Delgado SF_Bay_Area 1824 to 1845
Changed rank Alexander Kolliopoulos SF_Bay_Area 1825 to 1846
Changed rank Grace Jehan SF_Bay_Area 1826 to 1847
Changed rank Meredith Zaccherio SF_Bay_Area 1827 to 1848
Changed rank Gregg Westbrook SF_Bay_Area 1828 to 1849
Changed rank Kevin So SF_Bay_Area 1829 to 1850
Changed rank Brian Birkeland SF_Bay_Area 1830 to 1851
Changed rank Drake Hawthorne SF_Bay_Area 1831 to 1852
Changed rank david shirley SF_Bay_Area 1832 to 1853
Changed rank Eric Keller SF_Bay_Area 1833 to 1854
Changed rank Michael Bowen SF_Bay_Area 1834 to 1855
Changed rank Johanna Lelke SF_Bay_Area 1835 to 1856
Changed rank Daniel Ramirez SF_Bay_Area 1836 to 1857
Changed rank Alex Loera German SF_Bay_Area 1837 to 1858
Changed rank John Brain SF_Bay_Area 1838 to 1859
Changed rank Kevin Eisele SF_Bay_Area 1839 to 1860
Changed rank Susie Caulfield SF_Bay_Area 1840 to 1861
Changed rank Michelle Riconscente SF_Bay_Area 1841 to 1862
Changed rank Adam Viele SF_Bay_Area 1842 to 1863
Changed rank Sam Kimbrel SF_Bay_Area 1843 to 1864
Changed rank Dave Grundfest IV SF_Bay_Area 1844 to 1865
Changed rank Mark Emambakhsh SF_Bay_Area 1845 to 1866
Changed rank Mike V SF_Bay_Area 1846 to 1867
Changed rank Marek Dutkiewicz SF_Bay_Area 1847 to 1868
Changed rank Michael Brockway SF_Bay_Area 1848 to 1869
Changed rank Nate Are SF_Bay_Area 1849 to 1870
Changed rank Mike Deee SF_Bay_Area 1850 to 1871
Changed rank Steven Forshay SF_Bay_Area 1851 to 1872
Changed rank Vincent Toribio SF_Bay_Area 1852 to 1873
Changed rank Johnnie R. SF_Bay_Area 1853 to 1874
Changed rank brian tong SF_Bay_Area 1854 to 1875
Changed rank Michael Parish SF_Bay_Area 1855 to 1876
Changed rank Steve Jones SF_Bay_Area 1856 to 1877
Changed rank Mashin Mark SF_Bay_Area 1857 to 1878
Changed rank Adrian Palenchar SF_Bay_Area 1858 to 1879
Changed rank Colleen Ruddock SF_Bay_Area 1859 to 1880
Changed rank John Fyson SF_Bay_Area 1860 to 1881
Changed rank Joseph De Guzman SF_Bay_Area 1861 to 1882
Changed rank jeff baldwin SF_Bay_Area 1862 to 1883
Changed rank Andrew Tuthill SF_Bay_Area 1863 to 1884
Changed rank slo mo SF_Bay_Area 1864 to 1885
Changed rank Craig Moerer SF_Bay_Area 1865 to 1886
Changed rank Henrik Alpers SF_Bay_Area 1866 to 1887
Changed rank Eric Schiller SF_Bay_Area 1867 to 1888
Changed rank Bronwen Lacey SF_Bay_Area 1868 to 1889
Changed rank ken krueger SF_Bay_Area 1869 to 1890
Changed rank Chris Kelly SF_Bay_Area 1870 to 1891
Changed rank Steve D SF_Bay_Area 1871 to 1892
Changed rank Paul Garcia SF_Bay_Area 1872 to 1893
Changed rank Diana Kaempfer SF_Bay_Area 1873 to 1894
Changed rank Zachary Davenport SF_Bay_Area 1874 to 1895
Changed rank Ben Clarke SF_Bay_Area 1875 to 1896
Changed rank Reggie Ponio SF_Bay_Area 1876 to 1897
Changed rank ej milhausen SF_Bay_Area 1877 to 1898
Changed rank RICHARD MARSHALL SF_Bay_Area 1878 to 1899
Changed rank Marc Rochman SF_Bay_Area 1879 to 1900
Changed rank Bob Liles SF_Bay_Area 1880 to 1901
Changed rank Bonnie Fainman SF_Bay_Area 1881 to 1902
Changed rank Martijn Hemelrijk SF_Bay_Area 1882 to 1903
Changed rank David Hernandez SF_Bay_Area 1883 to 1904
Changed rank Robert Wisecarver SF_Bay_Area 1884 to 1905
Changed rank richard meese SF_Bay_Area 1885 to 1906
Changed rank Pom Green SF_Bay_Area 1886 to 1907
Changed rank William Bir SF_Bay_Area 1887 to 1908
Changed rank Mustafa Alami SF_Bay_Area 1888 to 1909
Changed rank Andrew Wright SF_Bay_Area 1889 to 1910
Changed rank Liam Miller-Cushon  SF_Bay_Area 1890 to 1911
Changed rank John Daker SF_Bay_Area 1891 to 1912
Changed rank Romanas Z. SF_Bay_Area 2086 to 1913
Changed rank Darryl Knudsen SF_Bay_Area 1892 to 1914
Changed rank li senes SF_Bay_Area 1893 to 1915
Changed rank Dan Vitale SF_Bay_Area 1894 to 1916
Changed rank Chad Herrington SF_Bay_Area 1895 to 1917
Changed rank Mercedes  Sousa SF_Bay_Area 1896 to 1918
Changed rank Michael Vetterli SF_Bay_Area 1897 to 1919
Changed rank Mark Pisaro SF_Bay_Area 1898 to 1920
Changed rank Nico Raffo SF_Bay_Area 1899 to 1921
Changed rank Doug Rawson SF_Bay_Area 2335 to 1922
Changed rank Mike Skalnik SF_Bay_Area 1900 to 1923
Changed rank Carol  Alexander SF_Bay_Area 1901 to 1924
Changed rank Bruce Tompkins SF_Bay_Area -1 to 1925
Changed rank Gerald Char SF_Bay_Area 1902 to 1926
Changed rank Jack V SF_Bay_Area 1903 to 1927
Changed rank Mike W SF_Bay_Area 1904 to 1928
Changed rank Andrew Crawford SF_Bay_Area 1905 to 1929
Changed rank David Kastner SF_Bay_Area 1906 to 1930
Changed rank joaquin bikes SF_Bay_Area 1962 to 1931
Changed rank Shanna Sauer SF_Bay_Area 1907 to 1932
Changed rank Steve Bursley SF_Bay_Area 1908 to 1933
Changed rank Seth Bishop SF_Bay_Area 1909 to 1934
Changed rank April Rosten SF_Bay_Area 1910 to 1935
Changed rank Antti Hattara SF_Bay_Area 1911 to 1936
Changed rank christoph buecker SF_Bay_Area 1912 to 1937
Changed rank Todd Newsham SF_Bay_Area 1913 to 1938
Changed rank Noah Danyon SF_Bay_Area 1914 to 1939
Changed rank frank sauk SF_Bay_Area 1915 to 1940
Changed rank Mathew Bittleston SF_Bay_Area 1916 to 1941
Changed rank Andy Linn SF_Bay_Area 1917 to 1942
Changed rank Bernardo Tapia SF_Bay_Area 1918 to 1943
Changed rank Chris Douglas SF_Bay_Area 1919 to 1944
Changed rank Mat Beer SF_Bay_Area 1920 to 1945
Changed rank Dave DeBisschop SF_Bay_Area 1921 to 1946
Changed rank Stephen Held SF_Bay_Area 1922 to 1947
Changed rank Charles Ho SF_Bay_Area 1923 to 1948
Changed rank Randi Gold SF_Bay_Area 1924 to 1949
Changed rank Steve Harshbarger SF_Bay_Area 1925 to 1950
Changed rank Sylvie Maxwell SF_Bay_Area 1926 to 1951
Changed rank Rick Sinclair SF_Bay_Area 1927 to 1952
Changed rank Mike Wood SF_Bay_Area 1928 to 1953
Changed rank Koji Felton SF_Bay_Area 1929 to 1954
Changed rank Mark Meyers SF_Bay_Area 1930 to 1955
Changed rank Mike Vickery SF_Bay_Area 1931 to 1956
Changed rank Brian Johnson SF_Bay_Area 1932 to 1957
Changed rank Jay Courant SF_Bay_Area 1933 to 1958
Changed rank Alyosha Verzhbinsky SF_Bay_Area 1934 to 1959
Changed rank Chris Markus SF_Bay_Area 1935 to 1960
Changed rank Duc Le SF_Bay_Area 1936 to 1961
Changed rank Mario Wilson SF_Bay_Area 1937 to 1962
Changed rank mike minerva SF_Bay_Area 1938 to 1963
Changed rank Sean F SF_Bay_Area 1939 to 1964
Changed rank David Andrews SF_Bay_Area 1940 to 1965
Changed rank Hard Drive SF_Bay_Area 1941 to 1966
Changed rank Vladimir Subbotin SF_Bay_Area 1942 to 1967
Changed rank Mel Dutkiewicz SF_Bay_Area 1943 to 1968
Changed rank Ken Gamble SF_Bay_Area 1944 to 1969
Changed rank Michael Armida SF_Bay_Area 1945 to 1970
Changed rank Gary R SF_Bay_Area 1946 to 1971
Changed rank Scott MacDonald SF_Bay_Area 1947 to 1972
Changed rank Pierre Barthelemy SF_Bay_Area 1948 to 1973
Changed rank Arnel Dionisio SF_Bay_Area 1949 to 1974
Changed rank christopher rea SF_Bay_Area 1950 to 1975
Changed rank Greg Greenman SF_Bay_Area 1951 to 1976
Changed rank Jeff Greene SF_Bay_Area 1952 to 1977
Changed rank al N. SF_Bay_Area 1953 to 1978
Changed rank Mark Gaydos SF_Bay_Area 1954 to 1979
Changed rank Jessica Ludy SF_Bay_Area 1955 to 1980
Changed rank Bruce Roberts SF_Bay_Area 1956 to 1981
Changed rank isaac villalobos SF_Bay_Area 1957 to 1982
Changed rank Lynne Jones SF_Bay_Area 1958 to 1983
Changed rank Paul Miltenberger SF_Bay_Area 1959 to 1984
Changed rank Jess Yin SF_Bay_Area 1960 to 1985
Changed rank Alvaro Zanon Alonso SF_Bay_Area 1961 to 1986
Changed rank bradly jacobs SF_Bay_Area 1963 to 1987
Changed rank Steve Shiotsu SF_Bay_Area 1964 to 1988
Changed rank Andy  M SF_Bay_Area 1965 to 1989
Changed rank arnab b SF_Bay_Area 1966 to 1990
Changed rank Bogie Angeles SF_Bay_Area 1967 to 1991
Changed rank Frank Rodgers SF_Bay_Area 1968 to 1992
Changed rank Ramesh Brand SF_Bay_Area 1969 to 1993
Changed rank Tessa Olson SF_Bay_Area 1970 to 1994
Changed rank Damian Muzzio SF_Bay_Area 1971 to 1995
Changed rank Lindsay Bailey SF_Bay_Area 1972 to 1996
Changed rank Charlie Fineman SF_Bay_Area 1973 to 1997
Changed rank Barbara Laurenson SF_Bay_Area 1974 to 1998
Changed rank Jessica Hastings SF_Bay_Area 1975 to 1999
Changed rank Fino Nartia Jr. SF_Bay_Area 1976 to 2000
Changed rank Martin Williams SF_Bay_Area 1978 to 2001
Changed rank Alex Stepakov SF_Bay_Area 1979 to 2002
Changed rank Danny Riborozo SF_Bay_Area 1980 to 2003
Changed rank Ntinos Greveniotis SF_Bay_Area 1981 to 2004
Changed rank Freudal F SF_Bay_Area 1982 to 2005
Changed rank Diana Hellman SF_Bay_Area 1983 to 2006
Changed rank Nelson Hernandez  SF_Bay_Area 1984 to 2007
Changed rank Gail Blanco SF_Bay_Area 1985 to 2008
Changed rank ALEXANDER CHAN SF_Bay_Area 1986 to 2009
Changed rank Amalia Del Rosario SF_Bay_Area 1987 to 2010
Changed rank Michel Gebruers SF_Bay_Area 1988 to 2011
Changed rank Thomas Pisillo SF_Bay_Area 1989 to 2012
Changed rank Luan Doan SF_Bay_Area 1990 to 2013
Changed rank Junjie Bu SF_Bay_Area 1991 to 2014
Changed rank astrid schanz-garbassi SF_Bay_Area 1992 to 2015
Changed rank sara olsen SF_Bay_Area 1993 to 2016
Changed rank Francisco #UPS #FriedRice Indradjaja  SF_Bay_Area 1994 to 2017
Changed rank David Go SF_Bay_Area 1995 to 2018
Changed rank Lauren  McKennan SF_Bay_Area 1996 to 2019
Changed rank jessica mclellan SF_Bay_Area 1997 to 2020
Changed rank Matt Schmidt SF_Bay_Area 1998 to 2021
Changed rank Ken Anderson SF_Bay_Area 1999 to 2022
Changed rank Jennifer Sanders SF_Bay_Area 2000 to 2023
Changed rank Benny Garcia SF_Bay_Area 2001 to 2024
Changed rank Erik Gerlings SF_Bay_Area 2002 to 2025
Changed rank Robert Ussery SF_Bay_Area 2003 to 2026
Changed rank Bruno Acklin SF_Bay_Area 2004 to 2027
Changed rank Todd Nelson SF_Bay_Area 2005 to 2028
Changed rank David M SF_Bay_Area 2006 to 2029
Changed rank Shea Nolan SF_Bay_Area 2007 to 2030
Changed rank Ricardo S SF_Bay_Area 2008 to 2031
Changed rank Eric Freeman SF_Bay_Area 2009 to 2032
Changed rank Chaoshih Liu SF_Bay_Area 2010 to 2033
Changed rank Brad Smith SF_Bay_Area 2011 to 2034
Changed rank Bruce Anderson SF_Bay_Area 2012 to 2035
Changed rank Toni Lum SF_Bay_Area 2013 to 2036
Changed rank Ilya Weber SF_Bay_Area 2014 to 2037
Changed rank Andrew Delgado SF_Bay_Area 2085 to 2038
Changed rank Patrick Brahney SF_Bay_Area 2015 to 2039
Changed rank Charles McCaffery SF_Bay_Area 2016 to 2040
Changed rank David Lozes SF_Bay_Area 2017 to 2041
Changed rank Jeff Owens SF_Bay_Area 2018 to 2042
Changed rank Nick Shain SF_Bay_Area 2019 to 2043
Changed rank sean maloney SF_Bay_Area 2020 to 2044
Changed rank Ralph Nevarez SF_Bay_Area 2021 to 2045
Changed rank Nina Giraudo SF_Bay_Area 2022 to 2046
Changed rank DiabloScott Д SF_Bay_Area 2023 to 2047
Changed rank Kathy Rapmund SF_Bay_Area 2024 to 2048
Changed rank Ian H SF_Bay_Area 2025 to 2049
Changed rank Jordan Werner SF_Bay_Area 2026 to 2050
Changed rank Patty Fitzgibbons SF_Bay_Area 2027 to 2051
Changed rank Roko Kruze SF_Bay_Area 2028 to 2052
Changed rank Alex Wilbanks SF_Bay_Area 2029 to 2053
Changed rank Tim Schacher SF_Bay_Area 2030 to 2054
Changed rank Timothy Denney SF_Bay_Area 2031 to 2055
Changed rank Mark Bruels SF_Bay_Area 2032 to 2056
Changed rank Dan Diephouse SF_Bay_Area 2033 to 2057
Changed rank Arjen Hartog SF_Bay_Area 2034 to 2058
Changed rank sutton trout SF_Bay_Area 2035 to 2059
Changed rank Surfer 6 SF_Bay_Area 2036 to 2060
Changed rank Randy Livingston SF_Bay_Area 2037 to 2061
Changed rank C Lo SF_Bay_Area 2038 to 2062
Changed rank Ken Wan SF_Bay_Area 2039 to 2063
Changed rank Dwight Martin SF_Bay_Area 2040 to 2064
Changed rank Marcie Palmer SF_Bay_Area 2041 to 2065
Changed rank John Beem SF_Bay_Area 2042 to 2066
Changed rank Shannon Licon SF_Bay_Area 2043 to 2067
Changed rank Lito Sag SF_Bay_Area 2044 to 2068
Changed rank Jeffrey Sacramento SF_Bay_Area 2045 to 2069
Changed rank John Wear SF_Bay_Area 2046 to 2070
Changed rank daniel montoya SF_Bay_Area 2047 to 2071
Changed rank Ken Shimojima SF_Bay_Area 2048 to 2072
Changed rank Michelle Hornberger SF_Bay_Area 2049 to 2073
Changed rank Lance Oldstrong SF_Bay_Area 2050 to 2074
Changed rank Dave Whoami SF_Bay_Area 2051 to 2075
Changed rank Hadrian Klinkner SF_Bay_Area 2052 to 2076
Changed rank Matt Kanter SF_Bay_Area 2053 to 2077
Changed rank David Fisch SF_Bay_Area 2054 to 2078
Changed rank Ian Prince-Lucero SF_Bay_Area 2055 to 2079
Changed rank Gordon Lai SF_Bay_Area 2056 to 2080
Changed rank John Maniquis SF_Bay_Area 2057 to 2081
Changed rank John Becker SF_Bay_Area 2058 to 2082
Changed rank b shinsky SF_Bay_Area -1 to 2083
Changed rank Bumha L SF_Bay_Area 2059 to 2084
Changed rank Tom Pennington SF_Bay_Area 2060 to 2085
Changed rank Richard Sepp SF_Bay_Area 2061 to 2086
Changed rank Phil L SF_Bay_Area 2062 to 2087
Changed rank Bruno Giacomelli SF_Bay_Area 2063 to 2088
Changed rank Amandine B. SF_Bay_Area 2064 to 2089
Changed rank Christopher Hale SF_Bay_Area 2065 to 2090
Changed rank Mark Winding SF_Bay_Area 2066 to 2091
Changed rank Steven Popper SF_Bay_Area 2067 to 2092
Changed rank Matthew Forrester SF_Bay_Area 2068 to 2093
Changed rank Bob Ward SF_Bay_Area 2069 to 2094
Changed rank Sarn Oliver SF_Bay_Area 2070 to 2095
Changed rank Brian Aldrich SF_Bay_Area 2071 to 2096
Changed rank Ryan Graff SF_Bay_Area 2072 to 2097
Changed rank James Han SF_Bay_Area 2073 to 2098
Changed rank Rick Abercrombie SF_Bay_Area 2074 to 2099
Changed rank peter luber SF_Bay_Area 2075 to 2100
Changed rank Bob Schwartz SF_Bay_Area 2076 to 2101
Changed rank Orion Litzau SF_Bay_Area 2077 to 2102
Changed rank Kevin L-F SF_Bay_Area 2078 to 2103
Changed rank David Spath SF_Bay_Area 2079 to 2104
Changed rank Anthony López SF_Bay_Area 2080 to 2105
Changed rank sarah schenk SF_Bay_Area 2081 to 2106
Changed rank Peter Swanson SF_Bay_Area 2082 to 2107
Changed rank Robot Nik SF_Bay_Area 2083 to 2108
Changed rank Andy Lieberman SF_Bay_Area 2084 to 2109
Changed rank Cara O'Shell SF_Bay_Area 2087 to 2110
Changed rank Ronell Mallari SF_Bay_Area 2088 to 2111
Changed rank Brad Nelson SF_Bay_Area 2089 to 2112
Changed rank Sarah Syed SF_Bay_Area 2090 to 2113
Changed rank Anthony Ricalde SF_Bay_Area 2091 to 2114
Changed rank Alan Ptak SF_Bay_Area 2092 to 2115
Changed rank joe sullivan SF_Bay_Area 2093 to 2116
Changed rank Doug Bauer SF_Bay_Area 2094 to 2117
Changed rank Grant Fukui SF_Bay_Area 2095 to 2118
Changed rank Ronald Magcauas SF_Bay_Area 2096 to 2119
Changed rank Keith Buckingham SF_Bay_Area 2097 to 2120
Changed rank John Saranto M.D. SF_Bay_Area 2098 to 2121
Changed rank Scott W SF_Bay_Area 2099 to 2122
Changed rank Menon Dela Cruz SF_Bay_Area 2100 to 2123
Changed rank Jeff Rossel SF_Bay_Area 2101 to 2124
Changed rank Nancy Morrow SF_Bay_Area 2102 to 2125
Changed rank Jeff Anhalt SF_Bay_Area 2103 to 2126
Changed rank Michael Peltier SF_Bay_Area 2104 to 2127
Changed rank Ed Middlesworth SF_Bay_Area 2105 to 2128
Changed rank Dean Achelis SF_Bay_Area 2106 to 2129
Changed rank Laurie Bauer SF_Bay_Area 2107 to 2130
Changed rank Tony Rall SF_Bay_Area 2108 to 2131
Changed rank Kyle Adkins SF_Bay_Area 2109 to 2132
Changed rank Tim O'Brien SF_Bay_Area 2110 to 2133
Changed rank John Marko SF_Bay_Area 2111 to 2134
Changed rank Stephen Arod Shirreffs SF_Bay_Area 2112 to 2135
Changed rank Jeanne DeWitt SF_Bay_Area 2113 to 2136
Changed rank Matthew Elkins SF_Bay_Area 2114 to 2137
Changed rank Paul Henderson SF_Bay_Area 2115 to 2138
Changed rank Eileen H SF_Bay_Area 2116 to 2139
Changed rank Cristopher Atud SF_Bay_Area 2117 to 2140
Changed rank Bob orbase SF_Bay_Area 2118 to 2141
Changed rank NinjaJeff Strong SF_Bay_Area 2119 to 2142
Changed rank Michael Bardin SF_Bay_Area 2120 to 2143
Changed rank Squidracing 16 SF_Bay_Area 2121 to 2144
Changed rank Stéphane Denerolle SF_Bay_Area 2122 to 2145
Changed rank Ke Wang SF_Bay_Area 2123 to 2146
Changed rank Jean-Pierre Lochman SF_Bay_Area 2124 to 2147
Changed rank Michael L SF_Bay_Area 2125 to 2148
Changed rank Redboy Amagna SF_Bay_Area 2126 to 2149
Changed rank Carlito Tuason SF_Bay_Area 2127 to 2150
Changed rank Adam Morton SF_Bay_Area 2128 to 2151
Changed rank David Q SF_Bay_Area 2129 to 2152
Changed rank Bonnie F SF_Bay_Area 2130 to 2153
Changed rank Peg Miller SF_Bay_Area 2131 to 2154
Changed rank Liz Zard SF_Bay_Area 2132 to 2155
Changed rank Henry G SF_Bay_Area 2133 to 2156
Changed rank Martin Carballo SF_Bay_Area 2134 to 2157
Changed rank Nick Nguyen SF_Bay_Area 2135 to 2158
Changed rank Kurt Scholtens SF_Bay_Area 2136 to 2159
Changed rank Alicia King SF_Bay_Area 2137 to 2160
Changed rank Carson Miller SF_Bay_Area 2138 to 2161
Changed rank Jeff Mock SF_Bay_Area 2139 to 2162
Changed rank Brian Chiu SF_Bay_Area 2140 to 2163
Changed rank Dave Lively SF_Bay_Area 2141 to 2164
Changed rank J . L Zepeda SF_Bay_Area 2142 to 2165
Changed rank Mack Bell SF_Bay_Area 2143 to 2166
Changed rank Bob Doust SF_Bay_Area 2144 to 2167
Changed rank Lupe Perez SF_Bay_Area 2145 to 2168
Changed rank rachel baker SF_Bay_Area 2146 to 2169
Changed rank Kathy N SF_Bay_Area 2147 to 2170
Changed rank Russell Ziegler SF_Bay_Area 2148 to 2171
Changed rank Lisa Picard SF_Bay_Area 2149 to 2172
Changed rank Emmanuel Laffon SF_Bay_Area 2150 to 2173
Changed rank Sarah D'Angelo SF_Bay_Area 2151 to 2174
Changed rank Yeti Chaser SF_Bay_Area 2152 to 2175
Changed rank Jeff Chern SF_Bay_Area 2153 to 2176
Changed rank Nicole Datlen SF_Bay_Area 2154 to 2177
Changed rank Michael Spegar SF_Bay_Area 2155 to 2178
Changed rank Stephanie Briggs SF_Bay_Area 2156 to 2179
Changed rank Todd Curtis SF_Bay_Area -1 to 2180
Changed rank Mike Freedman SF_Bay_Area 2157 to 2181
Changed rank Robert Kay SF_Bay_Area 2158 to 2182
Changed rank Vu Doo SF_Bay_Area 2159 to 2183
Changed rank Sandy Bergan SF_Bay_Area 2160 to 2184
Changed rank Joey Nelson SF_Bay_Area 2161 to 2185
Changed rank Moses sf SF_Bay_Area 2162 to 2186
Changed rank Tom Luzod SF_Bay_Area 2163 to 2187
Changed rank Zachary Thwaits SF_Bay_Area 2164 to 2188
Changed rank Neal Benowitz SF_Bay_Area 2165 to 2189
Changed rank Mark Fordney SF_Bay_Area 2166 to 2190
Changed rank brian tjaden SF_Bay_Area 2167 to 2191
Changed rank Jeremy Meigs SF_Bay_Area 2168 to 2192
Changed rank Lawrence Donovan SF_Bay_Area 2169 to 2193
Changed rank Mark Nienberg SF_Bay_Area 2170 to 2194
Changed rank Zach Kemp SF_Bay_Area 2171 to 2195
Changed rank Juan Caicedo SF_Bay_Area 2172 to 2196
Changed rank Juan Barreto SF_Bay_Area 2173 to 2197
Changed rank Polly Bechtold SF_Bay_Area 2174 to 2198
Changed rank Alex Chan SF_Bay_Area 2175 to 2199
Changed rank Rick Kenney SF_Bay_Area 2176 to 2200
Changed rank Randy Rosales SF_Bay_Area 2177 to 2201
Changed rank Tal Schwartz SF_Bay_Area 2178 to 2202
Changed rank David Fryauf SF_Bay_Area 2179 to 2203
Changed rank Ben Fox SF_Bay_Area 2180 to 2204
Changed rank Natascha Kagarlitska SF_Bay_Area 2181 to 2205
Changed rank Christa St. Cyr SF_Bay_Area 2182 to 2206
Changed rank Aron Digumarthi SF_Bay_Area 2183 to 2207
Changed rank Rusty Greer SF_Bay_Area 2184 to 2208
Changed rank Steve Forster SF_Bay_Area 2185 to 2209
Changed rank Shar Haddadin SF_Bay_Area 2186 to 2210
Changed rank ethan brown SF_Bay_Area 2187 to 2211
Changed rank Kyle Prusso, DC SF_Bay_Area 2188 to 2212
Changed rank Felix Brenner SF_Bay_Area 2189 to 2213
Changed rank Laurie Anderson SF_Bay_Area 2190 to 2214
Changed rank Barry Gorelick SF_Bay_Area 2191 to 2215
Changed rank Nitin C SF_Bay_Area 2192 to 2216
Changed rank Jonathan Morgan SF_Bay_Area 2193 to 2217
Changed rank Bryan Wilson SF_Bay_Area 2194 to 2218
Changed rank Kley Cardona SF_Bay_Area 2195 to 2219
Changed rank Joe Sowers SF_Bay_Area 2196 to 2220
Changed rank Ray Persico SF_Bay_Area 2197 to 2221
Changed rank Eli Bildner SF_Bay_Area 2198 to 2222
Changed rank Scott Johnson SF_Bay_Area 2199 to 2223
Changed rank david hyland SF_Bay_Area 2200 to 2224
Changed rank Michael Rodger SF_Bay_Area 2201 to 2225
Changed rank David Lentz SF_Bay_Area 2202 to 2226
Changed rank Todd Detweiler SF_Bay_Area 2203 to 2227
Changed rank Paul Brennan SF_Bay_Area 2204 to 2228
Changed rank Will Hayworth SF_Bay_Area 2205 to 2229
Changed rank Robin Heard SF_Bay_Area 2206 to 2230
Changed rank Ben Immink SF_Bay_Area 2207 to 2231
Changed rank Robert Teng SF_Bay_Area 2208 to 2232
Changed rank Sergey Vasyliev SF_Bay_Area 2209 to 2233
Changed rank Teri Gevry SF_Bay_Area 2210 to 2234
Changed rank Krista Gager SF_Bay_Area 2211 to 2235
Changed rank David Chazan SF_Bay_Area 2212 to 2236
Changed rank Stephen Lawton SF_Bay_Area 2213 to 2237
Changed rank vincent r  SF_Bay_Area 2214 to 2238
Changed rank kathy koos SF_Bay_Area 2215 to 2239
Changed rank Kirt Iverson SF_Bay_Area 2216 to 2240
Changed rank Diana Jew SF_Bay_Area 2217 to 2241
Changed rank Ricardo Loa SF_Bay_Area 2218 to 2242
Changed rank Peter Zheng SF_Bay_Area 2219 to 2243
Changed rank Christian Areas SF_Bay_Area 2220 to 2244
Changed rank Eugene Berson SF_Bay_Area 2221 to 2245
Changed rank Kashif Q SF_Bay_Area 2222 to 2246
Changed rank Jeff Marsh SF_Bay_Area 2223 to 2247
Changed rank Sam Wilson SF_Bay_Area 2224 to 2248
Changed rank sandy Schindler SF_Bay_Area 2225 to 2249
Changed rank George Aglubat SF_Bay_Area 2226 to 2250
Changed rank Keith Goodman SF_Bay_Area 2227 to 2251
Changed rank Ric Roz SF_Bay_Area 2228 to 2252
Changed rank Bob Buch SF_Bay_Area 2229 to 2253
Changed rank Chris Vandenbossche SF_Bay_Area 2230 to 2254
Changed rank alex obero SF_Bay_Area 2231 to 2255
Changed rank James Rossi SF_Bay_Area 2232 to 2256
Changed rank Evan Parry SF_Bay_Area 2233 to 2257
Changed rank Jerry Panock SF_Bay_Area 2234 to 2258
Changed rank Jih-shan Wang SF_Bay_Area 2235 to 2259
Changed rank Jerry  Cahill SF_Bay_Area 2236 to 2260
Changed rank Fernando Spadaro SF_Bay_Area 2237 to 2261
Changed rank Heidi Burt SF_Bay_Area 2238 to 2262
Changed rank Russell Jones SF_Bay_Area 2239 to 2263
Changed rank Stacy Otis SF_Bay_Area 2240 to 2264
Changed rank John Nie SF_Bay_Area 2241 to 2265
Changed rank jennifer harrison SF_Bay_Area 2242 to 2266
Changed rank Brandon White SF_Bay_Area 2243 to 2267
Changed rank Malina Galvan SF_Bay_Area 2244 to 2268
Changed rank matt scherling SF_Bay_Area 2245 to 2269
Changed rank Susan Levine SF_Bay_Area 2246 to 2270
Changed rank Bob Moore SF_Bay_Area 2247 to 2271
Changed rank Michael Rubenstein SF_Bay_Area 2248 to 2272
Changed rank Stephen Lawrence SF_Bay_Area 2249 to 2273
Changed rank Olivier Gevaert SF_Bay_Area 2250 to 2274
Changed rank Romelo Elefante SF_Bay_Area 2251 to 2275
Changed rank Aron Carroll SF_Bay_Area 2252 to 2276
Changed rank cecile riborozo SF_Bay_Area 2253 to 2277
Changed rank Bruce Anderson SF_Bay_Area 2254 to 2278
Changed rank jonathan gresley SF_Bay_Area 2255 to 2279
Changed rank Meghan Earley SF_Bay_Area 2256 to 2280
Changed rank Chris Raniere SF_Bay_Area 2257 to 2281
Changed rank Ric Rodriguez SF_Bay_Area 2258 to 2282
Changed rank Bruce Bilodeau SF_Bay_Area 2259 to 2283
Changed rank Jeff Booth SF_Bay_Area 2260 to 2284
Changed rank Terrie Fontes SF_Bay_Area 2261 to 2285
Changed rank Gordon Dinsdale SF_Bay_Area 2262 to 2286
Changed rank Jgmkskg Mountain SF_Bay_Area 2263 to 2287
Changed rank Jeff Thompson SF_Bay_Area 2264 to 2288
Changed rank Gary Clark SF_Bay_Area 2265 to 2289
Changed rank Bob Dowling SF_Bay_Area 2266 to 2290
Changed rank Bing Liu SF_Bay_Area 2267 to 2291
Changed rank Zac Bos SF_Bay_Area 2268 to 2292
Changed rank Sean Milich SF_Bay_Area 2269 to 2293
Changed rank Tim Roake SF_Bay_Area 2270 to 2294
Changed rank Luther Pugh SF_Bay_Area 2271 to 2295
Changed rank Herb Pruitt SF_Bay_Area 2272 to 2296
Changed rank Ken L SF_Bay_Area 2273 to 2297
Changed rank Christopher Brouwer SF_Bay_Area 2274 to 2298
Changed rank David Gaydon SF_Bay_Area 2275 to 2299
Changed rank Dan Hill SF_Bay_Area 2276 to 2300
Changed rank Dave Borowitz SF_Bay_Area 2277 to 2301
Changed rank Mike Krigel SF_Bay_Area 2278 to 2302
Changed rank Steve Hunter SF_Bay_Area 2279 to 2303
Changed rank Gary Solyian SF_Bay_Area 2280 to 2304
Changed rank William Yee SF_Bay_Area 2281 to 2305
Changed rank Starlynn Clarke SF_Bay_Area 2282 to 2306
Changed rank Jeff Brinkley SF_Bay_Area 2283 to 2307
Changed rank David Meghavoryan SF_Bay_Area 2284 to 2308
Changed rank Robert Keller SF_Bay_Area 2285 to 2309
Changed rank Leafy Joe SF_Bay_Area 2286 to 2310
Changed rank Greg Watson SF_Bay_Area 2287 to 2311
Changed rank Todd Claus SF_Bay_Area 2288 to 2312
Changed rank Jon Gold SF_Bay_Area 2289 to 2313
Changed rank Cordelia Link SF_Bay_Area 2290 to 2314
Changed rank Rob Edwall SF_Bay_Area 2291 to 2315
Changed rank William Menchine SF_Bay_Area 2292 to 2316
Changed rank Joel Weiss SF_Bay_Area 2293 to 2317
Changed rank Jamie Baker SF_Bay_Area 2294 to 2318
Changed rank Arjun Sudhir SF_Bay_Area 2295 to 2319
Changed rank Jacob Tanz SF_Bay_Area 2296 to 2320
Changed rank John N SF_Bay_Area 2297 to 2321
Changed rank Jim Baker SF_Bay_Area 2298 to 2322
Changed rank Kuno Wittmer - Professional race driver | Cycle Technique  SF_Bay_Area 2299 to 2323
Changed rank WILLIAM WILHITE SF_Bay_Area 2300 to 2324
Changed rank Mick Jordan SF_Bay_Area 2301 to 2325
Changed rank Tony Angelo SF_Bay_Area 2341 to 2326
Changed rank Glenn Albrecht SF_Bay_Area 2302 to 2327
Changed rank Dave McQueen SF_Bay_Area 2303 to 2328
Changed rank Shane Frykholm SF_Bay_Area 2304 to 2329
Changed rank Colin Neal SF_Bay_Area 2305 to 2330
Changed rank Doug Matsumoto SF_Bay_Area 2306 to 2331
Changed rank R Y SF_Bay_Area 2307 to 2332
Changed rank Dirk Rosen SF_Bay_Area 2308 to 2333
Changed rank Yelyzaveta Tashkevych SF_Bay_Area 2309 to 2334
Changed rank Tyler Layton SF_Bay_Area 2310 to 2335
Changed rank JC Hanley SF_Bay_Area 2311 to 2336
Changed rank Tomas Remotigue SF_Bay_Area 2312 to 2337
Changed rank Albert Meixner SF_Bay_Area 2313 to 2338
Changed rank Tora DM SF_Bay_Area 2314 to 2339
Changed rank Armen Stepanyan SF_Bay_Area 2315 to 2340
Changed rank Grace Wang SF_Bay_Area 2316 to 2341
Changed rank Art Desuyo SF_Bay_Area 2317 to 2342
Changed rank R Samuel Klatchko SF_Bay_Area 2318 to 2343
Changed rank Craig Wesner SF_Bay_Area 2319 to 2344
Changed rank Mher Mkhoyan SF_Bay_Area 2320 to 2345
Changed rank kathleen osmond SF_Bay_Area 2321 to 2346
Changed rank Alan Cookson SF_Bay_Area 2322 to 2347
Changed rank Scott Miller SF_Bay_Area 2323 to 2348
Changed rank Bob Santilli SF_Bay_Area 2324 to 2349
Changed rank Pablo Lochman SF_Bay_Area 2325 to 2350
Changed rank Jim Glosli SF_Bay_Area 2326 to 2351
Changed rank steve nelson SF_Bay_Area 2327 to 2352
Changed rank Big Gravy SF_Bay_Area 2328 to 2353
Changed rank michael huckbody SF_Bay_Area 2329 to 2354
Changed rank Maz Br SF_Bay_Area 2330 to 2355
Changed rank yirg kenya SF_Bay_Area 2331 to 2356
Changed rank Moritz Fischer SF_Bay_Area 2332 to 2357
Changed rank Susan Otto SF_Bay_Area 2333 to 2358
Changed rank The Wad SF_Bay_Area 2334 to 2359
Changed rank M Erickson SF_Bay_Area 2336 to 2360
Changed rank Thomas White SF_Bay_Area 2337 to 2361
Changed rank Andreas von Sneidern SF_Bay_Area 2338 to 2362
Changed rank Switch Bax SF_Bay_Area 2339 to 2363
Changed rank Scott McLain SF_Bay_Area 2340 to 2364
Changed rank Aaron Sanders SF_Bay_Area 2342 to 2365
Changed rank Andrew Peterson SF_Bay_Area 2343 to 2366
Changed rank Bob Barnett SF_Bay_Area 2344 to 2367
Changed rank Joanne Hoeper SF_Bay_Area 2345 to 2368
Changed rank Yao Saetern // Lost Dog Cycling SF_Bay_Area 2346 to 2369
Changed rank Frank Marotto SF_Bay_Area 2347 to 2370
Changed rank Andrew Sloper SF_Bay_Area 2348 to 2371
Changed rank Antony Wilson SF_Bay_Area 2349 to 2372
Changed rank Hiroshi Doi SF_Bay_Area 2350 to 2373
Changed rank Caiti Amin SF_Bay_Area 2351 to 2374
Changed rank Kevin Vaarsi SF_Bay_Area 2352 to 2375
Changed rank Rebecca Wall SF_Bay_Area 2353 to 2376
Changed rank Tracy Lorenz SF_Bay_Area 2354 to 2377
Changed rank Robert Shorey, DDS SF_Bay_Area 2355 to 2378
Changed rank scott shulsinger SF_Bay_Area 2356 to 2379
Changed rank Bong Ferdinand De Guzman SF_Bay_Area 2357 to 2380
Changed rank Dave Diamond SF_Bay_Area 2358 to 2381
Changed rank Vivian Tran // Lost Dog Cycling SF_Bay_Area 2359 to 2382
Changed rank Chris Hansford SF_Bay_Area 2360 to 2383
Changed rank Scott Fulton SF_Bay_Area 2361 to 2384
Changed rank Lilli Safley SF_Bay_Area 2362 to 2385
Changed rank Gary Colburn SF_Bay_Area 2363 to 2386
Changed rank Carolyn Hodge SF_Bay_Area 2364 to 2387
Changed rank Carrie Bowers SF_Bay_Area 2365 to 2388
Changed rank Dong Yi SF_Bay_Area 2366 to 2389
Changed rank Carlos  Huizar SF_Bay_Area 2367 to 2390
Changed rank YOLO Tyrf SF_Bay_Area 2368 to 2391
Changed rank J E SF_Bay_Area 2369 to 2392
Changed rank tiffeny nuti SF_Bay_Area 2370 to 2393
Changed rank Dominic Sobrepena SF_Bay_Area 2371 to 2394
Changed rank Jeff C. SF_Bay_Area 2372 to 2395
Changed rank michael lipson SF_Bay_Area 2373 to 2396
Changed rank Timothy Hyde SF_Bay_Area 2374 to 2397
Changed rank Kevin Hout SF_Bay_Area 2375 to 2398
Changed rank Jon  Hall SF_Bay_Area 2376 to 2399
Changed rank Adolfo Vocal SF_Bay_Area 2377 to 2400
Changed rank Mike Mueller SF_Bay_Area 2378 to 2401
Changed rank Matt Brant SF_Bay_Area 2379 to 2402
Changed rank frank paul SF_Bay_Area 2380 to 2403
Changed rank Gary Schmitt SF_Bay_Area 2381 to 2404
Changed rank Jay Shuler SF_Bay_Area 2382 to 2405
Changed rank Ross Schaefer SF_Bay_Area 2383 to 2406
Changed rank Grace  Ragland SF_Bay_Area 2384 to 2407
Changed rank Mariana de Brito SF_Bay_Area 2385 to 2408
Changed rank ian lowe SF_Bay_Area 2386 to 2409
Changed rank kevin Croussore SF_Bay_Area 2387 to 2410
Changed rank Drew Skau SF_Bay_Area 2388 to 2411
Changed rank jeffrey sanchez SF_Bay_Area 2389 to 2412
Changed rank Jason Lopez SF_Bay_Area 2390 to 2413
Changed rank Brett Strader SF_Bay_Area 2391 to 2414
Changed rank Dante Briones SF_Bay_Area 2392 to 2415
Changed rank Jody Radzik SF_Bay_Area 2393 to 2416
Changed rank Randall Dodgen SF_Bay_Area 2394 to 2417
Changed rank Denis Ivanov SF_Bay_Area 2395 to 2418
Changed rank Jaymie Miguel SF_Bay_Area 2396 to 2419
Changed rank Zoe Hoster SF_Bay_Area 2397 to 2420
Changed rank Joachim Rahmfeld SF_Bay_Area 2398 to 2421
Changed rank Mariya Y SF_Bay_Area 2399 to 2422
Changed rank Bruce Roberts SF_Bay_Area 2400 to 2423
Changed rank Jimmy Wiater SF_Bay_Area 2401 to 2424
Changed rank Matthew Clark SF_Bay_Area 2402 to 2425
Changed rank John Clarke SF_Bay_Area 2403 to 2426
Changed rank Dennis Harvey SF_Bay_Area 2404 to 2427
Changed rank Linda O'Heron SF_Bay_Area 2405 to 2428
Changed rank Jackie Dahlgard SF_Bay_Area 2406 to 2429
Changed rank Howard Klein SF_Bay_Area 2407 to 2430
Changed rank Steve Katz SF_Bay_Area 2408 to 2431
Changed rank Nick Borelli SF_Bay_Area 2409 to 2432
Changed rank Doug Hoffelt SF_Bay_Area 2410 to 2433
Changed rank Jeremy DesRosier SF_Bay_Area 2411 to 2434
Changed rank Samuel Sabin III SF_Bay_Area 2412 to 2435
Changed rank Edward Achtner SF_Bay_Area 2413 to 2436
Changed rank Michael Janssen SF_Bay_Area 2414 to 2437
Changed rank John Bielenberg SF_Bay_Area 2415 to 2438
Changed rank Hans Bernhardt SF_Bay_Area 2416 to 2439
Changed rank Matt Vanaman SF_Bay_Area 2417 to 2440
Changed rank Claire Hofbauer SF_Bay_Area 2418 to 2441
Changed rank Ken Green SF_Bay_Area 2419 to 2442
Changed rank Grant Stoner SF_Bay_Area 2420 to 2443
Changed rank Jeff Jungsten SF_Bay_Area 2421 to 2444
Changed rank Cheryl Claes SF_Bay_Area 2422 to 2445
Changed rank Bill Baily SF_Bay_Area 2423 to 2446
Changed rank Adam  Claes SF_Bay_Area 2424 to 2447
Changed rank Justin Huynh SF_Bay_Area 2425 to 2448
Changed rank Peter Antypas SF_Bay_Area 2426 to 2449
Changed rank Jenny Whiley SF_Bay_Area 2427 to 2450
Changed rank Ira Chin SF_Bay_Area 2428 to 2451
Changed rank Ebenezer Stiegl SF_Bay_Area 2429 to 2452
Changed rank Mary Hernandez SF_Bay_Area 2430 to 2453
Changed rank christopher henderson SF_Bay_Area 2431 to 2454
Changed rank Peter Cheng SF_Bay_Area 2432 to 2455
Changed rank Brian Wang SF_Bay_Area 2433 to 2456
Changed rank Kathy Strain SF_Bay_Area 2434 to 2457
Changed rank Joe Carlin SF_Bay_Area 2435 to 2458
Changed rank Adam Koprowski SF_Bay_Area 2436 to 2459
Changed rank Sun Burst SF_Bay_Area 2437 to 2460
Changed rank Kelly Slaven SF_Bay_Area 2438 to 2461
Changed rank Thomas Fenton SF_Bay_Area 2439 to 2462
Changed rank David Wolfe SF_Bay_Area 2440 to 2463
Changed rank Nina T SF_Bay_Area 2441 to 2464
Changed rank McCray Wimpsett SF_Bay_Area 2442 to 2465
Changed rank Base Miles SF_Bay_Area 2443 to 2466
Changed rank Roz nalos SF_Bay_Area 2444 to 2467
Changed rank kelly kruse SF_Bay_Area 2445 to 2468
Changed rank Hugh McLarnon SF_Bay_Area 2446 to 2469
Changed rank gianguido jacoli SF_Bay_Area 2447 to 2470
Changed rank tex n. SF_Bay_Area 2448 to 2471
Changed rank Connor O'Brien SF_Bay_Area -1 to 2472
Changed rank Gordon Craig SF_Bay_Area 2449 to 2473
Changed rank Karen Wiggan SF_Bay_Area 2450 to 2474
Changed rank joe  m SF_Bay_Area 2451 to 2475
Changed rank Norm Miller SF_Bay_Area 2452 to 2476
Changed rank Brad  Weisert SF_Bay_Area 2453 to 2477
Changed rank Lori Kelley SF_Bay_Area 2454 to 2478
Changed rank Bob Williams SF_Bay_Area 2455 to 2479
Changed rank Neil Smithline SF_Bay_Area 2456 to 2480
Changed rank Kristin Penick SF_Bay_Area 2457 to 2481
Changed rank Shaun Jolley SF_Bay_Area 2458 to 2482
Changed rank janice  hom / FSB Cycling Team SF_Bay_Area 2459 to 2483
Changed rank Daemon Langdon SF_Bay_Area 2460 to 2484
Changed rank Lee Hawn SF_Bay_Area 2461 to 2485
Changed rank Scott Gille SF_Bay_Area 2462 to 2486
Changed rank Vechi Hardwick SF_Bay_Area 2463 to 2487
Changed rank Stephanie Theodore SF_Bay_Area 2464 to 2488
Changed rank Ellyn Roberts SF_Bay_Area 2465 to 2489
Changed rank Carlos Vera SF_Bay_Area 2466 to 2490
Changed rank Angela Davis SF_Bay_Area 2467 to 2491
Changed rank Dale Stone SF_Bay_Area 2468 to 2492
Changed rank Stephen Grenholm SF_Bay_Area 2469 to 2493
Changed rank Senis B. Smegenis SF_Bay_Area 2470 to 2494
Changed rank kat Russell SF_Bay_Area 2471 to 2495
Changed rank B. Constrictor SF_Bay_Area 2472 to 2496
Changed rank eny calvert SF_Bay_Area 2473 to 2497
Changed rank Tona M. SF_Bay_Area 2474 to 2498
Changed rank Ollie Sansen SF_Bay_Area 2475 to 2499
Changed rank Anthony Pereira SF_Bay_Area 2476 to 2500
Changed rank Mark Melton SF_Bay_Area 2477 to 2501
Changed rank Ty Whitehead SF_Bay_Area 2478 to 2502
Changed rank Keith Honda SF_Bay_Area 2479 to 2503
Changed rank Lee Ballance SF_Bay_Area 2480 to 2504
Changed rank Kate VDB SF_Bay_Area -1 to 2505
Changed rank Patrick Moore SF_Bay_Area 2482 to 2506
Changed rank Strava Athlete SF_Bay_Area 2484 to 2507
Changed rank Dan Luther SF_Bay_Area 2485 to 2508
Changed rank Robert Blain SF_Bay_Area 2488 to 2509
Changed rank Lilly White SF_Bay_Area 2489 to 2510
Changed rank Buddy Brayson SF_Bay_Area 2490 to 2511
Changed rank Christos Tsokos SF_Bay_Area 2492 to 2512
Changed rank Bill M SF_Bay_Area 2493 to 2513
Changed rank Harry Patsch SF_Bay_Area 2495 to 2514
Changed rank Nick Yiangou SF_Bay_Area 2498 to 2515
Changed rank Marjolijn Gijsel SF_Bay_Area 2499 to 2516
Changed rank James Ng SF_Bay_Area 2500 to 2517
Changed rank Victoria Cheng SF_Bay_Area 2503 to 2518
Changed rank Elise Bigelow SF_Bay_Area 2504 to 2519
Changed rank Jesse Dalton SF_Bay_Area 2505 to 2520
Changed rank Chris Boone SF_Bay_Area 2507 to 2521
Changed rank adam nafea SF_Bay_Area 2508 to 2522
Changed rank Onur Eker SF_Bay_Area 2509 to 2523
